﻿  Determinando los proyectos que se van a restaurar...
  Todos los proyectos est├ín actualizados para la restauraci├│n.
  FAFS.Domain.Shared -> C:\Users\Santi\OneDrive\Desktop\desarrollo\desarrollo tp\App\src\FAFS.Domain.Shared\bin\Debug\net9.0\FAFS.Domain.Shared.dll
  FAFS.TestBase -> C:\Users\Santi\OneDrive\Desktop\desarrollo\desarrollo tp\App\test\FAFS.TestBase\bin\Debug\net9.0\FAFS.TestBase.dll
  FAFS.Application.Contracts -> C:\Users\Santi\OneDrive\Desktop\desarrollo\desarrollo tp\App\src\FAFS.Application.Contracts\bin\Debug\net9.0\FAFS.Application.Contracts.dll
  FAFS.HttpApi.Client -> C:\Users\Santi\OneDrive\Desktop\desarrollo\desarrollo tp\App\src\FAFS.HttpApi.Client\bin\Debug\net9.0\FAFS.HttpApi.Client.dll
  FAFS.HttpApi -> C:\Users\Santi\OneDrive\Desktop\desarrollo\desarrollo tp\App\src\FAFS.HttpApi\bin\Debug\net9.0\FAFS.HttpApi.dll
  FAFS.HttpApi.Client.ConsoleTestApp -> C:\Users\Santi\OneDrive\Desktop\desarrollo\desarrollo tp\App\test\FAFS.HttpApi.Client.ConsoleTestApp\bin\Debug\net9.0\FAFS.HttpApi.Client.ConsoleTestApp.dll
  FAFS.Domain -> C:\Users\Santi\OneDrive\Desktop\desarrollo\desarrollo tp\App\src\FAFS.Domain\bin\Debug\net9.0\FAFS.Domain.dll
  FAFS.Application -> C:\Users\Santi\OneDrive\Desktop\desarrollo\desarrollo tp\App\src\FAFS.Application\bin\Debug\net9.0\FAFS.Application.dll
  FAFS.Domain.Tests -> C:\Users\Santi\OneDrive\Desktop\desarrollo\desarrollo tp\App\test\FAFS.Domain.Tests\bin\Debug\net9.0\FAFS.Domain.Tests.dll
  FAFS.EntityFrameworkCore -> C:\Users\Santi\OneDrive\Desktop\desarrollo\desarrollo tp\App\src\FAFS.EntityFrameworkCore\bin\Debug\net9.0\FAFS.EntityFrameworkCore.dll
  FAFS.DbMigrator -> C:\Users\Santi\OneDrive\Desktop\desarrollo\desarrollo tp\App\src\FAFS.DbMigrator\bin\Debug\net9.0\FAFS.DbMigrator.dll
  FAFS.Application.Tests -> C:\Users\Santi\OneDrive\Desktop\desarrollo\desarrollo tp\App\test\FAFS.Application.Tests\bin\Debug\net9.0\FAFS.Application.Tests.dll
  FAFS.EntityFrameworkCore.Tests -> C:\Users\Santi\OneDrive\Desktop\desarrollo\desarrollo tp\App\test\FAFS.EntityFrameworkCore.Tests\bin\Debug\net9.0\FAFS.EntityFrameworkCore.Tests.dll
C:\Program Files\dotnet\sdk\9.0.304\Microsoft.Common.CurrentVersion.targets(5093,5): warning MSB3026: No se pudo copiar "C:\Users\Santi\OneDrive\Desktop\desarrollo\desarrollo tp\App\src\FAFS.Domain.Shared\bin\Debug\net9.0\FAFS.Domain.Shared.dll" en "bin\Debug\net9.0\FAFS.Domain.Shared.dll". Se iniciar├í el reintento 1 dentro de 1000ms. The process cannot access the file 'C:\Users\Santi\OneDrive\Desktop\desarrollo\desarrollo tp\App\src\FAFS.HttpApi.Host\bin\Debug\net9.0\FAFS.Domain.Shared.dll' because it is being used by another process. El archivo se ha bloqueado por: "FAFS.HttpApi.Host (8976)" [C:\Users\Santi\OneDrive\Desktop\desarrollo\desarrollo tp\App\src\FAFS.HttpApi.Host\FAFS.HttpApi.Host.csproj]
C:\Program Files\dotnet\sdk\9.0.304\Microsoft.Common.CurrentVersion.targets(5093,5): warning MSB3026: No se pudo copiar "C:\Users\Santi\OneDrive\Desktop\desarrollo\desarrollo tp\App\src\FAFS.Domain.Shared\bin\Debug\net9.0\FAFS.Domain.Shared.dll" en "bin\Debug\net9.0\FAFS.Domain.Shared.dll". Se iniciar├í el reintento 2 dentro de 1000ms. The process cannot access the file 'C:\Users\Santi\OneDrive\Desktop\desarrollo\desarrollo tp\App\src\FAFS.HttpApi.Host\bin\Debug\net9.0\FAFS.Domain.Shared.dll' because it is being used by another process. El archivo se ha bloqueado por: "FAFS.HttpApi.Host (8976)" [C:\Users\Santi\OneDrive\Desktop\desarrollo\desarrollo tp\App\src\FAFS.HttpApi.Host\FAFS.HttpApi.Host.csproj]
C:\Program Files\dotnet\sdk\9.0.304\Microsoft.Common.CurrentVersion.targets(5093,5): warning MSB3026: No se pudo copiar "C:\Users\Santi\OneDrive\Desktop\desarrollo\desarrollo tp\App\src\FAFS.Domain.Shared\bin\Debug\net9.0\FAFS.Domain.Shared.dll" en "bin\Debug\net9.0\FAFS.Domain.Shared.dll". Se iniciar├í el reintento 3 dentro de 1000ms. The process cannot access the file 'C:\Users\Santi\OneDrive\Desktop\desarrollo\desarrollo tp\App\src\FAFS.HttpApi.Host\bin\Debug\net9.0\FAFS.Domain.Shared.dll' because it is being used by another process. El archivo se ha bloqueado por: "FAFS.HttpApi.Host (8976)" [C:\Users\Santi\OneDrive\Desktop\desarrollo\desarrollo tp\App\src\FAFS.HttpApi.Host\FAFS.HttpApi.Host.csproj]
C:\Program Files\dotnet\sdk\9.0.304\Microsoft.Common.CurrentVersion.targets(5093,5): warning MSB3026: No se pudo copiar "C:\Users\Santi\OneDrive\Desktop\desarrollo\desarrollo tp\App\src\FAFS.Domain.Shared\bin\Debug\net9.0\FAFS.Domain.Shared.dll" en "bin\Debug\net9.0\FAFS.Domain.Shared.dll". Se iniciar├í el reintento 4 dentro de 1000ms. The process cannot access the file 'C:\Users\Santi\OneDrive\Desktop\desarrollo\desarrollo tp\App\src\FAFS.HttpApi.Host\bin\Debug\net9.0\FAFS.Domain.Shared.dll' because it is being used by another process. El archivo se ha bloqueado por: "FAFS.HttpApi.Host (8976)" [C:\Users\Santi\OneDrive\Desktop\desarrollo\desarrollo tp\App\src\FAFS.HttpApi.Host\FAFS.HttpApi.Host.csproj]
C:\Program Files\dotnet\sdk\9.0.304\Microsoft.Common.CurrentVersion.targets(5093,5): warning MSB3026: No se pudo copiar "C:\Users\Santi\OneDrive\Desktop\desarrollo\desarrollo tp\App\src\FAFS.Domain.Shared\bin\Debug\net9.0\FAFS.Domain.Shared.dll" en "bin\Debug\net9.0\FAFS.Domain.Shared.dll". Se iniciar├í el reintento 5 dentro de 1000ms. The process cannot access the file 'C:\Users\Santi\OneDrive\Desktop\desarrollo\desarrollo tp\App\src\FAFS.HttpApi.Host\bin\Debug\net9.0\FAFS.Domain.Shared.dll' because it is being used by another process. El archivo se ha bloqueado por: "FAFS.HttpApi.Host (8976)" [C:\Users\Santi\OneDrive\Desktop\desarrollo\desarrollo tp\App\src\FAFS.HttpApi.Host\FAFS.HttpApi.Host.csproj]
C:\Program Files\dotnet\sdk\9.0.304\Microsoft.Common.CurrentVersion.targets(5093,5): warning MSB3026: No se pudo copiar "C:\Users\Santi\OneDrive\Desktop\desarrollo\desarrollo tp\App\src\FAFS.Domain.Shared\bin\Debug\net9.0\FAFS.Domain.Shared.dll" en "bin\Debug\net9.0\FAFS.Domain.Shared.dll". Se iniciar├í el reintento 6 dentro de 1000ms. The process cannot access the file 'C:\Users\Santi\OneDrive\Desktop\desarrollo\desarrollo tp\App\src\FAFS.HttpApi.Host\bin\Debug\net9.0\FAFS.Domain.Shared.dll' because it is being used by another process. El archivo se ha bloqueado por: "FAFS.HttpApi.Host (8976)" [C:\Users\Santi\OneDrive\Desktop\desarrollo\desarrollo tp\App\src\FAFS.HttpApi.Host\FAFS.HttpApi.Host.csproj]
C:\Program Files\dotnet\sdk\9.0.304\Microsoft.Common.CurrentVersion.targets(5093,5): warning MSB3026: No se pudo copiar "C:\Users\Santi\OneDrive\Desktop\desarrollo\desarrollo tp\App\src\FAFS.Domain.Shared\bin\Debug\net9.0\FAFS.Domain.Shared.dll" en "bin\Debug\net9.0\FAFS.Domain.Shared.dll". Se iniciar├í el reintento 7 dentro de 1000ms. The process cannot access the file 'C:\Users\Santi\OneDrive\Desktop\desarrollo\desarrollo tp\App\src\FAFS.HttpApi.Host\bin\Debug\net9.0\FAFS.Domain.Shared.dll' because it is being used by another process. El archivo se ha bloqueado por: "FAFS.HttpApi.Host (8976)" [C:\Users\Santi\OneDrive\Desktop\desarrollo\desarrollo tp\App\src\FAFS.HttpApi.Host\FAFS.HttpApi.Host.csproj]
C:\Program Files\dotnet\sdk\9.0.304\Microsoft.Common.CurrentVersion.targets(5093,5): warning MSB3026: No se pudo copiar "C:\Users\Santi\OneDrive\Desktop\desarrollo\desarrollo tp\App\src\FAFS.Domain.Shared\bin\Debug\net9.0\FAFS.Domain.Shared.dll" en "bin\Debug\net9.0\FAFS.Domain.Shared.dll". Se iniciar├í el reintento 8 dentro de 1000ms. The process cannot access the file 'C:\Users\Santi\OneDrive\Desktop\desarrollo\desarrollo tp\App\src\FAFS.HttpApi.Host\bin\Debug\net9.0\FAFS.Domain.Shared.dll' because it is being used by another process. El archivo se ha bloqueado por: "FAFS.HttpApi.Host (8976)" [C:\Users\Santi\OneDrive\Desktop\desarrollo\desarrollo tp\App\src\FAFS.HttpApi.Host\FAFS.HttpApi.Host.csproj]
C:\Program Files\dotnet\sdk\9.0.304\Microsoft.Common.CurrentVersion.targets(5093,5): warning MSB3026: No se pudo copiar "C:\Users\Santi\OneDrive\Desktop\desarrollo\desarrollo tp\App\src\FAFS.Domain.Shared\bin\Debug\net9.0\FAFS.Domain.Shared.dll" en "bin\Debug\net9.0\FAFS.Domain.Shared.dll". Se iniciar├í el reintento 9 dentro de 1000ms. The process cannot access the file 'C:\Users\Santi\OneDrive\Desktop\desarrollo\desarrollo tp\App\src\FAFS.HttpApi.Host\bin\Debug\net9.0\FAFS.Domain.Shared.dll' because it is being used by another process. El archivo se ha bloqueado por: "FAFS.HttpApi.Host (8976)" [C:\Users\Santi\OneDrive\Desktop\desarrollo\desarrollo tp\App\src\FAFS.HttpApi.Host\FAFS.HttpApi.Host.csproj]
C:\Program Files\dotnet\sdk\9.0.304\Microsoft.Common.CurrentVersion.targets(5093,5): warning MSB3026: No se pudo copiar "C:\Users\Santi\OneDrive\Desktop\desarrollo\desarrollo tp\App\src\FAFS.Domain.Shared\bin\Debug\net9.0\FAFS.Domain.Shared.dll" en "bin\Debug\net9.0\FAFS.Domain.Shared.dll". Se iniciar├í el reintento 10 dentro de 1000ms. The process cannot access the file 'C:\Users\Santi\OneDrive\Desktop\desarrollo\desarrollo tp\App\src\FAFS.HttpApi.Host\bin\Debug\net9.0\FAFS.Domain.Shared.dll' because it is being used by another process. El archivo se ha bloqueado por: "FAFS.HttpApi.Host (8976)" [C:\Users\Santi\OneDrive\Desktop\desarrollo\desarrollo tp\App\src\FAFS.HttpApi.Host\FAFS.HttpApi.Host.csproj]
C:\Program Files\dotnet\sdk\9.0.304\Microsoft.Common.CurrentVersion.targets(5093,5): error MSB3027: No se pudo copiar "C:\Users\Santi\OneDrive\Desktop\desarrollo\desarrollo tp\App\src\FAFS.Domain.Shared\bin\Debug\net9.0\FAFS.Domain.Shared.dll" en "bin\Debug\net9.0\FAFS.Domain.Shared.dll". Se super├│ el n├║mero de 10 reintentos. Error. El archivo se ha bloqueado por: "FAFS.HttpApi.Host (8976)" [C:\Users\Santi\OneDrive\Desktop\desarrollo\desarrollo tp\App\src\FAFS.HttpApi.Host\FAFS.HttpApi.Host.csproj]
C:\Program Files\dotnet\sdk\9.0.304\Microsoft.Common.CurrentVersion.targets(5093,5): error MSB3021: No se puede copiar "C:\Users\Santi\OneDrive\Desktop\desarrollo\desarrollo tp\App\src\FAFS.Domain.Shared\bin\Debug\net9.0\FAFS.Domain.Shared.dll" en "bin\Debug\net9.0\FAFS.Domain.Shared.dll". The process cannot access the file 'C:\Users\Santi\OneDrive\Desktop\desarrollo\desarrollo tp\App\src\FAFS.HttpApi.Host\bin\Debug\net9.0\FAFS.Domain.Shared.dll' because it is being used by another process. [C:\Users\Santi\OneDrive\Desktop\desarrollo\desarrollo tp\App\src\FAFS.HttpApi.Host\FAFS.HttpApi.Host.csproj]

ERROR al compilar.

C:\Program Files\dotnet\sdk\9.0.304\Microsoft.Common.CurrentVersion.targets(5093,5): warning MSB3026: No se pudo copiar "C:\Users\Santi\OneDrive\Desktop\desarrollo\desarrollo tp\App\src\FAFS.Domain.Shared\bin\Debug\net9.0\FAFS.Domain.Shared.dll" en "bin\Debug\net9.0\FAFS.Domain.Shared.dll". Se iniciar├í el reintento 1 dentro de 1000ms. The process cannot access the file 'C:\Users\Santi\OneDrive\Desktop\desarrollo\desarrollo tp\App\src\FAFS.HttpApi.Host\bin\Debug\net9.0\FAFS.Domain.Shared.dll' because it is being used by another process. El archivo se ha bloqueado por: "FAFS.HttpApi.Host (8976)" [C:\Users\Santi\OneDrive\Desktop\desarrollo\desarrollo tp\App\src\FAFS.HttpApi.Host\FAFS.HttpApi.Host.csproj]
C:\Program Files\dotnet\sdk\9.0.304\Microsoft.Common.CurrentVersion.targets(5093,5): warning MSB3026: No se pudo copiar "C:\Users\Santi\OneDrive\Desktop\desarrollo\desarrollo tp\App\src\FAFS.Domain.Shared\bin\Debug\net9.0\FAFS.Domain.Shared.dll" en "bin\Debug\net9.0\FAFS.Domain.Shared.dll". Se iniciar├í el reintento 2 dentro de 1000ms. The process cannot access the file 'C:\Users\Santi\OneDrive\Desktop\desarrollo\desarrollo tp\App\src\FAFS.HttpApi.Host\bin\Debug\net9.0\FAFS.Domain.Shared.dll' because it is being used by another process. El archivo se ha bloqueado por: "FAFS.HttpApi.Host (8976)" [C:\Users\Santi\OneDrive\Desktop\desarrollo\desarrollo tp\App\src\FAFS.HttpApi.Host\FAFS.HttpApi.Host.csproj]
C:\Program Files\dotnet\sdk\9.0.304\Microsoft.Common.CurrentVersion.targets(5093,5): warning MSB3026: No se pudo copiar "C:\Users\Santi\OneDrive\Desktop\desarrollo\desarrollo tp\App\src\FAFS.Domain.Shared\bin\Debug\net9.0\FAFS.Domain.Shared.dll" en "bin\Debug\net9.0\FAFS.Domain.Shared.dll". Se iniciar├í el reintento 3 dentro de 1000ms. The process cannot access the file 'C:\Users\Santi\OneDrive\Desktop\desarrollo\desarrollo tp\App\src\FAFS.HttpApi.Host\bin\Debug\net9.0\FAFS.Domain.Shared.dll' because it is being used by another process. El archivo se ha bloqueado por: "FAFS.HttpApi.Host (8976)" [C:\Users\Santi\OneDrive\Desktop\desarrollo\desarrollo tp\App\src\FAFS.HttpApi.Host\FAFS.HttpApi.Host.csproj]
C:\Program Files\dotnet\sdk\9.0.304\Microsoft.Common.CurrentVersion.targets(5093,5): warning MSB3026: No se pudo copiar "C:\Users\Santi\OneDrive\Desktop\desarrollo\desarrollo tp\App\src\FAFS.Domain.Shared\bin\Debug\net9.0\FAFS.Domain.Shared.dll" en "bin\Debug\net9.0\FAFS.Domain.Shared.dll". Se iniciar├í el reintento 4 dentro de 1000ms. The process cannot access the file 'C:\Users\Santi\OneDrive\Desktop\desarrollo\desarrollo tp\App\src\FAFS.HttpApi.Host\bin\Debug\net9.0\FAFS.Domain.Shared.dll' because it is being used by another process. El archivo se ha bloqueado por: "FAFS.HttpApi.Host (8976)" [C:\Users\Santi\OneDrive\Desktop\desarrollo\desarrollo tp\App\src\FAFS.HttpApi.Host\FAFS.HttpApi.Host.csproj]
C:\Program Files\dotnet\sdk\9.0.304\Microsoft.Common.CurrentVersion.targets(5093,5): warning MSB3026: No se pudo copiar "C:\Users\Santi\OneDrive\Desktop\desarrollo\desarrollo tp\App\src\FAFS.Domain.Shared\bin\Debug\net9.0\FAFS.Domain.Shared.dll" en "bin\Debug\net9.0\FAFS.Domain.Shared.dll". Se iniciar├í el reintento 5 dentro de 1000ms. The process cannot access the file 'C:\Users\Santi\OneDrive\Desktop\desarrollo\desarrollo tp\App\src\FAFS.HttpApi.Host\bin\Debug\net9.0\FAFS.Domain.Shared.dll' because it is being used by another process. El archivo se ha bloqueado por: "FAFS.HttpApi.Host (8976)" [C:\Users\Santi\OneDrive\Desktop\desarrollo\desarrollo tp\App\src\FAFS.HttpApi.Host\FAFS.HttpApi.Host.csproj]
C:\Program Files\dotnet\sdk\9.0.304\Microsoft.Common.CurrentVersion.targets(5093,5): warning MSB3026: No se pudo copiar "C:\Users\Santi\OneDrive\Desktop\desarrollo\desarrollo tp\App\src\FAFS.Domain.Shared\bin\Debug\net9.0\FAFS.Domain.Shared.dll" en "bin\Debug\net9.0\FAFS.Domain.Shared.dll". Se iniciar├í el reintento 6 dentro de 1000ms. The process cannot access the file 'C:\Users\Santi\OneDrive\Desktop\desarrollo\desarrollo tp\App\src\FAFS.HttpApi.Host\bin\Debug\net9.0\FAFS.Domain.Shared.dll' because it is being used by another process. El archivo se ha bloqueado por: "FAFS.HttpApi.Host (8976)" [C:\Users\Santi\OneDrive\Desktop\desarrollo\desarrollo tp\App\src\FAFS.HttpApi.Host\FAFS.HttpApi.Host.csproj]
C:\Program Files\dotnet\sdk\9.0.304\Microsoft.Common.CurrentVersion.targets(5093,5): warning MSB3026: No se pudo copiar "C:\Users\Santi\OneDrive\Desktop\desarrollo\desarrollo tp\App\src\FAFS.Domain.Shared\bin\Debug\net9.0\FAFS.Domain.Shared.dll" en "bin\Debug\net9.0\FAFS.Domain.Shared.dll". Se iniciar├í el reintento 7 dentro de 1000ms. The process cannot access the file 'C:\Users\Santi\OneDrive\Desktop\desarrollo\desarrollo tp\App\src\FAFS.HttpApi.Host\bin\Debug\net9.0\FAFS.Domain.Shared.dll' because it is being used by another process. El archivo se ha bloqueado por: "FAFS.HttpApi.Host (8976)" [C:\Users\Santi\OneDrive\Desktop\desarrollo\desarrollo tp\App\src\FAFS.HttpApi.Host\FAFS.HttpApi.Host.csproj]
C:\Program Files\dotnet\sdk\9.0.304\Microsoft.Common.CurrentVersion.targets(5093,5): warning MSB3026: No se pudo copiar "C:\Users\Santi\OneDrive\Desktop\desarrollo\desarrollo tp\App\src\FAFS.Domain.Shared\bin\Debug\net9.0\FAFS.Domain.Shared.dll" en "bin\Debug\net9.0\FAFS.Domain.Shared.dll". Se iniciar├í el reintento 8 dentro de 1000ms. The process cannot access the file 'C:\Users\Santi\OneDrive\Desktop\desarrollo\desarrollo tp\App\src\FAFS.HttpApi.Host\bin\Debug\net9.0\FAFS.Domain.Shared.dll' because it is being used by another process. El archivo se ha bloqueado por: "FAFS.HttpApi.Host (8976)" [C:\Users\Santi\OneDrive\Desktop\desarrollo\desarrollo tp\App\src\FAFS.HttpApi.Host\FAFS.HttpApi.Host.csproj]
C:\Program Files\dotnet\sdk\9.0.304\Microsoft.Common.CurrentVersion.targets(5093,5): warning MSB3026: No se pudo copiar "C:\Users\Santi\OneDrive\Desktop\desarrollo\desarrollo tp\App\src\FAFS.Domain.Shared\bin\Debug\net9.0\FAFS.Domain.Shared.dll" en "bin\Debug\net9.0\FAFS.Domain.Shared.dll". Se iniciar├í el reintento 9 dentro de 1000ms. The process cannot access the file 'C:\Users\Santi\OneDrive\Desktop\desarrollo\desarrollo tp\App\src\FAFS.HttpApi.Host\bin\Debug\net9.0\FAFS.Domain.Shared.dll' because it is being used by another process. El archivo se ha bloqueado por: "FAFS.HttpApi.Host (8976)" [C:\Users\Santi\OneDrive\Desktop\desarrollo\desarrollo tp\App\src\FAFS.HttpApi.Host\FAFS.HttpApi.Host.csproj]
C:\Program Files\dotnet\sdk\9.0.304\Microsoft.Common.CurrentVersion.targets(5093,5): warning MSB3026: No se pudo copiar "C:\Users\Santi\OneDrive\Desktop\desarrollo\desarrollo tp\App\src\FAFS.Domain.Shared\bin\Debug\net9.0\FAFS.Domain.Shared.dll" en "bin\Debug\net9.0\FAFS.Domain.Shared.dll". Se iniciar├í el reintento 10 dentro de 1000ms. The process cannot access the file 'C:\Users\Santi\OneDrive\Desktop\desarrollo\desarrollo tp\App\src\FAFS.HttpApi.Host\bin\Debug\net9.0\FAFS.Domain.Shared.dll' because it is being used by another process. El archivo se ha bloqueado por: "FAFS.HttpApi.Host (8976)" [C:\Users\Santi\OneDrive\Desktop\desarrollo\desarrollo tp\App\src\FAFS.HttpApi.Host\FAFS.HttpApi.Host.csproj]
C:\Program Files\dotnet\sdk\9.0.304\Microsoft.Common.CurrentVersion.targets(5093,5): error MSB3027: No se pudo copiar "C:\Users\Santi\OneDrive\Desktop\desarrollo\desarrollo tp\App\src\FAFS.Domain.Shared\bin\Debug\net9.0\FAFS.Domain.Shared.dll" en "bin\Debug\net9.0\FAFS.Domain.Shared.dll". Se super├│ el n├║mero de 10 reintentos. Error. El archivo se ha bloqueado por: "FAFS.HttpApi.Host (8976)" [C:\Users\Santi\OneDrive\Desktop\desarrollo\desarrollo tp\App\src\FAFS.HttpApi.Host\FAFS.HttpApi.Host.csproj]
C:\Program Files\dotnet\sdk\9.0.304\Microsoft.Common.CurrentVersion.targets(5093,5): error MSB3021: No se puede copiar "C:\Users\Santi\OneDrive\Desktop\desarrollo\desarrollo tp\App\src\FAFS.Domain.Shared\bin\Debug\net9.0\FAFS.Domain.Shared.dll" en "bin\Debug\net9.0\FAFS.Domain.Shared.dll". The process cannot access the file 'C:\Users\Santi\OneDrive\Desktop\desarrollo\desarrollo tp\App\src\FAFS.HttpApi.Host\bin\Debug\net9.0\FAFS.Domain.Shared.dll' because it is being used by another process. [C:\Users\Santi\OneDrive\Desktop\desarrollo\desarrollo tp\App\src\FAFS.HttpApi.Host\FAFS.HttpApi.Host.csproj]
    10 Advertencia(s)
    2 Errores

Tiempo transcurrido 00:00:12.63
