Serie de pruebas para C:\Users\Santi\OneDrive\Desktop\desarrollo\desarrollo tp\App\test\FAFS.EntityFrameworkCore.Tests\bin\Debug\net9.0\FAFS.EntityFrameworkCore.Tests.dll (.NETCoreApp,Version=v9.0)
Versi├│n 17.14.1 (x64) de VSTest

Iniciando la ejecuci├│n de pruebas, espere...
1 archivos de prueba en total coincidieron con el patr├│n especificado.
dotnet : [xUnit.net 
00:00:01.17]     FAFS.EntityFr
ameworkCore.Experiences.Experi
enceAppService_Tests.Should_Cr
eate_A_Valid_Experience [FAIL]
En línea: 1 Carácter: 1
+ dotnet test test/FAFS.Entity
FrameworkCore.Tests/FAFS.Entit
yFrameworkC ...
+ ~~~~~~~~~~~~~~~~~~~~~~~~~~~~
~~~~~~~~~~~~~~~~~~~~~~~~~~~~~~
~~~~~~~~~~~
    + CategoryInfo          : 
    NotSpecified: ([xUnit.ne  
  t 00:0...perience [FAIL]:   
 String) [], RemoteExcepti    
on
    + FullyQualifiedErrorId : 
    NativeCommandError
 
[xUnit.net 00:00:01.17]     FA
FS.Destinations.DestinationRat
ingAppService_Tests.Should_Fil
ter_By_Current_User [FAIL]
[xUnit.net 00:00:01.18]     FA
FS.EntityFrameworkCore.Applica
tions.EfCoreSampleAppServiceTe
sts.Initial_Data_Should_Contai
n_Admin_User [FAIL]
[xUnit.net 00:00:01.18]     FA
FS.EntityFrameworkCore.Samples
.SampleRepositoryTests.Should_
Query_AppUser [FAIL]
[xUnit.net 00:00:01.18]     FA
FS.Users.UserManagement_Tests.
Should_Change_Password [FAIL]
[xUnit.net 00:00:01.18]     FA
FS.Destinations.DestinationApp
Service_Tests.SearchCitiesAsyn
c_Should_Work_With_AdvancedFil
ters [FAIL]
  Con error FAFS.EntityFrameworkCore.Experiences.ExperienceAppService_Tests.Should_Create_A_Valid_Experience [1 ms]
  Mensaje de error:
   Volo.Abp.AbpInitializationException : An error occurred during ConfigureServices phase of the module FAFS.EntityFrameworkCore.FAFSEntityFrameworkCoreTestModule, FAFS.EntityFrameworkCore.Tests, Version=1.0.0.0, Culture=neutral, PublicKeyToken=null. See the inner exception for details.
---- Microsoft.Data.Sqlite.SqliteException : SQLite Error 1: 'near "max": syntax error'.
  Seguimiento de la pila:
     at Volo.Abp.AbpApplicationBase.ConfigureServices()
   at Volo.Abp.AbpApplicationBase..ctor(Type startupModuleType, IServiceCollection services, Action`1 optionsAction)
   at Volo.Abp.AbpApplicationWithExternalServiceProvider..ctor(Type startupModuleType, IServiceCollection services, Action`1 optionsAction)
   at Volo.Abp.AbpApplicationFactory.Create(Type startupModuleType, IServiceCollection services, Action`1 optionsAction)
   at Volo.Abp.AbpApplicationFactory.Create[TStartupModule](IServiceCollection services, Action`1 optionsAction)
   at Microsoft.Extensions.DependencyInjection.ServiceCollectionApplicationExtensions.AddApplication[TStartupModule](IServiceCollection services, Action`1 optionsAction)
   at Volo.Abp.Testing.AbpIntegratedTest`1..ctor()
   at FAFS.FAFSTestBase`1..ctor()
   at FAFS.EntityFrameworkCore.FAFSEntityFrameworkCoreTestBase..ctor()
   at FAFS.EntityFrameworkCore.Experiences.ExperienceAppService_Tests..ctor() in C:\Users\Santi\OneDrive\Desktop\desarrollo\desarrollo tp\App\test\FAFS.EntityFrameworkCore.Tests\Experiences\ExperienceAppService_Tests.cs:line 20
   at System.RuntimeType.CreateInstanceDefaultCtor(Boolean publicOnly, Boolean wrapExceptions)
----- Inner Stack Trace -----
   at Microsoft.Data.Sqlite.SqliteException.ThrowExceptionForRC(Int32 rc, sqlite3 db)
   at Microsoft.Data.Sqlite.SqliteCommand.PrepareAndEnumerateStatements()+MoveNext()
   at Microsoft.Data.Sqlite.SqliteCommand.GetStatements()+MoveNext()
   at Microsoft.Data.Sqlite.SqliteDataReader.NextResult()
   at Microsoft.Data.Sqlite.SqliteCommand.ExecuteReader(CommandBehavior behavior)
   at Microsoft.Data.Sqlite.SqliteCommand.ExecuteReader()
   at Microsoft.Data.Sqlite.SqliteCommand.ExecuteNonQuery()
   at Microsoft.EntityFrameworkCore.Storage.RelationalCommand.ExecuteNonQuery(RelationalCommandParameterObject parameterObject)
   at Microsoft.EntityFrameworkCore.Migrations.MigrationCommand.ExecuteNonQuery(IRelationalConnection connection, IReadOnlyDictionary`2 parameterValues)
   at Microsoft.EntityFrameworkCore.Migrations.Internal.MigrationCommandExecutor.Execute(IReadOnlyList`1 migrationCommands, IRelationalConnection connection, MigrationExecutionState executionState, Boolean beginTransaction, Boolean commitTransaction, Nullable`1 isolationLevel)
   at Microsoft.EntityFrameworkCore.Migrations.Internal.MigrationCommandExecutor.<>c.<ExecuteNonQuery>b__3_1(DbContext _, ValueTuple`6 s)
   at Microsoft.EntityFrameworkCore.Storage.NonRetryingExecutionStrategy.Execute[TState,TResult](TState state, Func`3 operation, Func`3 verifySucceeded)
   at Microsoft.EntityFrameworkCore.Migrations.Internal.MigrationCommandExecutor.ExecuteNonQuery(IReadOnlyList`1 migrationCommands, IRelationalConnection connection, MigrationExecutionState executionState, Boolean commitTransaction, Nullable`1 isolationLevel)
   at Microsoft.EntityFrameworkCore.Storage.RelationalDatabaseCreator.CreateTables()
   at FAFS.EntityFrameworkCore.FAFSEntityFrameworkCoreTestModule.CreateDatabaseAndGetConnection() in C:\Users\Santi\OneDrive\Desktop\desarrollo\desarrollo tp\App\test\FAFS.EntityFrameworkCore.Tests\EntityFrameworkCore\FAFSEntityFrameworkCoreTestModule.cs:line 72
   at FAFS.EntityFrameworkCore.FAFSEntityFrameworkCoreTestModule.ConfigureInMemorySqlite(IServiceCollection services) in C:\Users\Santi\OneDrive\Desktop\desarrollo\desarrollo tp\App\test\FAFS.EntityFrameworkCore.Tests\EntityFrameworkCore\FAFSEntityFrameworkCoreTestModule.cs:line 45
   at FAFS.EntityFrameworkCore.FAFSEntityFrameworkCoreTestModule.ConfigureServices(ServiceConfigurationContext context) in C:\Users\Santi\OneDrive\Desktop\desarrollo\desarrollo tp\App\test\FAFS.EntityFrameworkCore.Tests\EntityFrameworkCore\FAFSEntityFrameworkCoreTestModule.cs:line 39
   at Volo.Abp.AbpApplicationBase.ConfigureServices()
  Con error FAFS.Destinations.DestinationRatingAppService_Tests.Should_Filter_By_Current_User [1 ms]
  Mensaje de error:
   Volo.Abp.AbpInitializationException : An error occurred during ConfigureServices phase of the module FAFS.EntityFrameworkCore.FAFSEntityFrameworkCoreTestModule, FAFS.EntityFrameworkCore.Tests, Version=1.0.0.0, Culture=neutral, PublicKeyToken=null. See the inner exception for details.
---- Microsoft.Data.Sqlite.SqliteException : SQLite Error 1: 'near "max": syntax error'.
  Seguimiento de la pila:
     at Volo.Abp.AbpApplicationBase.ConfigureServices()
   at Volo.Abp.AbpApplicationBase..ctor(Type startupModuleType, IServiceCollection services, Action`1 optionsAction)
   at Volo.Abp.AbpApplicationWithExternalServiceProvider..ctor(Type startupModuleType, IServiceCollection services, Action`1 optionsAction)
   at Volo.Abp.AbpApplicationFactory.Create(Type startupModuleType, IServiceCollection services, Action`1 optionsAction)
   at Volo.Abp.AbpApplicationFactory.Create[TStartupModule](IServiceCollection services, Action`1 optionsAction)
   at Microsoft.Extensions.DependencyInjection.ServiceCollectionApplicationExtensions.AddApplication[TStartupModule](IServiceCollection services, Action`1 optionsAction)
   at Volo.Abp.Testing.AbpIntegratedTest`1..ctor()
   at FAFS.FAFSTestBase`1..ctor()
   at FAFS.EntityFrameworkCore.FAFSEntityFrameworkCoreTestBase..ctor()
   at FAFS.Destinations.DestinationRatingAppService_Tests..ctor() in C:\Users\Santi\OneDrive\Desktop\desarrollo\desarrollo tp\App\test\FAFS.EntityFrameworkCore.Tests\Destinations\DestinationRatingAppService_Tests.cs:line 17
   at System.RuntimeType.CreateInstanceDefaultCtor(Boolean publicOnly, Boolean wrapExceptions)
----- Inner Stack Trace -----
   at Microsoft.Data.Sqlite.SqliteException.ThrowExceptionForRC(Int32 rc, sqlite3 db)
   at Microsoft.Data.Sqlite.SqliteCommand.PrepareAndEnumerateStatements()+MoveNext()
   at Microsoft.Data.Sqlite.SqliteCommand.GetStatements()+MoveNext()
   at Microsoft.Data.Sqlite.SqliteDataReader.NextResult()
   at Microsoft.Data.Sqlite.SqliteCommand.ExecuteReader(CommandBehavior behavior)
   at Microsoft.Data.Sqlite.SqliteCommand.ExecuteReader()
   at Microsoft.Data.Sqlite.SqliteCommand.ExecuteNonQuery()
   at Microsoft.EntityFrameworkCore.Storage.RelationalCommand.ExecuteNonQuery(RelationalCommandParameterObject parameterObject)
   at Microsoft.EntityFrameworkCore.Migrations.MigrationCommand.ExecuteNonQuery(IRelationalConnection connection, IReadOnlyDictionary`2 parameterValues)
   at Microsoft.EntityFrameworkCore.Migrations.Internal.MigrationCommandExecutor.Execute(IReadOnlyList`1 migrationCommands, IRelationalConnection connection, MigrationExecutionState executionState, Boolean beginTransaction, Boolean commitTransaction, Nullable`1 isolationLevel)
   at Microsoft.EntityFrameworkCore.Migrations.Internal.MigrationCommandExecutor.<>c.<ExecuteNonQuery>b__3_1(DbContext _, ValueTuple`6 s)
   at Microsoft.EntityFrameworkCore.Storage.NonRetryingExecutionStrategy.Execute[TState,TResult](TState state, Func`3 operation, Func`3 verifySucceeded)
   at Microsoft.EntityFrameworkCore.Migrations.Internal.MigrationCommandExecutor.ExecuteNonQuery(IReadOnlyList`1 migrationCommands, IRelationalConnection connection, MigrationExecutionState executionState, Boolean commitTransaction, Nullable`1 isolationLevel)
   at Microsoft.EntityFrameworkCore.Storage.RelationalDatabaseCreator.CreateTables()
   at FAFS.EntityFrameworkCore.FAFSEntityFrameworkCoreTestModule.CreateDatabaseAndGetConnection() in C:\Users\Santi\OneDrive\Desktop\desarrollo\desarrollo tp\App\test\FAFS.EntityFrameworkCore.Tests\EntityFrameworkCore\FAFSEntityFrameworkCoreTestModule.cs:line 72
   at FAFS.EntityFrameworkCore.FAFSEntityFrameworkCoreTestModule.ConfigureInMemorySqlite(IServiceCollection services) in C:\Users\Santi\OneDrive\Desktop\desarrollo\desarrollo tp\App\test\FAFS.EntityFrameworkCore.Tests\EntityFrameworkCore\FAFSEntityFrameworkCoreTestModule.cs:line 45
   at FAFS.EntityFrameworkCore.FAFSEntityFrameworkCoreTestModule.ConfigureServices(ServiceConfigurationContext context) in C:\Users\Santi\OneDrive\Desktop\desarrollo\desarrollo tp\App\test\FAFS.EntityFrameworkCore.Tests\EntityFrameworkCore\FAFSEntityFrameworkCoreTestModule.cs:line 39
   at Volo.Abp.AbpApplicationBase.ConfigureServices()
  Con error FAFS.EntityFrameworkCore.Applications.EfCoreSampleAppServiceTests.Initial_Data_Should_Contain_Admin_User [1 ms]
  Mensaje de error:
   Volo.Abp.AbpInitializationException : An error occurred during ConfigureServices phase of the module FAFS.EntityFrameworkCore.FAFSEntityFrameworkCoreTestModule, FAFS.EntityFrameworkCore.Tests, Version=1.0.0.0, Culture=neutral, PublicKeyToken=null. See the inner exception for details.
---- Microsoft.Data.Sqlite.SqliteException : SQLite Error 1: 'near "max": syntax error'.
  Seguimiento de la pila:
     at Volo.Abp.AbpApplicationBase.ConfigureServices()
   at Volo.Abp.AbpApplicationBase..ctor(Type startupModuleType, IServiceCollection services, Action`1 optionsAction)
   at Volo.Abp.AbpApplicationWithExternalServiceProvider..ctor(Type startupModuleType, IServiceCollection services, Action`1 optionsAction)
   at Volo.Abp.AbpApplicationFactory.Create(Type startupModuleType, IServiceCollection services, Action`1 optionsAction)
   at Volo.Abp.AbpApplicationFactory.Create[TStartupModule](IServiceCollection services, Action`1 optionsAction)
   at Microsoft.Extensions.DependencyInjection.ServiceCollectionApplicationExtensions.AddApplication[TStartupModule](IServiceCollection services, Action`1 optionsAction)
   at Volo.Abp.Testing.AbpIntegratedTest`1..ctor()
   at FAFS.FAFSTestBase`1..ctor()
   at FAFS.FAFSApplicationTestBase`1..ctor()
   at FAFS.Samples.SampleAppServiceTests`1..ctor() in C:\Users\Santi\OneDrive\Desktop\desarrollo\desarrollo tp\App\test\FAFS.Application.Tests\Samples\SampleAppServiceTests.cs:line 19
   at FAFS.EntityFrameworkCore.Applications.EfCoreSampleAppServiceTests..ctor()
   at System.RuntimeType.CreateInstanceDefaultCtor(Boolean publicOnly, Boolean wrapExceptions)
----- Inner Stack Trace -----
   at Microsoft.Data.Sqlite.SqliteException.ThrowExceptionForRC(Int32 rc, sqlite3 db)
   at Microsoft.Data.Sqlite.SqliteCommand.PrepareAndEnumerateStatements()+MoveNext()
   at Microsoft.Data.Sqlite.SqliteCommand.GetStatements()+MoveNext()
   at Microsoft.Data.Sqlite.SqliteDataReader.NextResult()
   at Microsoft.Data.Sqlite.SqliteCommand.ExecuteReader(CommandBehavior behavior)
   at Microsoft.Data.Sqlite.SqliteCommand.ExecuteReader()
   at Microsoft.Data.Sqlite.SqliteCommand.ExecuteNonQuery()
   at Microsoft.EntityFrameworkCore.Storage.RelationalCommand.ExecuteNonQuery(RelationalCommandParameterObject parameterObject)
   at Microsoft.EntityFrameworkCore.Migrations.MigrationCommand.ExecuteNonQuery(IRelationalConnection connection, IReadOnlyDictionary`2 parameterValues)
   at Microsoft.EntityFrameworkCore.Migrations.Internal.MigrationCommandExecutor.Execute(IReadOnlyList`1 migrationCommands, IRelationalConnection connection, MigrationExecutionState executionState, Boolean beginTransaction, Boolean commitTransaction, Nullable`1 isolationLevel)
   at Microsoft.EntityFrameworkCore.Migrations.Internal.MigrationCommandExecutor.<>c.<ExecuteNonQuery>b__3_1(DbContext _, ValueTuple`6 s)
   at Microsoft.EntityFrameworkCore.Storage.NonRetryingExecutionStrategy.Execute[TState,TResult](TState state, Func`3 operation, Func`3 verifySucceeded)
   at Microsoft.EntityFrameworkCore.Migrations.Internal.MigrationCommandExecutor.ExecuteNonQuery(IReadOnlyList`1 migrationCommands, IRelationalConnection connection, MigrationExecutionState executionState, Boolean commitTransaction, Nullable`1 isolationLevel)
   at Microsoft.EntityFrameworkCore.Storage.RelationalDatabaseCreator.CreateTables()
   at FAFS.EntityFrameworkCore.FAFSEntityFrameworkCoreTestModule.CreateDatabaseAndGetConnection() in C:\Users\Santi\OneDrive\Desktop\desarrollo\desarrollo tp\App\test\FAFS.EntityFrameworkCore.Tests\EntityFrameworkCore\FAFSEntityFrameworkCoreTestModule.cs:line 72
   at FAFS.EntityFrameworkCore.FAFSEntityFrameworkCoreTestModule.ConfigureInMemorySqlite(IServiceCollection services) in C:\Users\Santi\OneDrive\Desktop\desarrollo\desarrollo tp\App\test\FAFS.EntityFrameworkCore.Tests\EntityFrameworkCore\FAFSEntityFrameworkCoreTestModule.cs:line 45
   at FAFS.EntityFrameworkCore.FAFSEntityFrameworkCoreTestModule.ConfigureServices(ServiceConfigurationContext context) in C:\Users\Santi\OneDrive\Desktop\desarrollo\desarrollo tp\App\test\FAFS.EntityFrameworkCore.Tests\EntityFrameworkCore\FAFSEntityFrameworkCoreTestModule.cs:line 39
   at Volo.Abp.AbpApplicationBase.ConfigureServices()
  Con error FAFS.EntityFrameworkCore.Samples.SampleRepositoryTests.Should_Query_AppUser [1 ms]
  Mensaje de error:
   Volo.Abp.AbpInitializationException : An error occurred during ConfigureServices phase of the module FAFS.EntityFrameworkCore.FAFSEntityFrameworkCoreTestModule, FAFS.EntityFrameworkCore.Tests, Version=1.0.0.0, Culture=neutral, PublicKeyToken=null. See the inner exception for details.
---- Microsoft.Data.Sqlite.SqliteException : SQLite Error 1: 'near "max": syntax error'.
  Seguimiento de la pila:
     at Volo.Abp.AbpApplicationBase.ConfigureServices()
   at Volo.Abp.AbpApplicationBase..ctor(Type startupModuleType, IServiceCollection services, Action`1 optionsAction)
   at Volo.Abp.AbpApplicationWithExternalServiceProvider..ctor(Type startupModuleType, IServiceCollection services, Action`1 optionsAction)
   at Volo.Abp.AbpApplicationFactory.Create(Type startupModuleType, IServiceCollection services, Action`1 optionsAction)
   at Volo.Abp.AbpApplicationFactory.Create[TStartupModule](IServiceCollection services, Action`1 optionsAction)
   at Microsoft.Extensions.DependencyInjection.ServiceCollectionApplicationExtensions.AddApplication[TStartupModule](IServiceCollection services, Action`1 optionsAction)
   at Volo.Abp.Testing.AbpIntegratedTest`1..ctor()
   at FAFS.FAFSTestBase`1..ctor()
   at FAFS.EntityFrameworkCore.FAFSEntityFrameworkCoreTestBase..ctor()
   at FAFS.EntityFrameworkCore.Samples.SampleRepositoryTests..ctor() in C:\Users\Santi\OneDrive\Desktop\desarrollo\desarrollo tp\App\test\FAFS.EntityFrameworkCore.Tests\EntityFrameworkCore\Samples\SampleRepositoryTests.cs:line 19
   at System.RuntimeType.CreateInstanceDefaultCtor(Boolean publicOnly, Boolean wrapExceptions)
----- Inner Stack Trace -----
   at Microsoft.Data.Sqlite.SqliteException.ThrowExceptionForRC(Int32 rc, sqlite3 db)
   at Microsoft.Data.Sqlite.SqliteCommand.PrepareAndEnumerateStatements()+MoveNext()
   at Microsoft.Data.Sqlite.SqliteCommand.GetStatements()+MoveNext()
   at Microsoft.Data.Sqlite.SqliteDataReader.NextResult()
   at Microsoft.Data.Sqlite.SqliteCommand.ExecuteReader(CommandBehavior behavior)
   at Microsoft.Data.Sqlite.SqliteCommand.ExecuteReader()
   at Microsoft.Data.Sqlite.SqliteCommand.ExecuteNonQuery()
   at Microsoft.EntityFrameworkCore.Storage.RelationalCommand.ExecuteNonQuery(RelationalCommandParameterObject parameterObject)
   at Microsoft.EntityFrameworkCore.Migrations.MigrationCommand.ExecuteNonQuery(IRelationalConnection connection, IReadOnlyDictionary`2 parameterValues)
   at Microsoft.EntityFrameworkCore.Migrations.Internal.MigrationCommandExecutor.Execute(IReadOnlyList`1 migrationCommands, IRelationalConnection connection, MigrationExecutionState executionState, Boolean beginTransaction, Boolean commitTransaction, Nullable`1 isolationLevel)
   at Microsoft.EntityFrameworkCore.Migrations.Internal.MigrationCommandExecutor.<>c.<ExecuteNonQuery>b__3_1(DbContext _, ValueTuple`6 s)
   at Microsoft.EntityFrameworkCore.Storage.NonRetryingExecutionStrategy.Execute[TState,TResult](TState state, Func`3 operation, Func`3 verifySucceeded)
   at Microsoft.EntityFrameworkCore.Migrations.Internal.MigrationCommandExecutor.ExecuteNonQuery(IReadOnlyList`1 migrationCommands, IRelationalConnection connection, MigrationExecutionState executionState, Boolean commitTransaction, Nullable`1 isolationLevel)
   at Microsoft.EntityFrameworkCore.Storage.RelationalDatabaseCreator.CreateTables()
   at FAFS.EntityFrameworkCore.FAFSEntityFrameworkCoreTestModule.CreateDatabaseAndGetConnection() in C:\Users\Santi\OneDrive\Desktop\desarrollo\desarrollo tp\App\test\FAFS.EntityFrameworkCore.Tests\EntityFrameworkCore\FAFSEntityFrameworkCoreTestModule.cs:line 72
   at FAFS.EntityFrameworkCore.FAFSEntityFrameworkCoreTestModule.ConfigureInMemorySqlite(IServiceCollection services) in C:\Users\Santi\OneDrive\Desktop\desarrollo\desarrollo tp\App\test\FAFS.EntityFrameworkCore.Tests\EntityFrameworkCore\FAFSEntityFrameworkCoreTestModule.cs:line 45
   at FAFS.EntityFrameworkCore.FAFSEntityFrameworkCoreTestModule.ConfigureServices(ServiceConfigurationContext context) in C:\Users\Santi\OneDrive\Desktop\desarrollo\desarrollo tp\App\test\FAFS.EntityFrameworkCore.Tests\EntityFrameworkCore\FAFSEntityFrameworkCoreTestModule.cs:line 39
   at Volo.Abp.AbpApplicationBase.ConfigureServices()
  Con error FAFS.Users.UserManagement_Tests.Should_Change_Password [1 ms]
  Mensaje de error:
   Volo.Abp.AbpInitializationException : An error occurred during ConfigureServices phase of the module FAFS.EntityFrameworkCore.FAFSEntityFrameworkCoreTestModule, FAFS.EntityFrameworkCore.Tests, Version=1.0.0.0, Culture=neutral, PublicKeyToken=null. See the inner exception for details.
---- Microsoft.Data.Sqlite.SqliteException : SQLite Error 1: 'near "max": syntax error'.
  Seguimiento de la pila:
     at Volo.Abp.AbpApplicationBase.ConfigureServices()
   at Volo.Abp.AbpApplicationBase..ctor(Type startupModuleType, IServiceCollection services, Action`1 optionsAction)
   at Volo.Abp.AbpApplicationWithExternalServiceProvider..ctor(Type startupModuleType, IServiceCollection services, Action`1 optionsAction)
   at Volo.Abp.AbpApplicationFactory.Create(Type startupModuleType, IServiceCollection services, Action`1 optionsAction)
   at Volo.Abp.AbpApplicationFactory.Create[TStartupModule](IServiceCollection services, Action`1 optionsAction)
   at Microsoft.Extensions.DependencyInjection.ServiceCollectionApplicationExtensions.AddApplication[TStartupModule](IServiceCollection services, Action`1 optionsAction)
   at Volo.Abp.Testing.AbpIntegratedTest`1..ctor()
   at FAFS.FAFSTestBase`1..ctor()
   at FAFS.EntityFrameworkCore.FAFSEntityFrameworkCoreTestBase..ctor()
   at FAFS.Users.UserManagement_Tests..ctor() in C:\Users\Santi\OneDrive\Desktop\desarrollo\desarrollo tp\App\test\FAFS.EntityFrameworkCore.Tests\Users\UserManagement_Tests.cs:line 22
   at System.RuntimeType.CreateInstanceDefaultCtor(Boolean publicOnly, Boolean wrapExceptions)
----- Inner Stack Trace -----
   at Microsoft.Data.Sqlite.SqliteException.ThrowExceptionForRC(Int32 rc, sqlite3 db)
   at Microsoft.Data.Sqlite.SqliteCommand.PrepareAndEnumerateStatements()+MoveNext()
   at Microsoft.Data.Sqlite.SqliteCommand.GetStatements()+MoveNext()
   at Microsoft.Data.Sqlite.SqliteDataReader.NextResult()
   at Microsoft.Data.Sqlite.SqliteCommand.ExecuteReader(CommandBehavior behavior)
   at Microsoft.Data.Sqlite.SqliteCommand.ExecuteReader()
   at Microsoft.Data.Sqlite.SqliteCommand.ExecuteNonQuery()
   at Microsoft.EntityFrameworkCore.Storage.RelationalCommand.ExecuteNonQuery(RelationalCommandParameterObject parameterObject)
   at Microsoft.EntityFrameworkCore.Migrations.MigrationCommand.ExecuteNonQuery(IRelationalConnection connection, IReadOnlyDictionary`2 parameterValues)
   at Microsoft.EntityFrameworkCore.Migrations.Internal.MigrationCommandExecutor.Execute(IReadOnlyList`1 migrationCommands, IRelationalConnection connection, MigrationExecutionState executionState, Boolean beginTransaction, Boolean commitTransaction, Nullable`1 isolationLevel)
   at Microsoft.EntityFrameworkCore.Migrations.Internal.MigrationCommandExecutor.<>c.<ExecuteNonQuery>b__3_1(DbContext _, ValueTuple`6 s)
   at Microsoft.EntityFrameworkCore.Storage.NonRetryingExecutionStrategy.Execute[TState,TResult](TState state, Func`3 operation, Func`3 verifySucceeded)
   at Microsoft.EntityFrameworkCore.Migrations.Internal.MigrationCommandExecutor.ExecuteNonQuery(IReadOnlyList`1 migrationCommands, IRelationalConnection connection, MigrationExecutionState executionState, Boolean commitTransaction, Nullable`1 isolationLevel)
   at Microsoft.EntityFrameworkCore.Storage.RelationalDatabaseCreator.CreateTables()
   at FAFS.EntityFrameworkCore.FAFSEntityFrameworkCoreTestModule.CreateDatabaseAndGetConnection() in C:\Users\Santi\OneDrive\Desktop\desarrollo\desarrollo tp\App\test\FAFS.EntityFrameworkCore.Tests\EntityFrameworkCore\FAFSEntityFrameworkCoreTestModule.cs:line 72
   at FAFS.EntityFrameworkCore.FAFSEntityFrameworkCoreTestModule.ConfigureInMemorySqlite(IServiceCollection services) in C:\Users\Santi\OneDrive\Desktop\desarrollo\desarrollo tp\App\test\FAFS.EntityFrameworkCore.Tests\EntityFrameworkCore\FAFSEntityFrameworkCoreTestModule.cs:line 45
   at FAFS.EntityFrameworkCore.FAFSEntityFrameworkCoreTestModule.ConfigureServices(ServiceConfigurationContext context) in C:\Users\Santi\OneDrive\Desktop\desarrollo\desarrollo tp\App\test\FAFS.EntityFrameworkCore.Tests\EntityFrameworkCore\FAFSEntityFrameworkCoreTestModule.cs:line 39
   at Volo.Abp.AbpApplicationBase.ConfigureServices()
  Con error FAFS.Destinations.DestinationAppService_Tests.SearchCitiesAsync_Should_Work_With_AdvancedFilters [1 ms]
  Mensaje de error:
   Volo.Abp.AbpInitializationException : An error occurred during ConfigureServices phase of the module FAFS.EntityFrameworkCore.FAFSEntityFrameworkCoreTestModule, FAFS.EntityFrameworkCore.Tests, Version=1.0.0.0, Culture=neutral, PublicKeyToken=null. See the inner exception for details.
---- Microsoft.Data.Sqlite.SqliteException : SQLite Error 1: 'near "max": syntax error'.
  Seguimiento de la pila:
     at Volo.Abp.AbpApplicationBase.ConfigureServices()
   at Volo.Abp.AbpApplicationBase..ctor(Type startupModuleType, IServiceCollection services, Action`1 optionsAction)
   at Volo.Abp.AbpApplicationWithExternalServiceProvider..ctor(Type startupModuleType, IServiceCollection services, Action`1 optionsAction)
   at Volo.Abp.AbpApplicationFactory.Create(Type startupModuleType, IServiceCollection services, Action`1 optionsAction)
   at Volo.Abp.AbpApplicationFactory.Create[TStartupModule](IServiceCollection services, Action`1 optionsAction)
   at Microsoft.Extensions.DependencyInjection.ServiceCollectionApplicationExtensions.AddApplication[TStartupModule](IServiceCollection services, Action`1 optionsAction)
   at Volo.Abp.Testing.AbpIntegratedTest`1..ctor()
   at FAFS.FAFSTestBase`1..ctor()
   at FAFS.EntityFrameworkCore.FAFSEntityFrameworkCoreTestBase..ctor()
   at FAFS.Destinations.DestinationAppService_Tests..ctor() in C:\Users\Santi\OneDrive\Desktop\desarrollo\desarrollo tp\App\test\FAFS.EntityFrameworkCore.Tests\Destinations\DestinationAppService_Tests.cs:line 19
   at System.RuntimeType.CreateInstanceDefaultCtor(Boolean publicOnly, Boolean wrapExceptions)
----- Inner Stack Trace -----
   at Microsoft.Data.Sqlite.SqliteException.ThrowExceptionForRC(Int32 rc, sqlite3 db)
   at Microsoft.Data.Sqlite.SqliteCommand.PrepareAndEnumerateStatements()+MoveNext()
   at Microsoft.Data.Sqlite.SqliteCommand.GetStatements()+MoveNext()
   at Microsoft.Data.Sqlite.SqliteDataReader.NextResult()
   at Microsoft.Data.Sqlite.SqliteCommand.ExecuteReader(CommandBehavior behavior)
   at Microsoft.Data.Sqlite.SqliteCommand.ExecuteReader()
   at Microsoft.Data.Sqlite.SqliteCommand.ExecuteNonQuery()
   at Microsoft.EntityFrameworkCore.Storage.RelationalCommand.ExecuteNonQuery(RelationalCommandParameterObject parameterObject)
   at Microsoft.EntityFrameworkCore.Migrations.MigrationCommand.ExecuteNonQuery(IRelationalConnection connection, IReadOnlyDictionary`2 parameterValues)
   at Microsoft.EntityFrameworkCore.Migrations.Internal.MigrationCommandExecutor.Execute(IReadOnlyList`1 migrationCommands, IRelationalConnection connection, MigrationExecutionState executionState, Boolean beginTransaction, Boolean commitTransaction, Nullable`1 isolationLevel)
   at Microsoft.EntityFrameworkCore.Migrations.Internal.MigrationCommandExecutor.<>c.<ExecuteNonQuery>b__3_1(DbContext _, ValueTuple`6 s)
   at Microsoft.EntityFrameworkCore.Storage.NonRetryingExecutionStrategy.Execute[TState,TResult](TState state, Func`3 operation, Func`3 verifySucceeded)
   at Microsoft.EntityFrameworkCore.Migrations.Internal.MigrationCommandExecutor.ExecuteNonQuery(IReadOnlyList`1 migrationCommands, IRelationalConnection connection, MigrationExecutionState executionState, Boolean commitTransaction, Nullable`1 isolationLevel)
   at Microsoft.EntityFrameworkCore.Storage.RelationalDatabaseCreator.CreateTables()
   at FAFS.EntityFrameworkCore.FAFSEntityFrameworkCoreTestModule.CreateDatabaseAndGetConnection() in C:\Users\Santi\OneDrive\Desktop\desarrollo\desarrollo tp\App\test\FAFS.EntityFrameworkCore.Tests\EntityFrameworkCore\FAFSEntityFrameworkCoreTestModule.cs:line 72
   at FAFS.EntityFrameworkCore.FAFSEntityFrameworkCoreTestModule.ConfigureInMemorySqlite(IServiceCollection services) in C:\Users\Santi\OneDrive\Desktop\desarrollo\desarrollo tp\App\test\FAFS.EntityFrameworkCore.Tests\EntityFrameworkCore\FAFSEntityFrameworkCoreTestModule.cs:line 45
   at FAFS.EntityFrameworkCore.FAFSEntityFrameworkCoreTestModule.ConfigureServices(ServiceConfigurationContext context) in C:\Users\Santi\OneDrive\Desktop\desarrollo\desarrollo tp\App\test\FAFS.EntityFrameworkCore.Tests\EntityFrameworkCore\FAFSEntityFrameworkCoreTestModule.cs:line 39
   at Volo.Abp.AbpApplicationBase.ConfigureServices()
[xUnit.net 00:00:01.27]     FA
FS.EntityFrameworkCore.Domains
.EfCoreSampleDomainTests.Shoul
d_Set_Email_Of_A_User [FAIL]
[xUnit.net 00:00:01.28]     FA
FS.Destinations.DestinationApp
Service_Tests.Should_Throw_Exc
eption_When_Name_Is_Empty 
[FAIL]
[xUnit.net 00:00:01.29]     FA
FS.Users.UserManagement_Tests.
Should_Update_Profile_Data 
[FAIL]
[xUnit.net 00:00:01.29]     FA
FS.EntityFrameworkCore.Experie
nces.ExperienceAppService_Test
s.Should_Filter_By_Rating 
[FAIL]
[xUnit.net 00:00:01.34]     FA
FS.Destinations.DestinationApp
Service_Tests.SearchCitiesAsyn
c_Should_Work_With_PartialName
 [FAIL]
[xUnit.net 00:00:01.34]     FA
FS.Users.UserManagement_Tests.
Should_Register_A_New_User 
[FAIL]
[xUnit.net 00:00:01.34]     FA
FS.EntityFrameworkCore.Experie
nces.ExperienceAppService_Test
s.Should_Search_By_Keyword 
[FAIL]
  Con error FAFS.EntityFrameworkCore.Domains.EfCoreSampleDomainTests.Should_Set_Email_Of_A_User [1 ms]
  Mensaje de error:
   Volo.Abp.AbpInitializationException : An error occurred during ConfigureServices phase of the module FAFS.EntityFrameworkCore.FAFSEntityFrameworkCoreTestModule, FAFS.EntityFrameworkCore.Tests, Version=1.0.0.0, Culture=neutral, PublicKeyToken=null. See the inner exception for details.
---- Microsoft.Data.Sqlite.SqliteException : SQLite Error 1: 'near "max": syntax error'.
  Seguimiento de la pila:
     at Volo.Abp.AbpApplicationBase.ConfigureServices()
   at Volo.Abp.AbpApplicationBase..ctor(Type startupModuleType, IServiceCollection services, Action`1 optionsAction)
   at Volo.Abp.AbpApplicationWithExternalServiceProvider..ctor(Type startupModuleType, IServiceCollection services, Action`1 optionsAction)
   at Volo.Abp.AbpApplicationFactory.Create(Type startupModuleType, IServiceCollection services, Action`1 optionsAction)
   at Volo.Abp.AbpApplicationFactory.Create[TStartupModule](IServiceCollection services, Action`1 optionsAction)
   at Microsoft.Extensions.DependencyInjection.ServiceCollectionApplicationExtensions.AddApplication[TStartupModule](IServiceCollection services, Action`1 optionsAction)
   at Volo.Abp.Testing.AbpIntegratedTest`1..ctor()
   at FAFS.FAFSTestBase`1..ctor()
   at FAFS.FAFSDomainTestBase`1..ctor()
   at FAFS.Samples.SampleDomainTests`1..ctor() in C:\Users\Santi\OneDrive\Desktop\desarrollo\desarrollo tp\App\test\FAFS.Domain.Tests\Samples\SampleDomainTests.cs:line 20
   at FAFS.EntityFrameworkCore.Domains.EfCoreSampleDomainTests..ctor()
   at System.RuntimeType.CreateInstanceDefaultCtor(Boolean publicOnly, Boolean wrapExceptions)
----- Inner Stack Trace -----
   at Microsoft.Data.Sqlite.SqliteException.ThrowExceptionForRC(Int32 rc, sqlite3 db)
   at Microsoft.Data.Sqlite.SqliteCommand.PrepareAndEnumerateStatements()+MoveNext()
   at Microsoft.Data.Sqlite.SqliteCommand.GetStatements()+MoveNext()
   at Microsoft.Data.Sqlite.SqliteDataReader.NextResult()
   at Microsoft.Data.Sqlite.SqliteCommand.ExecuteReader(CommandBehavior behavior)
   at Microsoft.Data.Sqlite.SqliteCommand.ExecuteReader()
   at Microsoft.Data.Sqlite.SqliteCommand.ExecuteNonQuery()
   at Microsoft.EntityFrameworkCore.Storage.RelationalCommand.ExecuteNonQuery(RelationalCommandParameterObject parameterObject)
   at Microsoft.EntityFrameworkCore.Migrations.MigrationCommand.ExecuteNonQuery(IRelationalConnection connection, IReadOnlyDictionary`2 parameterValues)
   at Microsoft.EntityFrameworkCore.Migrations.Internal.MigrationCommandExecutor.Execute(IReadOnlyList`1 migrationCommands, IRelationalConnection connection, MigrationExecutionState executionState, Boolean beginTransaction, Boolean commitTransaction, Nullable`1 isolationLevel)
   at Microsoft.EntityFrameworkCore.Migrations.Internal.MigrationCommandExecutor.<>c.<ExecuteNonQuery>b__3_1(DbContext _, ValueTuple`6 s)
   at Microsoft.EntityFrameworkCore.Storage.NonRetryingExecutionStrategy.Execute[TState,TResult](TState state, Func`3 operation, Func`3 verifySucceeded)
   at Microsoft.EntityFrameworkCore.Migrations.Internal.MigrationCommandExecutor.ExecuteNonQuery(IReadOnlyList`1 migrationCommands, IRelationalConnection connection, MigrationExecutionState executionState, Boolean commitTransaction, Nullable`1 isolationLevel)
   at Microsoft.EntityFrameworkCore.Storage.RelationalDatabaseCreator.CreateTables()
   at FAFS.EntityFrameworkCore.FAFSEntityFrameworkCoreTestModule.CreateDatabaseAndGetConnection() in C:\Users\Santi\OneDrive\Desktop\desarrollo\desarrollo tp\App\test\FAFS.EntityFrameworkCore.Tests\EntityFrameworkCore\FAFSEntityFrameworkCoreTestModule.cs:line 72
   at FAFS.EntityFrameworkCore.FAFSEntityFrameworkCoreTestModule.ConfigureInMemorySqlite(IServiceCollection services) in C:\Users\Santi\OneDrive\Desktop\desarrollo\desarrollo tp\App\test\FAFS.EntityFrameworkCore.Tests\EntityFrameworkCore\FAFSEntityFrameworkCoreTestModule.cs:line 45
   at FAFS.EntityFrameworkCore.FAFSEntityFrameworkCoreTestModule.ConfigureServices(ServiceConfigurationContext context) in C:\Users\Santi\OneDrive\Desktop\desarrollo\desarrollo tp\App\test\FAFS.EntityFrameworkCore.Tests\EntityFrameworkCore\FAFSEntityFrameworkCoreTestModule.cs:line 39
   at Volo.Abp.AbpApplicationBase.ConfigureServices()
  Con error FAFS.Destinations.DestinationAppService_Tests.Should_Throw_Exception_When_Name_Is_Empty [1 ms]
  Mensaje de error:
   Volo.Abp.AbpInitializationException : An error occurred during ConfigureServices phase of the module FAFS.EntityFrameworkCore.FAFSEntityFrameworkCoreTestModule, FAFS.EntityFrameworkCore.Tests, Version=1.0.0.0, Culture=neutral, PublicKeyToken=null. See the inner exception for details.
---- Microsoft.Data.Sqlite.SqliteException : SQLite Error 1: 'near "max": syntax error'.
  Seguimiento de la pila:
     at Volo.Abp.AbpApplicationBase.ConfigureServices()
   at Volo.Abp.AbpApplicationBase..ctor(Type startupModuleType, IServiceCollection services, Action`1 optionsAction)
   at Volo.Abp.AbpApplicationWithExternalServiceProvider..ctor(Type startupModuleType, IServiceCollection services, Action`1 optionsAction)
   at Volo.Abp.AbpApplicationFactory.Create(Type startupModuleType, IServiceCollection services, Action`1 optionsAction)
   at Volo.Abp.AbpApplicationFactory.Create[TStartupModule](IServiceCollection services, Action`1 optionsAction)
   at Microsoft.Extensions.DependencyInjection.ServiceCollectionApplicationExtensions.AddApplication[TStartupModule](IServiceCollection services, Action`1 optionsAction)
   at Volo.Abp.Testing.AbpIntegratedTest`1..ctor()
   at FAFS.FAFSTestBase`1..ctor()
   at FAFS.EntityFrameworkCore.FAFSEntityFrameworkCoreTestBase..ctor()
   at FAFS.Destinations.DestinationAppService_Tests..ctor() in C:\Users\Santi\OneDrive\Desktop\desarrollo\desarrollo tp\App\test\FAFS.EntityFrameworkCore.Tests\Destinations\DestinationAppService_Tests.cs:line 19
   at System.RuntimeType.CreateInstanceDefaultCtor(Boolean publicOnly, Boolean wrapExceptions)
----- Inner Stack Trace -----
   at Microsoft.Data.Sqlite.SqliteException.ThrowExceptionForRC(Int32 rc, sqlite3 db)
   at Microsoft.Data.Sqlite.SqliteCommand.PrepareAndEnumerateStatements()+MoveNext()
   at Microsoft.Data.Sqlite.SqliteCommand.GetStatements()+MoveNext()
   at Microsoft.Data.Sqlite.SqliteDataReader.NextResult()
   at Microsoft.Data.Sqlite.SqliteCommand.ExecuteReader(CommandBehavior behavior)
   at Microsoft.Data.Sqlite.SqliteCommand.ExecuteReader()
   at Microsoft.Data.Sqlite.SqliteCommand.ExecuteNonQuery()
   at Microsoft.EntityFrameworkCore.Storage.RelationalCommand.ExecuteNonQuery(RelationalCommandParameterObject parameterObject)
   at Microsoft.EntityFrameworkCore.Migrations.MigrationCommand.ExecuteNonQuery(IRelationalConnection connection, IReadOnlyDictionary`2 parameterValues)
   at Microsoft.EntityFrameworkCore.Migrations.Internal.MigrationCommandExecutor.Execute(IReadOnlyList`1 migrationCommands, IRelationalConnection connection, MigrationExecutionState executionState, Boolean beginTransaction, Boolean commitTransaction, Nullable`1 isolationLevel)
   at Microsoft.EntityFrameworkCore.Migrations.Internal.MigrationCommandExecutor.<>c.<ExecuteNonQuery>b__3_1(DbContext _, ValueTuple`6 s)
   at Microsoft.EntityFrameworkCore.Storage.NonRetryingExecutionStrategy.Execute[TState,TResult](TState state, Func`3 operation, Func`3 verifySucceeded)
   at Microsoft.EntityFrameworkCore.Migrations.Internal.MigrationCommandExecutor.ExecuteNonQuery(IReadOnlyList`1 migrationCommands, IRelationalConnection connection, MigrationExecutionState executionState, Boolean commitTransaction, Nullable`1 isolationLevel)
   at Microsoft.EntityFrameworkCore.Storage.RelationalDatabaseCreator.CreateTables()
   at FAFS.EntityFrameworkCore.FAFSEntityFrameworkCoreTestModule.CreateDatabaseAndGetConnection() in C:\Users\Santi\OneDrive\Desktop\desarrollo\desarrollo tp\App\test\FAFS.EntityFrameworkCore.Tests\EntityFrameworkCore\FAFSEntityFrameworkCoreTestModule.cs:line 72
   at FAFS.EntityFrameworkCore.FAFSEntityFrameworkCoreTestModule.ConfigureInMemorySqlite(IServiceCollection services) in C:\Users\Santi\OneDrive\Desktop\desarrollo\desarrollo tp\App\test\FAFS.EntityFrameworkCore.Tests\EntityFrameworkCore\FAFSEntityFrameworkCoreTestModule.cs:line 45
   at FAFS.EntityFrameworkCore.FAFSEntityFrameworkCoreTestModule.ConfigureServices(ServiceConfigurationContext context) in C:\Users\Santi\OneDrive\Desktop\desarrollo\desarrollo tp\App\test\FAFS.EntityFrameworkCore.Tests\EntityFrameworkCore\FAFSEntityFrameworkCoreTestModule.cs:line 39
   at Volo.Abp.AbpApplicationBase.ConfigureServices()
  Con error FAFS.Users.UserManagement_Tests.Should_Update_Profile_Data [1 ms]
  Mensaje de error:
   Volo.Abp.AbpInitializationException : An error occurred during ConfigureServices phase of the module FAFS.EntityFrameworkCore.FAFSEntityFrameworkCoreTestModule, FAFS.EntityFrameworkCore.Tests, Version=1.0.0.0, Culture=neutral, PublicKeyToken=null. See the inner exception for details.
---- Microsoft.Data.Sqlite.SqliteException : SQLite Error 1: 'near "max": syntax error'.
  Seguimiento de la pila:
     at Volo.Abp.AbpApplicationBase.ConfigureServices()
   at Volo.Abp.AbpApplicationBase..ctor(Type startupModuleType, IServiceCollection services, Action`1 optionsAction)
   at Volo.Abp.AbpApplicationWithExternalServiceProvider..ctor(Type startupModuleType, IServiceCollection services, Action`1 optionsAction)
   at Volo.Abp.AbpApplicationFactory.Create(Type startupModuleType, IServiceCollection services, Action`1 optionsAction)
   at Volo.Abp.AbpApplicationFactory.Create[TStartupModule](IServiceCollection services, Action`1 optionsAction)
   at Microsoft.Extensions.DependencyInjection.ServiceCollectionApplicationExtensions.AddApplication[TStartupModule](IServiceCollection services, Action`1 optionsAction)
   at Volo.Abp.Testing.AbpIntegratedTest`1..ctor()
   at FAFS.FAFSTestBase`1..ctor()
   at FAFS.EntityFrameworkCore.FAFSEntityFrameworkCoreTestBase..ctor()
   at FAFS.Users.UserManagement_Tests..ctor() in C:\Users\Santi\OneDrive\Desktop\desarrollo\desarrollo tp\App\test\FAFS.EntityFrameworkCore.Tests\Users\UserManagement_Tests.cs:line 22
   at System.RuntimeType.CreateInstanceDefaultCtor(Boolean publicOnly, Boolean wrapExceptions)
----- Inner Stack Trace -----
   at Microsoft.Data.Sqlite.SqliteException.ThrowExceptionForRC(Int32 rc, sqlite3 db)
   at Microsoft.Data.Sqlite.SqliteCommand.PrepareAndEnumerateStatements()+MoveNext()
   at Microsoft.Data.Sqlite.SqliteCommand.GetStatements()+MoveNext()
   at Microsoft.Data.Sqlite.SqliteDataReader.NextResult()
   at Microsoft.Data.Sqlite.SqliteCommand.ExecuteReader(CommandBehavior behavior)
   at Microsoft.Data.Sqlite.SqliteCommand.ExecuteReader()
   at Microsoft.Data.Sqlite.SqliteCommand.ExecuteNonQuery()
   at Microsoft.EntityFrameworkCore.Storage.RelationalCommand.ExecuteNonQuery(RelationalCommandParameterObject parameterObject)
   at Microsoft.EntityFrameworkCore.Migrations.MigrationCommand.ExecuteNonQuery(IRelationalConnection connection, IReadOnlyDictionary`2 parameterValues)
   at Microsoft.EntityFrameworkCore.Migrations.Internal.MigrationCommandExecutor.Execute(IReadOnlyList`1 migrationCommands, IRelationalConnection connection, MigrationExecutionState executionState, Boolean beginTransaction, Boolean commitTransaction, Nullable`1 isolationLevel)
   at Microsoft.EntityFrameworkCore.Migrations.Internal.MigrationCommandExecutor.<>c.<ExecuteNonQuery>b__3_1(DbContext _, ValueTuple`6 s)
   at Microsoft.EntityFrameworkCore.Storage.NonRetryingExecutionStrategy.Execute[TState,TResult](TState state, Func`3 operation, Func`3 verifySucceeded)
   at Microsoft.EntityFrameworkCore.Migrations.Internal.MigrationCommandExecutor.ExecuteNonQuery(IReadOnlyList`1 migrationCommands, IRelationalConnection connection, MigrationExecutionState executionState, Boolean commitTransaction, Nullable`1 isolationLevel)
   at Microsoft.EntityFrameworkCore.Storage.RelationalDatabaseCreator.CreateTables()
   at FAFS.EntityFrameworkCore.FAFSEntityFrameworkCoreTestModule.CreateDatabaseAndGetConnection() in C:\Users\Santi\OneDrive\Desktop\desarrollo\desarrollo tp\App\test\FAFS.EntityFrameworkCore.Tests\EntityFrameworkCore\FAFSEntityFrameworkCoreTestModule.cs:line 72
   at FAFS.EntityFrameworkCore.FAFSEntityFrameworkCoreTestModule.ConfigureInMemorySqlite(IServiceCollection services) in C:\Users\Santi\OneDrive\Desktop\desarrollo\desarrollo tp\App\test\FAFS.EntityFrameworkCore.Tests\EntityFrameworkCore\FAFSEntityFrameworkCoreTestModule.cs:line 45
   at FAFS.EntityFrameworkCore.FAFSEntityFrameworkCoreTestModule.ConfigureServices(ServiceConfigurationContext context) in C:\Users\Santi\OneDrive\Desktop\desarrollo\desarrollo tp\App\test\FAFS.EntityFrameworkCore.Tests\EntityFrameworkCore\FAFSEntityFrameworkCoreTestModule.cs:line 39
   at Volo.Abp.AbpApplicationBase.ConfigureServices()
  Con error FAFS.EntityFrameworkCore.Experiences.ExperienceAppService_Tests.Should_Filter_By_Rating [1 ms]
  Mensaje de error:
   Volo.Abp.AbpInitializationException : An error occurred during ConfigureServices phase of the module FAFS.EntityFrameworkCore.FAFSEntityFrameworkCoreTestModule, FAFS.EntityFrameworkCore.Tests, Version=1.0.0.0, Culture=neutral, PublicKeyToken=null. See the inner exception for details.
---- Microsoft.Data.Sqlite.SqliteException : SQLite Error 1: 'near "max": syntax error'.
  Seguimiento de la pila:
     at Volo.Abp.AbpApplicationBase.ConfigureServices()
   at Volo.Abp.AbpApplicationBase..ctor(Type startupModuleType, IServiceCollection services, Action`1 optionsAction)
   at Volo.Abp.AbpApplicationWithExternalServiceProvider..ctor(Type startupModuleType, IServiceCollection services, Action`1 optionsAction)
   at Volo.Abp.AbpApplicationFactory.Create(Type startupModuleType, IServiceCollection services, Action`1 optionsAction)
   at Volo.Abp.AbpApplicationFactory.Create[TStartupModule](IServiceCollection services, Action`1 optionsAction)
   at Microsoft.Extensions.DependencyInjection.ServiceCollectionApplicationExtensions.AddApplication[TStartupModule](IServiceCollection services, Action`1 optionsAction)
   at Volo.Abp.Testing.AbpIntegratedTest`1..ctor()
   at FAFS.FAFSTestBase`1..ctor()
   at FAFS.EntityFrameworkCore.FAFSEntityFrameworkCoreTestBase..ctor()
   at FAFS.EntityFrameworkCore.Experiences.ExperienceAppService_Tests..ctor() in C:\Users\Santi\OneDrive\Desktop\desarrollo\desarrollo tp\App\test\FAFS.EntityFrameworkCore.Tests\Experiences\ExperienceAppService_Tests.cs:line 20
   at System.RuntimeType.CreateInstanceDefaultCtor(Boolean publicOnly, Boolean wrapExceptions)
----- Inner Stack Trace -----
   at Microsoft.Data.Sqlite.SqliteException.ThrowExceptionForRC(Int32 rc, sqlite3 db)
   at Microsoft.Data.Sqlite.SqliteCommand.PrepareAndEnumerateStatements()+MoveNext()
   at Microsoft.Data.Sqlite.SqliteCommand.GetStatements()+MoveNext()
   at Microsoft.Data.Sqlite.SqliteDataReader.NextResult()
   at Microsoft.Data.Sqlite.SqliteCommand.ExecuteReader(CommandBehavior behavior)
   at Microsoft.Data.Sqlite.SqliteCommand.ExecuteReader()
   at Microsoft.Data.Sqlite.SqliteCommand.ExecuteNonQuery()
   at Microsoft.EntityFrameworkCore.Storage.RelationalCommand.ExecuteNonQuery(RelationalCommandParameterObject parameterObject)
   at Microsoft.EntityFrameworkCore.Migrations.MigrationCommand.ExecuteNonQuery(IRelationalConnection connection, IReadOnlyDictionary`2 parameterValues)
   at Microsoft.EntityFrameworkCore.Migrations.Internal.MigrationCommandExecutor.Execute(IReadOnlyList`1 migrationCommands, IRelationalConnection connection, MigrationExecutionState executionState, Boolean beginTransaction, Boolean commitTransaction, Nullable`1 isolationLevel)
   at Microsoft.EntityFrameworkCore.Migrations.Internal.MigrationCommandExecutor.<>c.<ExecuteNonQuery>b__3_1(DbContext _, ValueTuple`6 s)
   at Microsoft.EntityFrameworkCore.Storage.NonRetryingExecutionStrategy.Execute[TState,TResult](TState state, Func`3 operation, Func`3 verifySucceeded)
   at Microsoft.EntityFrameworkCore.Migrations.Internal.MigrationCommandExecutor.ExecuteNonQuery(IReadOnlyList`1 migrationCommands, IRelationalConnection connection, MigrationExecutionState executionState, Boolean commitTransaction, Nullable`1 isolationLevel)
   at Microsoft.EntityFrameworkCore.Storage.RelationalDatabaseCreator.CreateTables()
   at FAFS.EntityFrameworkCore.FAFSEntityFrameworkCoreTestModule.CreateDatabaseAndGetConnection() in C:\Users\Santi\OneDrive\Desktop\desarrollo\desarrollo tp\App\test\FAFS.EntityFrameworkCore.Tests\EntityFrameworkCore\FAFSEntityFrameworkCoreTestModule.cs:line 72
   at FAFS.EntityFrameworkCore.FAFSEntityFrameworkCoreTestModule.ConfigureInMemorySqlite(IServiceCollection services) in C:\Users\Santi\OneDrive\Desktop\desarrollo\desarrollo tp\App\test\FAFS.EntityFrameworkCore.Tests\EntityFrameworkCore\FAFSEntityFrameworkCoreTestModule.cs:line 45
   at FAFS.EntityFrameworkCore.FAFSEntityFrameworkCoreTestModule.ConfigureServices(ServiceConfigurationContext context) in C:\Users\Santi\OneDrive\Desktop\desarrollo\desarrollo tp\App\test\FAFS.EntityFrameworkCore.Tests\EntityFrameworkCore\FAFSEntityFrameworkCoreTestModule.cs:line 39
   at Volo.Abp.AbpApplicationBase.ConfigureServices()
  Con error FAFS.Destinations.DestinationAppService_Tests.SearchCitiesAsync_Should_Work_With_PartialName [1 ms]
  Mensaje de error:
   Volo.Abp.AbpInitializationException : An error occurred during ConfigureServices phase of the module FAFS.EntityFrameworkCore.FAFSEntityFrameworkCoreTestModule, FAFS.EntityFrameworkCore.Tests, Version=1.0.0.0, Culture=neutral, PublicKeyToken=null. See the inner exception for details.
---- Microsoft.Data.Sqlite.SqliteException : SQLite Error 1: 'near "max": syntax error'.
  Seguimiento de la pila:
     at Volo.Abp.AbpApplicationBase.ConfigureServices()
   at Volo.Abp.AbpApplicationBase..ctor(Type startupModuleType, IServiceCollection services, Action`1 optionsAction)
   at Volo.Abp.AbpApplicationWithExternalServiceProvider..ctor(Type startupModuleType, IServiceCollection services, Action`1 optionsAction)
   at Volo.Abp.AbpApplicationFactory.Create(Type startupModuleType, IServiceCollection services, Action`1 optionsAction)
   at Volo.Abp.AbpApplicationFactory.Create[TStartupModule](IServiceCollection services, Action`1 optionsAction)
   at Microsoft.Extensions.DependencyInjection.ServiceCollectionApplicationExtensions.AddApplication[TStartupModule](IServiceCollection services, Action`1 optionsAction)
   at Volo.Abp.Testing.AbpIntegratedTest`1..ctor()
   at FAFS.FAFSTestBase`1..ctor()
   at FAFS.EntityFrameworkCore.FAFSEntityFrameworkCoreTestBase..ctor()
   at FAFS.Destinations.DestinationAppService_Tests..ctor() in C:\Users\Santi\OneDrive\Desktop\desarrollo\desarrollo tp\App\test\FAFS.EntityFrameworkCore.Tests\Destinations\DestinationAppService_Tests.cs:line 19
   at System.RuntimeType.CreateInstanceDefaultCtor(Boolean publicOnly, Boolean wrapExceptions)
----- Inner Stack Trace -----
   at Microsoft.Data.Sqlite.SqliteException.ThrowExceptionForRC(Int32 rc, sqlite3 db)
   at Microsoft.Data.Sqlite.SqliteCommand.PrepareAndEnumerateStatements()+MoveNext()
   at Microsoft.Data.Sqlite.SqliteCommand.GetStatements()+MoveNext()
   at Microsoft.Data.Sqlite.SqliteDataReader.NextResult()
   at Microsoft.Data.Sqlite.SqliteCommand.ExecuteReader(CommandBehavior behavior)
   at Microsoft.Data.Sqlite.SqliteCommand.ExecuteReader()
   at Microsoft.Data.Sqlite.SqliteCommand.ExecuteNonQuery()
   at Microsoft.EntityFrameworkCore.Storage.RelationalCommand.ExecuteNonQuery(RelationalCommandParameterObject parameterObject)
   at Microsoft.EntityFrameworkCore.Migrations.MigrationCommand.ExecuteNonQuery(IRelationalConnection connection, IReadOnlyDictionary`2 parameterValues)
   at Microsoft.EntityFrameworkCore.Migrations.Internal.MigrationCommandExecutor.Execute(IReadOnlyList`1 migrationCommands, IRelationalConnection connection, MigrationExecutionState executionState, Boolean beginTransaction, Boolean commitTransaction, Nullable`1 isolationLevel)
   at Microsoft.EntityFrameworkCore.Migrations.Internal.MigrationCommandExecutor.<>c.<ExecuteNonQuery>b__3_1(DbContext _, ValueTuple`6 s)
   at Microsoft.EntityFrameworkCore.Storage.NonRetryingExecutionStrategy.Execute[TState,TResult](TState state, Func`3 operation, Func`3 verifySucceeded)
   at Microsoft.EntityFrameworkCore.Migrations.Internal.MigrationCommandExecutor.ExecuteNonQuery(IReadOnlyList`1 migrationCommands, IRelationalConnection connection, MigrationExecutionState executionState, Boolean commitTransaction, Nullable`1 isolationLevel)
   at Microsoft.EntityFrameworkCore.Storage.RelationalDatabaseCreator.CreateTables()
   at FAFS.EntityFrameworkCore.FAFSEntityFrameworkCoreTestModule.CreateDatabaseAndGetConnection() in C:\Users\Santi\OneDrive\Desktop\desarrollo\desarrollo tp\App\test\FAFS.EntityFrameworkCore.Tests\EntityFrameworkCore\FAFSEntityFrameworkCoreTestModule.cs:line 72
   at FAFS.EntityFrameworkCore.FAFSEntityFrameworkCoreTestModule.ConfigureInMemorySqlite(IServiceCollection services) in C:\Users\Santi\OneDrive\Desktop\desarrollo\desarrollo tp\App\test\FAFS.EntityFrameworkCore.Tests\EntityFrameworkCore\FAFSEntityFrameworkCoreTestModule.cs:line 45
   at FAFS.EntityFrameworkCore.FAFSEntityFrameworkCoreTestModule.ConfigureServices(ServiceConfigurationContext context) in C:\Users\Santi\OneDrive\Desktop\desarrollo\desarrollo tp\App\test\FAFS.EntityFrameworkCore.Tests\EntityFrameworkCore\FAFSEntityFrameworkCoreTestModule.cs:line 39
   at Volo.Abp.AbpApplicationBase.ConfigureServices()
  Con error FAFS.Users.UserManagement_Tests.Should_Register_A_New_User [1 ms]
  Mensaje de error:
   Volo.Abp.AbpInitializationException : An error occurred during ConfigureServices phase of the module FAFS.EntityFrameworkCore.FAFSEntityFrameworkCoreTestModule, FAFS.EntityFrameworkCore.Tests, Version=1.0.0.0, Culture=neutral, PublicKeyToken=null. See the inner exception for details.
---- Microsoft.Data.Sqlite.SqliteException : SQLite Error 1: 'near "max": syntax error'.
  Seguimiento de la pila:
     at Volo.Abp.AbpApplicationBase.ConfigureServices()
   at Volo.Abp.AbpApplicationBase..ctor(Type startupModuleType, IServiceCollection services, Action`1 optionsAction)
   at Volo.Abp.AbpApplicationWithExternalServiceProvider..ctor(Type startupModuleType, IServiceCollection services, Action`1 optionsAction)
   at Volo.Abp.AbpApplicationFactory.Create(Type startupModuleType, IServiceCollection services, Action`1 optionsAction)
   at Volo.Abp.AbpApplicationFactory.Create[TStartupModule](IServiceCollection services, Action`1 optionsAction)
   at Microsoft.Extensions.DependencyInjection.ServiceCollectionApplicationExtensions.AddApplication[TStartupModule](IServiceCollection services, Action`1 optionsAction)
   at Volo.Abp.Testing.AbpIntegratedTest`1..ctor()
   at FAFS.FAFSTestBase`1..ctor()
   at FAFS.EntityFrameworkCore.FAFSEntityFrameworkCoreTestBase..ctor()
   at FAFS.Users.UserManagement_Tests..ctor() in C:\Users\Santi\OneDrive\Desktop\desarrollo\desarrollo tp\App\test\FAFS.EntityFrameworkCore.Tests\Users\UserManagement_Tests.cs:line 22
   at System.RuntimeType.CreateInstanceDefaultCtor(Boolean publicOnly, Boolean wrapExceptions)
----- Inner Stack Trace -----
   at Microsoft.Data.Sqlite.SqliteException.ThrowExceptionForRC(Int32 rc, sqlite3 db)
   at Microsoft.Data.Sqlite.SqliteCommand.PrepareAndEnumerateStatements()+MoveNext()
   at Microsoft.Data.Sqlite.SqliteCommand.GetStatements()+MoveNext()
   at Microsoft.Data.Sqlite.SqliteDataReader.NextResult()
   at Microsoft.Data.Sqlite.SqliteCommand.ExecuteReader(CommandBehavior behavior)
   at Microsoft.Data.Sqlite.SqliteCommand.ExecuteReader()
   at Microsoft.Data.Sqlite.SqliteCommand.ExecuteNonQuery()
   at Microsoft.EntityFrameworkCore.Storage.RelationalCommand.ExecuteNonQuery(RelationalCommandParameterObject parameterObject)
   at Microsoft.EntityFrameworkCore.Migrations.MigrationCommand.ExecuteNonQuery(IRelationalConnection connection, IReadOnlyDictionary`2 parameterValues)
   at Microsoft.EntityFrameworkCore.Migrations.Internal.MigrationCommandExecutor.Execute(IReadOnlyList`1 migrationCommands, IRelationalConnection connection, MigrationExecutionState executionState, Boolean beginTransaction, Boolean commitTransaction, Nullable`1 isolationLevel)
   at Microsoft.EntityFrameworkCore.Migrations.Internal.MigrationCommandExecutor.<>c.<ExecuteNonQuery>b__3_1(DbContext _, ValueTuple`6 s)
   at Microsoft.EntityFrameworkCore.Storage.NonRetryingExecutionStrategy.Execute[TState,TResult](TState state, Func`3 operation, Func`3 verifySucceeded)
   at Microsoft.EntityFrameworkCore.Migrations.Internal.MigrationCommandExecutor.ExecuteNonQuery(IReadOnlyList`1 migrationCommands, IRelationalConnection connection, MigrationExecutionState executionState, Boolean commitTransaction, Nullable`1 isolationLevel)
   at Microsoft.EntityFrameworkCore.Storage.RelationalDatabaseCreator.CreateTables()
   at FAFS.EntityFrameworkCore.FAFSEntityFrameworkCoreTestModule.CreateDatabaseAndGetConnection() in C:\Users\Santi\OneDrive\Desktop\desarrollo\desarrollo tp\App\test\FAFS.EntityFrameworkCore.Tests\EntityFrameworkCore\FAFSEntityFrameworkCoreTestModule.cs:line 72
   at FAFS.EntityFrameworkCore.FAFSEntityFrameworkCoreTestModule.ConfigureInMemorySqlite(IServiceCollection services) in C:\Users\Santi\OneDrive\Desktop\desarrollo\desarrollo tp\App\test\FAFS.EntityFrameworkCore.Tests\EntityFrameworkCore\FAFSEntityFrameworkCoreTestModule.cs:line 45
   at FAFS.EntityFrameworkCore.FAFSEntityFrameworkCoreTestModule.ConfigureServices(ServiceConfigurationContext context) in C:\Users\Santi\OneDrive\Desktop\desarrollo\desarrollo tp\App\test\FAFS.EntityFrameworkCore.Tests\EntityFrameworkCore\FAFSEntityFrameworkCoreTestModule.cs:line 39
   at Volo.Abp.AbpApplicationBase.ConfigureServices()
  Con error FAFS.EntityFrameworkCore.Experiences.ExperienceAppService_Tests.Should_Search_By_Keyword [1 ms]
  Mensaje de error:
   Volo.Abp.AbpInitializationException : An error occurred during ConfigureServices phase of the module FAFS.EntityFrameworkCore.FAFSEntityFrameworkCoreTestModule, FAFS.EntityFrameworkCore.Tests, Version=1.0.0.0, Culture=neutral, PublicKeyToken=null. See the inner exception for details.
---- Microsoft.Data.Sqlite.SqliteException : SQLite Error 1: 'near "max": syntax error'.
  Seguimiento de la pila:
     at Volo.Abp.AbpApplicationBase.ConfigureServices()
   at Volo.Abp.AbpApplicationBase..ctor(Type startupModuleType, IServiceCollection services, Action`1 optionsAction)
   at Volo.Abp.AbpApplicationWithExternalServiceProvider..ctor(Type startupModuleType, IServiceCollection services, Action`1 optionsAction)
   at Volo.Abp.AbpApplicationFactory.Create(Type startupModuleType, IServiceCollection services, Action`1 optionsAction)
   at Volo.Abp.AbpApplicationFactory.Create[TStartupModule](IServiceCollection services, Action`1 optionsAction)
   at Microsoft.Extensions.DependencyInjection.ServiceCollectionApplicationExtensions.AddApplication[TStartupModule](IServiceCollection services, Action`1 optionsAction)
   at Volo.Abp.Testing.AbpIntegratedTest`1..ctor()
   at FAFS.FAFSTestBase`1..ctor()
   at FAFS.EntityFrameworkCore.FAFSEntityFrameworkCoreTestBase..ctor()
   at FAFS.EntityFrameworkCore.Experiences.ExperienceAppService_Tests..ctor() in C:\Users\Santi\OneDrive\Desktop\desarrollo\desarrollo tp\App\test\FAFS.EntityFrameworkCore.Tests\Experiences\ExperienceAppService_Tests.cs:line 20
   at System.RuntimeType.CreateInstanceDefaultCtor(Boolean publicOnly, Boolean wrapExceptions)
----- Inner Stack Trace -----
   at Microsoft.Data.Sqlite.SqliteException.ThrowExceptionForRC(Int32 rc, sqlite3 db)
   at Microsoft.Data.Sqlite.SqliteCommand.PrepareAndEnumerateStatements()+MoveNext()
   at Microsoft.Data.Sqlite.SqliteCommand.GetStatements()+MoveNext()
   at Microsoft.Data.Sqlite.SqliteDataReader.NextResult()
   at Microsoft.Data.Sqlite.SqliteCommand.ExecuteReader(CommandBehavior behavior)
   at Microsoft.Data.Sqlite.SqliteCommand.ExecuteReader()
   at Microsoft.Data.Sqlite.SqliteCommand.ExecuteNonQuery()
   at Microsoft.EntityFrameworkCore.Storage.RelationalCommand.ExecuteNonQuery(RelationalCommandParameterObject parameterObject)
   at Microsoft.EntityFrameworkCore.Migrations.MigrationCommand.ExecuteNonQuery(IRelationalConnection connection, IReadOnlyDictionary`2 parameterValues)
   at Microsoft.EntityFrameworkCore.Migrations.Internal.MigrationCommandExecutor.Execute(IReadOnlyList`1 migrationCommands, IRelationalConnection connection, MigrationExecutionState executionState, Boolean beginTransaction, Boolean commitTransaction, Nullable`1 isolationLevel)
   at Microsoft.EntityFrameworkCore.Migrations.Internal.MigrationCommandExecutor.<>c.<ExecuteNonQuery>b__3_1(DbContext _, ValueTuple`6 s)
   at Microsoft.EntityFrameworkCore.Storage.NonRetryingExecutionStrategy.Execute[TState,TResult](TState state, Func`3 operation, Func`3 verifySucceeded)
   at Microsoft.EntityFrameworkCore.Migrations.Internal.MigrationCommandExecutor.ExecuteNonQuery(IReadOnlyList`1 migrationCommands, IRelationalConnection connection, MigrationExecutionState executionState, Boolean commitTransaction, Nullable`1 isolationLevel)
   at Microsoft.EntityFrameworkCore.Storage.RelationalDatabaseCreator.CreateTables()
   at FAFS.EntityFrameworkCore.FAFSEntityFrameworkCoreTestModule.CreateDatabaseAndGetConnection() in C:\Users\Santi\OneDrive\Desktop\desarrollo\desarrollo tp\App\test\FAFS.EntityFrameworkCore.Tests\EntityFrameworkCore\FAFSEntityFrameworkCoreTestModule.cs:line 72
   at FAFS.EntityFrameworkCore.FAFSEntityFrameworkCoreTestModule.ConfigureInMemorySqlite(IServiceCollection services) in C:\Users\Santi\OneDrive\Desktop\desarrollo\desarrollo tp\App\test\FAFS.EntityFrameworkCore.Tests\EntityFrameworkCore\FAFSEntityFrameworkCoreTestModule.cs:line 45
   at FAFS.EntityFrameworkCore.FAFSEntityFrameworkCoreTestModule.ConfigureServices(ServiceConfigurationContext context) in C:\Users\Santi\OneDrive\Desktop\desarrollo\desarrollo tp\App\test\FAFS.EntityFrameworkCore.Tests\EntityFrameworkCore\FAFSEntityFrameworkCoreTestModule.cs:line 39
   at Volo.Abp.AbpApplicationBase.ConfigureServices()
[xUnit.net 00:00:01.40]     FA
FS.Users.UserManagement_Tests.
Should_Delete_Own_Account 
[FAIL]
[xUnit.net 00:00:01.40]     FA
FS.Destinations.DestinationApp
Service_Tests.Should_Create_De
stination_Successfully [FAIL]
[xUnit.net 00:00:01.40]     FA
FS.EntityFrameworkCore.Experie
nces.ExperienceAppService_Test
s.Should_Not_Update_Someone_El
se_Experience [FAIL]
[xUnit.net 00:00:01.45]     FA
FS.Users.UserManagement_Tests.
Should_Get_Public_Profile 
[FAIL]
[xUnit.net 00:00:01.46]     FA
FS.Destinations.DestinationApp
Service_Tests.GetCityDetailsAs
ync_Should_Return_Details 
[FAIL]
[xUnit.net 00:00:01.51]     FA
FS.Destinations.DestinationApp
Service_Tests.Should_Get_Filte
red_Local_Destinations [FAIL]
  Con error FAFS.Users.UserManagement_Tests.Should_Delete_Own_Account [1 ms]
  Mensaje de error:
   Volo.Abp.AbpInitializationException : An error occurred during ConfigureServices phase of the module FAFS.EntityFrameworkCore.FAFSEntityFrameworkCoreTestModule, FAFS.EntityFrameworkCore.Tests, Version=1.0.0.0, Culture=neutral, PublicKeyToken=null. See the inner exception for details.
---- Microsoft.Data.Sqlite.SqliteException : SQLite Error 1: 'near "max": syntax error'.
  Seguimiento de la pila:
     at Volo.Abp.AbpApplicationBase.ConfigureServices()
   at Volo.Abp.AbpApplicationBase..ctor(Type startupModuleType, IServiceCollection services, Action`1 optionsAction)
   at Volo.Abp.AbpApplicationWithExternalServiceProvider..ctor(Type startupModuleType, IServiceCollection services, Action`1 optionsAction)
   at Volo.Abp.AbpApplicationFactory.Create(Type startupModuleType, IServiceCollection services, Action`1 optionsAction)
   at Volo.Abp.AbpApplicationFactory.Create[TStartupModule](IServiceCollection services, Action`1 optionsAction)
   at Microsoft.Extensions.DependencyInjection.ServiceCollectionApplicationExtensions.AddApplication[TStartupModule](IServiceCollection services, Action`1 optionsAction)
   at Volo.Abp.Testing.AbpIntegratedTest`1..ctor()
   at FAFS.FAFSTestBase`1..ctor()
   at FAFS.EntityFrameworkCore.FAFSEntityFrameworkCoreTestBase..ctor()
   at FAFS.Users.UserManagement_Tests..ctor() in C:\Users\Santi\OneDrive\Desktop\desarrollo\desarrollo tp\App\test\FAFS.EntityFrameworkCore.Tests\Users\UserManagement_Tests.cs:line 22
   at System.RuntimeType.CreateInstanceDefaultCtor(Boolean publicOnly, Boolean wrapExceptions)
----- Inner Stack Trace -----
   at Microsoft.Data.Sqlite.SqliteException.ThrowExceptionForRC(Int32 rc, sqlite3 db)
   at Microsoft.Data.Sqlite.SqliteCommand.PrepareAndEnumerateStatements()+MoveNext()
   at Microsoft.Data.Sqlite.SqliteCommand.GetStatements()+MoveNext()
   at Microsoft.Data.Sqlite.SqliteDataReader.NextResult()
   at Microsoft.Data.Sqlite.SqliteCommand.ExecuteReader(CommandBehavior behavior)
   at Microsoft.Data.Sqlite.SqliteCommand.ExecuteReader()
   at Microsoft.Data.Sqlite.SqliteCommand.ExecuteNonQuery()
   at Microsoft.EntityFrameworkCore.Storage.RelationalCommand.ExecuteNonQuery(RelationalCommandParameterObject parameterObject)
   at Microsoft.EntityFrameworkCore.Migrations.MigrationCommand.ExecuteNonQuery(IRelationalConnection connection, IReadOnlyDictionary`2 parameterValues)
   at Microsoft.EntityFrameworkCore.Migrations.Internal.MigrationCommandExecutor.Execute(IReadOnlyList`1 migrationCommands, IRelationalConnection connection, MigrationExecutionState executionState, Boolean beginTransaction, Boolean commitTransaction, Nullable`1 isolationLevel)
   at Microsoft.EntityFrameworkCore.Migrations.Internal.MigrationCommandExecutor.<>c.<ExecuteNonQuery>b__3_1(DbContext _, ValueTuple`6 s)
   at Microsoft.EntityFrameworkCore.Storage.NonRetryingExecutionStrategy.Execute[TState,TResult](TState state, Func`3 operation, Func`3 verifySucceeded)
   at Microsoft.EntityFrameworkCore.Migrations.Internal.MigrationCommandExecutor.ExecuteNonQuery(IReadOnlyList`1 migrationCommands, IRelationalConnection connection, MigrationExecutionState executionState, Boolean commitTransaction, Nullable`1 isolationLevel)
   at Microsoft.EntityFrameworkCore.Storage.RelationalDatabaseCreator.CreateTables()
   at FAFS.EntityFrameworkCore.FAFSEntityFrameworkCoreTestModule.CreateDatabaseAndGetConnection() in C:\Users\Santi\OneDrive\Desktop\desarrollo\desarrollo tp\App\test\FAFS.EntityFrameworkCore.Tests\EntityFrameworkCore\FAFSEntityFrameworkCoreTestModule.cs:line 72
   at FAFS.EntityFrameworkCore.FAFSEntityFrameworkCoreTestModule.ConfigureInMemorySqlite(IServiceCollection services) in C:\Users\Santi\OneDrive\Desktop\desarrollo\desarrollo tp\App\test\FAFS.EntityFrameworkCore.Tests\EntityFrameworkCore\FAFSEntityFrameworkCoreTestModule.cs:line 45
   at FAFS.EntityFrameworkCore.FAFSEntityFrameworkCoreTestModule.ConfigureServices(ServiceConfigurationContext context) in C:\Users\Santi\OneDrive\Desktop\desarrollo\desarrollo tp\App\test\FAFS.EntityFrameworkCore.Tests\EntityFrameworkCore\FAFSEntityFrameworkCoreTestModule.cs:line 39
   at Volo.Abp.AbpApplicationBase.ConfigureServices()
  Con error FAFS.Destinations.DestinationAppService_Tests.Should_Create_Destination_Successfully [1 ms]
  Mensaje de error:
   Volo.Abp.AbpInitializationException : An error occurred during ConfigureServices phase of the module FAFS.EntityFrameworkCore.FAFSEntityFrameworkCoreTestModule, FAFS.EntityFrameworkCore.Tests, Version=1.0.0.0, Culture=neutral, PublicKeyToken=null. See the inner exception for details.
---- Microsoft.Data.Sqlite.SqliteException : SQLite Error 1: 'near "max": syntax error'.
  Seguimiento de la pila:
     at Volo.Abp.AbpApplicationBase.ConfigureServices()
   at Volo.Abp.AbpApplicationBase..ctor(Type startupModuleType, IServiceCollection services, Action`1 optionsAction)
   at Volo.Abp.AbpApplicationWithExternalServiceProvider..ctor(Type startupModuleType, IServiceCollection services, Action`1 optionsAction)
   at Volo.Abp.AbpApplicationFactory.Create(Type startupModuleType, IServiceCollection services, Action`1 optionsAction)
   at Volo.Abp.AbpApplicationFactory.Create[TStartupModule](IServiceCollection services, Action`1 optionsAction)
   at Microsoft.Extensions.DependencyInjection.ServiceCollectionApplicationExtensions.AddApplication[TStartupModule](IServiceCollection services, Action`1 optionsAction)
   at Volo.Abp.Testing.AbpIntegratedTest`1..ctor()
   at FAFS.FAFSTestBase`1..ctor()
   at FAFS.EntityFrameworkCore.FAFSEntityFrameworkCoreTestBase..ctor()
   at FAFS.Destinations.DestinationAppService_Tests..ctor() in C:\Users\Santi\OneDrive\Desktop\desarrollo\desarrollo tp\App\test\FAFS.EntityFrameworkCore.Tests\Destinations\DestinationAppService_Tests.cs:line 19
   at System.RuntimeType.CreateInstanceDefaultCtor(Boolean publicOnly, Boolean wrapExceptions)
----- Inner Stack Trace -----
   at Microsoft.Data.Sqlite.SqliteException.ThrowExceptionForRC(Int32 rc, sqlite3 db)
   at Microsoft.Data.Sqlite.SqliteCommand.PrepareAndEnumerateStatements()+MoveNext()
   at Microsoft.Data.Sqlite.SqliteCommand.GetStatements()+MoveNext()
   at Microsoft.Data.Sqlite.SqliteDataReader.NextResult()
   at Microsoft.Data.Sqlite.SqliteCommand.ExecuteReader(CommandBehavior behavior)
   at Microsoft.Data.Sqlite.SqliteCommand.ExecuteReader()
   at Microsoft.Data.Sqlite.SqliteCommand.ExecuteNonQuery()
   at Microsoft.EntityFrameworkCore.Storage.RelationalCommand.ExecuteNonQuery(RelationalCommandParameterObject parameterObject)
   at Microsoft.EntityFrameworkCore.Migrations.MigrationCommand.ExecuteNonQuery(IRelationalConnection connection, IReadOnlyDictionary`2 parameterValues)
   at Microsoft.EntityFrameworkCore.Migrations.Internal.MigrationCommandExecutor.Execute(IReadOnlyList`1 migrationCommands, IRelationalConnection connection, MigrationExecutionState executionState, Boolean beginTransaction, Boolean commitTransaction, Nullable`1 isolationLevel)
   at Microsoft.EntityFrameworkCore.Migrations.Internal.MigrationCommandExecutor.<>c.<ExecuteNonQuery>b__3_1(DbContext _, ValueTuple`6 s)
   at Microsoft.EntityFrameworkCore.Storage.NonRetryingExecutionStrategy.Execute[TState,TResult](TState state, Func`3 operation, Func`3 verifySucceeded)
   at Microsoft.EntityFrameworkCore.Migrations.Internal.MigrationCommandExecutor.ExecuteNonQuery(IReadOnlyList`1 migrationCommands, IRelationalConnection connection, MigrationExecutionState executionState, Boolean commitTransaction, Nullable`1 isolationLevel)
   at Microsoft.EntityFrameworkCore.Storage.RelationalDatabaseCreator.CreateTables()
   at FAFS.EntityFrameworkCore.FAFSEntityFrameworkCoreTestModule.CreateDatabaseAndGetConnection() in C:\Users\Santi\OneDrive\Desktop\desarrollo\desarrollo tp\App\test\FAFS.EntityFrameworkCore.Tests\EntityFrameworkCore\FAFSEntityFrameworkCoreTestModule.cs:line 72
   at FAFS.EntityFrameworkCore.FAFSEntityFrameworkCoreTestModule.ConfigureInMemorySqlite(IServiceCollection services) in C:\Users\Santi\OneDrive\Desktop\desarrollo\desarrollo tp\App\test\FAFS.EntityFrameworkCore.Tests\EntityFrameworkCore\FAFSEntityFrameworkCoreTestModule.cs:line 45
   at FAFS.EntityFrameworkCore.FAFSEntityFrameworkCoreTestModule.ConfigureServices(ServiceConfigurationContext context) in C:\Users\Santi\OneDrive\Desktop\desarrollo\desarrollo tp\App\test\FAFS.EntityFrameworkCore.Tests\EntityFrameworkCore\FAFSEntityFrameworkCoreTestModule.cs:line 39
   at Volo.Abp.AbpApplicationBase.ConfigureServices()
  Con error FAFS.EntityFrameworkCore.Experiences.ExperienceAppService_Tests.Should_Not_Update_Someone_Else_Experience [1 ms]
  Mensaje de error:
   Volo.Abp.AbpInitializationException : An error occurred during ConfigureServices phase of the module FAFS.EntityFrameworkCore.FAFSEntityFrameworkCoreTestModule, FAFS.EntityFrameworkCore.Tests, Version=1.0.0.0, Culture=neutral, PublicKeyToken=null. See the inner exception for details.
---- Microsoft.Data.Sqlite.SqliteException : SQLite Error 1: 'near "max": syntax error'.
  Seguimiento de la pila:
     at Volo.Abp.AbpApplicationBase.ConfigureServices()
   at Volo.Abp.AbpApplicationBase..ctor(Type startupModuleType, IServiceCollection services, Action`1 optionsAction)
   at Volo.Abp.AbpApplicationWithExternalServiceProvider..ctor(Type startupModuleType, IServiceCollection services, Action`1 optionsAction)
   at Volo.Abp.AbpApplicationFactory.Create(Type startupModuleType, IServiceCollection services, Action`1 optionsAction)
   at Volo.Abp.AbpApplicationFactory.Create[TStartupModule](IServiceCollection services, Action`1 optionsAction)
   at Microsoft.Extensions.DependencyInjection.ServiceCollectionApplicationExtensions.AddApplication[TStartupModule](IServiceCollection services, Action`1 optionsAction)
   at Volo.Abp.Testing.AbpIntegratedTest`1..ctor()
   at FAFS.FAFSTestBase`1..ctor()
   at FAFS.EntityFrameworkCore.FAFSEntityFrameworkCoreTestBase..ctor()
   at FAFS.EntityFrameworkCore.Experiences.ExperienceAppService_Tests..ctor() in C:\Users\Santi\OneDrive\Desktop\desarrollo\desarrollo tp\App\test\FAFS.EntityFrameworkCore.Tests\Experiences\ExperienceAppService_Tests.cs:line 20
   at System.RuntimeType.CreateInstanceDefaultCtor(Boolean publicOnly, Boolean wrapExceptions)
----- Inner Stack Trace -----
   at Microsoft.Data.Sqlite.SqliteException.ThrowExceptionForRC(Int32 rc, sqlite3 db)
   at Microsoft.Data.Sqlite.SqliteCommand.PrepareAndEnumerateStatements()+MoveNext()
   at Microsoft.Data.Sqlite.SqliteCommand.GetStatements()+MoveNext()
   at Microsoft.Data.Sqlite.SqliteDataReader.NextResult()
   at Microsoft.Data.Sqlite.SqliteCommand.ExecuteReader(CommandBehavior behavior)
   at Microsoft.Data.Sqlite.SqliteCommand.ExecuteReader()
   at Microsoft.Data.Sqlite.SqliteCommand.ExecuteNonQuery()
   at Microsoft.EntityFrameworkCore.Storage.RelationalCommand.ExecuteNonQuery(RelationalCommandParameterObject parameterObject)
   at Microsoft.EntityFrameworkCore.Migrations.MigrationCommand.ExecuteNonQuery(IRelationalConnection connection, IReadOnlyDictionary`2 parameterValues)
   at Microsoft.EntityFrameworkCore.Migrations.Internal.MigrationCommandExecutor.Execute(IReadOnlyList`1 migrationCommands, IRelationalConnection connection, MigrationExecutionState executionState, Boolean beginTransaction, Boolean commitTransaction, Nullable`1 isolationLevel)
   at Microsoft.EntityFrameworkCore.Migrations.Internal.MigrationCommandExecutor.<>c.<ExecuteNonQuery>b__3_1(DbContext _, ValueTuple`6 s)
   at Microsoft.EntityFrameworkCore.Storage.NonRetryingExecutionStrategy.Execute[TState,TResult](TState state, Func`3 operation, Func`3 verifySucceeded)
   at Microsoft.EntityFrameworkCore.Migrations.Internal.MigrationCommandExecutor.ExecuteNonQuery(IReadOnlyList`1 migrationCommands, IRelationalConnection connection, MigrationExecutionState executionState, Boolean commitTransaction, Nullable`1 isolationLevel)
   at Microsoft.EntityFrameworkCore.Storage.RelationalDatabaseCreator.CreateTables()
   at FAFS.EntityFrameworkCore.FAFSEntityFrameworkCoreTestModule.CreateDatabaseAndGetConnection() in C:\Users\Santi\OneDrive\Desktop\desarrollo\desarrollo tp\App\test\FAFS.EntityFrameworkCore.Tests\EntityFrameworkCore\FAFSEntityFrameworkCoreTestModule.cs:line 72
   at FAFS.EntityFrameworkCore.FAFSEntityFrameworkCoreTestModule.ConfigureInMemorySqlite(IServiceCollection services) in C:\Users\Santi\OneDrive\Desktop\desarrollo\desarrollo tp\App\test\FAFS.EntityFrameworkCore.Tests\EntityFrameworkCore\FAFSEntityFrameworkCoreTestModule.cs:line 45
   at FAFS.EntityFrameworkCore.FAFSEntityFrameworkCoreTestModule.ConfigureServices(ServiceConfigurationContext context) in C:\Users\Santi\OneDrive\Desktop\desarrollo\desarrollo tp\App\test\FAFS.EntityFrameworkCore.Tests\EntityFrameworkCore\FAFSEntityFrameworkCoreTestModule.cs:line 39
   at Volo.Abp.AbpApplicationBase.ConfigureServices()
  Con error FAFS.Users.UserManagement_Tests.Should_Get_Public_Profile [1 ms]
  Mensaje de error:
   Volo.Abp.AbpInitializationException : An error occurred during ConfigureServices phase of the module FAFS.EntityFrameworkCore.FAFSEntityFrameworkCoreTestModule, FAFS.EntityFrameworkCore.Tests, Version=1.0.0.0, Culture=neutral, PublicKeyToken=null. See the inner exception for details.
---- Microsoft.Data.Sqlite.SqliteException : SQLite Error 1: 'near "max": syntax error'.
  Seguimiento de la pila:
     at Volo.Abp.AbpApplicationBase.ConfigureServices()
   at Volo.Abp.AbpApplicationBase..ctor(Type startupModuleType, IServiceCollection services, Action`1 optionsAction)
   at Volo.Abp.AbpApplicationWithExternalServiceProvider..ctor(Type startupModuleType, IServiceCollection services, Action`1 optionsAction)
   at Volo.Abp.AbpApplicationFactory.Create(Type startupModuleType, IServiceCollection services, Action`1 optionsAction)
   at Volo.Abp.AbpApplicationFactory.Create[TStartupModule](IServiceCollection services, Action`1 optionsAction)
   at Microsoft.Extensions.DependencyInjection.ServiceCollectionApplicationExtensions.AddApplication[TStartupModule](IServiceCollection services, Action`1 optionsAction)
   at Volo.Abp.Testing.AbpIntegratedTest`1..ctor()
   at FAFS.FAFSTestBase`1..ctor()
   at FAFS.EntityFrameworkCore.FAFSEntityFrameworkCoreTestBase..ctor()
   at FAFS.Users.UserManagement_Tests..ctor() in C:\Users\Santi\OneDrive\Desktop\desarrollo\desarrollo tp\App\test\FAFS.EntityFrameworkCore.Tests\Users\UserManagement_Tests.cs:line 22
   at System.RuntimeType.CreateInstanceDefaultCtor(Boolean publicOnly, Boolean wrapExceptions)
----- Inner Stack Trace -----
   at Microsoft.Data.Sqlite.SqliteException.ThrowExceptionForRC(Int32 rc, sqlite3 db)
   at Microsoft.Data.Sqlite.SqliteCommand.PrepareAndEnumerateStatements()+MoveNext()
   at Microsoft.Data.Sqlite.SqliteCommand.GetStatements()+MoveNext()
   at Microsoft.Data.Sqlite.SqliteDataReader.NextResult()
   at Microsoft.Data.Sqlite.SqliteCommand.ExecuteReader(CommandBehavior behavior)
   at Microsoft.Data.Sqlite.SqliteCommand.ExecuteReader()
   at Microsoft.Data.Sqlite.SqliteCommand.ExecuteNonQuery()
   at Microsoft.EntityFrameworkCore.Storage.RelationalCommand.ExecuteNonQuery(RelationalCommandParameterObject parameterObject)
   at Microsoft.EntityFrameworkCore.Migrations.MigrationCommand.ExecuteNonQuery(IRelationalConnection connection, IReadOnlyDictionary`2 parameterValues)
   at Microsoft.EntityFrameworkCore.Migrations.Internal.MigrationCommandExecutor.Execute(IReadOnlyList`1 migrationCommands, IRelationalConnection connection, MigrationExecutionState executionState, Boolean beginTransaction, Boolean commitTransaction, Nullable`1 isolationLevel)
   at Microsoft.EntityFrameworkCore.Migrations.Internal.MigrationCommandExecutor.<>c.<ExecuteNonQuery>b__3_1(DbContext _, ValueTuple`6 s)
   at Microsoft.EntityFrameworkCore.Storage.NonRetryingExecutionStrategy.Execute[TState,TResult](TState state, Func`3 operation, Func`3 verifySucceeded)
   at Microsoft.EntityFrameworkCore.Migrations.Internal.MigrationCommandExecutor.ExecuteNonQuery(IReadOnlyList`1 migrationCommands, IRelationalConnection connection, MigrationExecutionState executionState, Boolean commitTransaction, Nullable`1 isolationLevel)
   at Microsoft.EntityFrameworkCore.Storage.RelationalDatabaseCreator.CreateTables()
   at FAFS.EntityFrameworkCore.FAFSEntityFrameworkCoreTestModule.CreateDatabaseAndGetConnection() in C:\Users\Santi\OneDrive\Desktop\desarrollo\desarrollo tp\App\test\FAFS.EntityFrameworkCore.Tests\EntityFrameworkCore\FAFSEntityFrameworkCoreTestModule.cs:line 72
   at FAFS.EntityFrameworkCore.FAFSEntityFrameworkCoreTestModule.ConfigureInMemorySqlite(IServiceCollection services) in C:\Users\Santi\OneDrive\Desktop\desarrollo\desarrollo tp\App\test\FAFS.EntityFrameworkCore.Tests\EntityFrameworkCore\FAFSEntityFrameworkCoreTestModule.cs:line 45
   at FAFS.EntityFrameworkCore.FAFSEntityFrameworkCoreTestModule.ConfigureServices(ServiceConfigurationContext context) in C:\Users\Santi\OneDrive\Desktop\desarrollo\desarrollo tp\App\test\FAFS.EntityFrameworkCore.Tests\EntityFrameworkCore\FAFSEntityFrameworkCoreTestModule.cs:line 39
   at Volo.Abp.AbpApplicationBase.ConfigureServices()
  Con error FAFS.Destinations.DestinationAppService_Tests.GetCityDetailsAsync_Should_Return_Details [1 ms]
  Mensaje de error:
   Volo.Abp.AbpInitializationException : An error occurred during ConfigureServices phase of the module FAFS.EntityFrameworkCore.FAFSEntityFrameworkCoreTestModule, FAFS.EntityFrameworkCore.Tests, Version=1.0.0.0, Culture=neutral, PublicKeyToken=null. See the inner exception for details.
---- Microsoft.Data.Sqlite.SqliteException : SQLite Error 1: 'near "max": syntax error'.
  Seguimiento de la pila:
     at Volo.Abp.AbpApplicationBase.ConfigureServices()
   at Volo.Abp.AbpApplicationBase..ctor(Type startupModuleType, IServiceCollection services, Action`1 optionsAction)
   at Volo.Abp.AbpApplicationWithExternalServiceProvider..ctor(Type startupModuleType, IServiceCollection services, Action`1 optionsAction)
   at Volo.Abp.AbpApplicationFactory.Create(Type startupModuleType, IServiceCollection services, Action`1 optionsAction)
   at Volo.Abp.AbpApplicationFactory.Create[TStartupModule](IServiceCollection services, Action`1 optionsAction)
   at Microsoft.Extensions.DependencyInjection.ServiceCollectionApplicationExtensions.AddApplication[TStartupModule](IServiceCollection services, Action`1 optionsAction)
   at Volo.Abp.Testing.AbpIntegratedTest`1..ctor()
   at FAFS.FAFSTestBase`1..ctor()
   at FAFS.EntityFrameworkCore.FAFSEntityFrameworkCoreTestBase..ctor()
   at FAFS.Destinations.DestinationAppService_Tests..ctor() in C:\Users\Santi\OneDrive\Desktop\desarrollo\desarrollo tp\App\test\FAFS.EntityFrameworkCore.Tests\Destinations\DestinationAppService_Tests.cs:line 19
   at System.RuntimeType.CreateInstanceDefaultCtor(Boolean publicOnly, Boolean wrapExceptions)
----- Inner Stack Trace -----
   at Microsoft.Data.Sqlite.SqliteException.ThrowExceptionForRC(Int32 rc, sqlite3 db)
   at Microsoft.Data.Sqlite.SqliteCommand.PrepareAndEnumerateStatements()+MoveNext()
   at Microsoft.Data.Sqlite.SqliteCommand.GetStatements()+MoveNext()
   at Microsoft.Data.Sqlite.SqliteDataReader.NextResult()
   at Microsoft.Data.Sqlite.SqliteCommand.ExecuteReader(CommandBehavior behavior)
   at Microsoft.Data.Sqlite.SqliteCommand.ExecuteReader()
   at Microsoft.Data.Sqlite.SqliteCommand.ExecuteNonQuery()
   at Microsoft.EntityFrameworkCore.Storage.RelationalCommand.ExecuteNonQuery(RelationalCommandParameterObject parameterObject)
   at Microsoft.EntityFrameworkCore.Migrations.MigrationCommand.ExecuteNonQuery(IRelationalConnection connection, IReadOnlyDictionary`2 parameterValues)
   at Microsoft.EntityFrameworkCore.Migrations.Internal.MigrationCommandExecutor.Execute(IReadOnlyList`1 migrationCommands, IRelationalConnection connection, MigrationExecutionState executionState, Boolean beginTransaction, Boolean commitTransaction, Nullable`1 isolationLevel)
   at Microsoft.EntityFrameworkCore.Migrations.Internal.MigrationCommandExecutor.<>c.<ExecuteNonQuery>b__3_1(DbContext _, ValueTuple`6 s)
   at Microsoft.EntityFrameworkCore.Storage.NonRetryingExecutionStrategy.Execute[TState,TResult](TState state, Func`3 operation, Func`3 verifySucceeded)
   at Microsoft.EntityFrameworkCore.Migrations.Internal.MigrationCommandExecutor.ExecuteNonQuery(IReadOnlyList`1 migrationCommands, IRelationalConnection connection, MigrationExecutionState executionState, Boolean commitTransaction, Nullable`1 isolationLevel)
   at Microsoft.EntityFrameworkCore.Storage.RelationalDatabaseCreator.CreateTables()
   at FAFS.EntityFrameworkCore.FAFSEntityFrameworkCoreTestModule.CreateDatabaseAndGetConnection() in C:\Users\Santi\OneDrive\Desktop\desarrollo\desarrollo tp\App\test\FAFS.EntityFrameworkCore.Tests\EntityFrameworkCore\FAFSEntityFrameworkCoreTestModule.cs:line 72
   at FAFS.EntityFrameworkCore.FAFSEntityFrameworkCoreTestModule.ConfigureInMemorySqlite(IServiceCollection services) in C:\Users\Santi\OneDrive\Desktop\desarrollo\desarrollo tp\App\test\FAFS.EntityFrameworkCore.Tests\EntityFrameworkCore\FAFSEntityFrameworkCoreTestModule.cs:line 45
   at FAFS.EntityFrameworkCore.FAFSEntityFrameworkCoreTestModule.ConfigureServices(ServiceConfigurationContext context) in C:\Users\Santi\OneDrive\Desktop\desarrollo\desarrollo tp\App\test\FAFS.EntityFrameworkCore.Tests\EntityFrameworkCore\FAFSEntityFrameworkCoreTestModule.cs:line 39
   at Volo.Abp.AbpApplicationBase.ConfigureServices()
  Con error FAFS.Destinations.DestinationAppService_Tests.Should_Get_Filtered_Local_Destinations [1 ms]
  Mensaje de error:
   Volo.Abp.AbpInitializationException : An error occurred during ConfigureServices phase of the module FAFS.EntityFrameworkCore.FAFSEntityFrameworkCoreTestModule, FAFS.EntityFrameworkCore.Tests, Version=1.0.0.0, Culture=neutral, PublicKeyToken=null. See the inner exception for details.
---- Microsoft.Data.Sqlite.SqliteException : SQLite Error 1: 'near "max": syntax error'.
  Seguimiento de la pila:
     at Volo.Abp.AbpApplicationBase.ConfigureServices()
   at Volo.Abp.AbpApplicationBase..ctor(Type startupModuleType, IServiceCollection services, Action`1 optionsAction)
   at Volo.Abp.AbpApplicationWithExternalServiceProvider..ctor(Type startupModuleType, IServiceCollection services, Action`1 optionsAction)
   at Volo.Abp.AbpApplicationFactory.Create(Type startupModuleType, IServiceCollection services, Action`1 optionsAction)
   at Volo.Abp.AbpApplicationFactory.Create[TStartupModule](IServiceCollection services, Action`1 optionsAction)
   at Microsoft.Extensions.DependencyInjection.ServiceCollectionApplicationExtensions.AddApplication[TStartupModule](IServiceCollection services, Action`1 optionsAction)
   at Volo.Abp.Testing.AbpIntegratedTest`1..ctor()
   at FAFS.FAFSTestBase`1..ctor()
   at FAFS.EntityFrameworkCore.FAFSEntityFrameworkCoreTestBase..ctor()
   at FAFS.Destinations.DestinationAppService_Tests..ctor() in C:\Users\Santi\OneDrive\Desktop\desarrollo\desarrollo tp\App\test\FAFS.EntityFrameworkCore.Tests\Destinations\DestinationAppService_Tests.cs:line 19
   at System.RuntimeType.CreateInstanceDefaultCtor(Boolean publicOnly, Boolean wrapExceptions)
----- Inner Stack Trace -----
   at Microsoft.Data.Sqlite.SqliteException.ThrowExceptionForRC(Int32 rc, sqlite3 db)
   at Microsoft.Data.Sqlite.SqliteCommand.PrepareAndEnumerateStatements()+MoveNext()
   at Microsoft.Data.Sqlite.SqliteCommand.GetStatements()+MoveNext()
   at Microsoft.Data.Sqlite.SqliteDataReader.NextResult()
   at Microsoft.Data.Sqlite.SqliteCommand.ExecuteReader(CommandBehavior behavior)
   at Microsoft.Data.Sqlite.SqliteCommand.ExecuteReader()
   at Microsoft.Data.Sqlite.SqliteCommand.ExecuteNonQuery()
   at Microsoft.EntityFrameworkCore.Storage.RelationalCommand.ExecuteNonQuery(RelationalCommandParameterObject parameterObject)
   at Microsoft.EntityFrameworkCore.Migrations.MigrationCommand.ExecuteNonQuery(IRelationalConnection connection, IReadOnlyDictionary`2 parameterValues)
   at Microsoft.EntityFrameworkCore.Migrations.Internal.MigrationCommandExecutor.Execute(IReadOnlyList`1 migrationCommands, IRelationalConnection connection, MigrationExecutionState executionState, Boolean beginTransaction, Boolean commitTransaction, Nullable`1 isolationLevel)
   at Microsoft.EntityFrameworkCore.Migrations.Internal.MigrationCommandExecutor.<>c.<ExecuteNonQuery>b__3_1(DbContext _, ValueTuple`6 s)
   at Microsoft.EntityFrameworkCore.Storage.NonRetryingExecutionStrategy.Execute[TState,TResult](TState state, Func`3 operation, Func`3 verifySucceeded)
   at Microsoft.EntityFrameworkCore.Migrations.Internal.MigrationCommandExecutor.ExecuteNonQuery(IReadOnlyList`1 migrationCommands, IRelationalConnection connection, MigrationExecutionState executionState, Boolean commitTransaction, Nullable`1 isolationLevel)
   at Microsoft.EntityFrameworkCore.Storage.RelationalDatabaseCreator.CreateTables()
   at FAFS.EntityFrameworkCore.FAFSEntityFrameworkCoreTestModule.CreateDatabaseAndGetConnection() in C:\Users\Santi\OneDrive\Desktop\desarrollo\desarrollo tp\App\test\FAFS.EntityFrameworkCore.Tests\EntityFrameworkCore\FAFSEntityFrameworkCoreTestModule.cs:line 72
   at FAFS.EntityFrameworkCore.FAFSEntityFrameworkCoreTestModule.ConfigureInMemorySqlite(IServiceCollection services) in C:\Users\Santi\OneDrive\Desktop\desarrollo\desarrollo tp\App\test\FAFS.EntityFrameworkCore.Tests\EntityFrameworkCore\FAFSEntityFrameworkCoreTestModule.cs:line 45
   at FAFS.EntityFrameworkCore.FAFSEntityFrameworkCoreTestModule.ConfigureServices(ServiceConfigurationContext context) in C:\Users\Santi\OneDrive\Desktop\desarrollo\desarrollo tp\App\test\FAFS.EntityFrameworkCore.Tests\EntityFrameworkCore\FAFSEntityFrameworkCoreTestModule.cs:line 39
   at Volo.Abp.AbpApplicationBase.ConfigureServices()

Con error! - Con error:    19, Superado:     0, Omitido:     0, Total:    19, Duraci├│n: 1 s - FAFS.EntityFrameworkCore.Tests.dll (net9.0)
