Serie de pruebas para C:\Users\Santi\OneDrive\Desktop\desarrollo\desarrollo tp\App\test\FAFS.Application.Tests\bin\Debug\net9.0\FAFS.Application.Tests.dll (.NETCoreApp,Version=v9.0)
Versi├│n 17.14.1 (x64) de VSTest

Iniciando la ejecuci├│n de pruebas, espere...
1 archivos de prueba en total coincidieron con el patr├│n especificado.
[xUnit.net 00:00:00.11]     FAFS.EntityFrameworkCore.Tests.Destinations.GeoDbCitySearchService_Integration_Tests.SearchCitiesAsync_Deberia_Obtener_Resultados_Reales [SKIP]
dotnet : [xUnit.net 00:00:00.64]     FAFS.Applicat
ion.Tests.Destinations.DestinationRatingAppService
_Tests.RateDestinationAsync_Should_Create_Rating 
[FAIL]
En línea: 1 Carácter: 1
+ dotnet test test/FAFS.Application.Tests/FAFS.App
lication.Tests.csproj ...
+ ~~~~~~~~~~~~~~~~~~~~~~~~~~~~~~~~~~~~~~~~~~~~~~~~
~~~~~~~~~~~~~~~~~~~~~
    + CategoryInfo          : NotSpecified: ([xUn 
   it.net 00:0...e_Rating [FAIL]:String) [], Rem  
  oteException
    + FullyQualifiedErrorId : NativeCommandError
 
[xUnit.net 00:00:00.64]     FAFS.Application.Tests
.Destinations.DestinationAppService_Tests.GetListA
sync_Should_Include_Rating_Info [FAIL]
[xUnit.net 00:00:00.71]     FAFS.Application.Tests
.Destinations.DestinationAppService_Tests.GetAsync
_Should_Include_Rating_Info [FAIL]
[xUnit.net 00:00:00.72]     FAFS.Application.Tests
.Destinations.DestinationRatingAppService_Tests.Ra
teDestinationAsync_Should_Throw_If_Already_Rated 
[FAIL]
  Omitidas FAFS.EntityFrameworkCore.Tests.Destinations.GeoDbCitySearchService_Integration_Tests.SearchCitiesAsync_Deberia_Obtener_Resultados_Reales [1 ms]
  Con error FAFS.Application.Tests.Destinations.DestinationRatingAppService_Tests.RateDestinationAsync_Should_Create_Rating [1 ms]
  Mensaje de error:
   Volo.Abp.AbpInitializationException : An error occurred during the initialize Volo.Abp.Modularity.OnApplicationInitializationModuleLifecycleContributor phase of the module FAFS.FAFSTestBaseModule, FAFS.TestBase, Version=1.0.0.0, Culture=neutral, PublicKeyToken=null: An exception was thrown while activating Volo.Abp.PermissionManagement.PermissionDataSeedContributor -> Volo.Abp.Authorization.Permissions.PermissionDefinitionManager -> Volo.Abp.PermissionManagement.DynamicPermissionDefinitionStore.. See the inner exception for details.
---- Autofac.Core.DependencyResolutionException : An exception was thrown while activating Volo.Abp.PermissionManagement.PermissionDataSeedContributor -> Volo.Abp.Authorization.Permissions.PermissionDefinitionManager -> Volo.Abp.PermissionManagement.DynamicPermissionDefinitionStore.
-------- Autofac.Core.DependencyResolutionException : None of the constructors found on type 'Volo.Abp.PermissionManagement.DynamicPermissionDefinitionStore' can be invoked with the available services and parameters:
Cannot resolve parameter 'Volo.Abp.PermissionManagement.IPermissionGroupDefinitionRecordRepository permissionGroupRepository' of constructor 'Void .ctor(Volo.Abp.PermissionManagement.IPermissionGroupDefinitionRecordRepository, Volo.Abp.PermissionManagement.IPermissionDefinitionRecordRepository, Volo.Abp.PermissionManagement.IPermissionDefinitionSerializer, Volo.Abp.PermissionManagement.IDynamicPermissionDefinitionStoreInMemoryCache, Microsoft.Extensions.Caching.Distributed.IDistributedCache, Microsoft.Extensions.Options.IOptions`1[Volo.Abp.Caching.AbpDistributedCacheOptions], Microsoft.Extensions.Options.IOptions`1[Volo.Abp.PermissionManagement.PermissionManagementOptions], Volo.Abp.DistributedLocking.IAbpDistributedLock)'.

See https://autofac.rtfd.io/help/no-constructors-bindable for more info.
  Seguimiento de la pila:
     at Volo.Abp.Modularity.ModuleManager.InitializeModules(ApplicationInitializationContext context)
   at Volo.Abp.AbpApplicationBase.InitializeModules()
   at Volo.Abp.AbpApplicationWithExternalServiceProvider.Initialize(IServiceProvider serviceProvider)
   at Volo.Abp.Testing.AbpIntegratedTest`1..ctor()
   at FAFS.FAFSTestBase`1..ctor()
   at FAFS.FAFSApplicationTestBase`1..ctor()
   at FAFS.FAFSApplicationTestBase..ctor()
   at FAFS.Application.Tests.Destinations.DestinationRatingAppService_Tests..ctor() in C:\Users\Santi\OneDrive\Desktop\desarrollo\desarrollo tp\App\test\FAFS.Application.Tests\Destinations\DestinationRatingAppService_Tests.cs:line 21
   at System.RuntimeType.CreateInstanceDefaultCtor(Boolean publicOnly, Boolean wrapExceptions)
----- Inner Stack Trace -----
   at Autofac.Core.Resolving.Middleware.ActivatorErrorHandlingMiddleware.Execute(ResolveRequestContext context, Action`1 next)
   at Autofac.Core.Resolving.Pipeline.ResolvePipelineBuilder.<>c__DisplayClass14_0.<BuildPipeline>b__1(ResolveRequestContext context)
   at Autofac.Core.Pipeline.ResolvePipeline.Invoke(ResolveRequestContext context)
   at Autofac.Core.Resolving.Middleware.RegistrationPipelineInvokeMiddleware.Execute(ResolveRequestContext context, Action`1 next)
   at Autofac.Core.Resolving.Pipeline.ResolvePipelineBuilder.<>c__DisplayClass14_0.<BuildPipeline>b__1(ResolveRequestContext context)
   at Autofac.Core.Resolving.Middleware.SharingMiddleware.Execute(ResolveRequestContext context, Action`1 next)
   at Autofac.Core.Resolving.Pipeline.ResolvePipelineBuilder.<>c__DisplayClass14_0.<BuildPipeline>b__1(ResolveRequestContext context)
   at Autofac.Core.Resolving.Pipeline.ResolvePipelineBuilder.<>c__DisplayClass14_0.<BuildPipeline>b__1(ResolveRequestContext context)
   at Autofac.Core.Resolving.Middleware.CircularDependencyDetectorMiddleware.Execute(ResolveRequestContext context, Action`1 next)
   at Autofac.Core.Resolving.Pipeline.ResolvePipelineBuilder.<>c__DisplayClass14_0.<BuildPipeline>b__1(ResolveRequestContext context)
   at Autofac.Core.Pipeline.ResolvePipeline.Invoke(ResolveRequestContext context)
   at Autofac.Core.Resolving.ResolveOperation.GetOrCreateInstance(ISharingLifetimeScope currentOperationScope, ResolveRequest& request)
   at Autofac.Core.Resolving.ResolveOperation.ExecuteOperation(ResolveRequest& request)
   at Autofac.Core.Resolving.ResolveOperation.Execute(ResolveRequest& request)
   at Autofac.Core.Lifetime.LifetimeScope.ResolveComponent(ResolveRequest& request)
   at Autofac.Core.Lifetime.LifetimeScope.Autofac.IComponentContext.ResolveComponent(ResolveRequest& request)
   at Autofac.ResolutionExtensions.TryResolveService(IComponentContext context, Service service, IEnumerable`1 parameters, Object& instance)
   at Autofac.ResolutionExtensions.ResolveService(IComponentContext context, Service service, IEnumerable`1 parameters)
   at Autofac.ResolutionExtensions.Resolve(IComponentContext context, Type serviceType, IEnumerable`1 parameters)
   at Autofac.ResolutionExtensions.Resolve(IComponentContext context, Type serviceType)
   at Autofac.Extensions.DependencyInjection.AutofacServiceProvider.GetRequiredService(Type serviceType)
   at Microsoft.Extensions.DependencyInjection.ServiceProviderServiceExtensions.GetRequiredService(IServiceProvider provider, Type serviceType)
   at Volo.Abp.Data.DataSeeder.SeedAsync(DataSeedContext context)
   at Castle.DynamicProxy.AsyncInterceptorBase.ProceedAsynchronous(IInvocation invocation, IInvocationProceedInfo proceedInfo)
   at Volo.Abp.Castle.DynamicProxy.CastleAbpMethodInvocationAdapter.ProceedAsync()
   at Volo.Abp.Uow.UnitOfWorkInterceptor.InterceptAsync(IAbpMethodInvocation invocation)
   at Volo.Abp.Castle.DynamicProxy.CastleAsyncAbpInterceptorAdapter`1.InterceptAsync(IInvocation invocation, IInvocationProceedInfo proceedInfo, Func`3 proceed)
   at FAFS.FAFSTestBaseModule.<>c__DisplayClass2_0.<<SeedTestData>b__0>d.MoveNext() in C:\Users\Santi\OneDrive\Desktop\desarrollo\desarrollo tp\App\test\FAFS.TestBase\FAFSTestBaseModule.cs:line 47
--- End of stack trace from previous location ---
   at Nito.AsyncEx.Synchronous.TaskExtensions.WaitAndUnwrapException(Task task)
   at Nito.AsyncEx.AsyncContext.<>c__DisplayClass15_0.<Run>b__0(Task t)
   at System.Threading.ExecutionContext.RunInternal(ExecutionContext executionContext, ContextCallback callback, Object state)
--- End of stack trace from previous location ---
   at System.Threading.ExecutionContext.RunInternal(ExecutionContext executionContext, ContextCallback callback, Object state)
   at System.Threading.Tasks.Task.ExecuteWithThreadLocal(Task& currentTaskSlot, Thread threadPoolThread)
--- End of stack trace from previous location ---
   at Nito.AsyncEx.Synchronous.TaskExtensions.WaitAndUnwrapException(Task task)
   at Nito.AsyncEx.AsyncContext.Run(Func`1 action)
   at Volo.Abp.Threading.AsyncHelper.RunSync(Func`1 action)
   at FAFS.FAFSTestBaseModule.SeedTestData(ApplicationInitializationContext context) in C:\Users\Santi\OneDrive\Desktop\desarrollo\desarrollo tp\App\test\FAFS.TestBase\FAFSTestBaseModule.cs:line 43
   at FAFS.FAFSTestBaseModule.OnApplicationInitialization(ApplicationInitializationContext context) in C:\Users\Santi\OneDrive\Desktop\desarrollo\desarrollo tp\App\test\FAFS.TestBase\FAFSTestBaseModule.cs:line 38
   at Volo.Abp.Modularity.OnApplicationInitializationModuleLifecycleContributor.Initialize(ApplicationInitializationContext context, IAbpModule module)
   at Volo.Abp.Modularity.ModuleManager.InitializeModules(ApplicationInitializationContext context)
----- Inner Stack Trace -----
   at Autofac.Core.Activators.Reflection.ReflectionActivator.<>c__DisplayClass14_0.<UseSingleConstructorActivation>b__0(ResolveRequestContext context, Action`1 next)
   at Autofac.Core.Resolving.Middleware.DelegateMiddleware.Execute(ResolveRequestContext context, Action`1 next)
   at Autofac.Core.Resolving.Pipeline.ResolvePipelineBuilder.<>c__DisplayClass14_0.<BuildPipeline>b__1(ResolveRequestContext context)
   at Autofac.Core.Resolving.Middleware.DisposalTrackingMiddleware.Execute(ResolveRequestContext context, Action`1 next)
   at Autofac.Core.Resolving.Pipeline.ResolvePipelineBuilder.<>c__DisplayClass14_0.<BuildPipeline>b__1(ResolveRequestContext context)
   at Autofac.Builder.RegistrationBuilder`3.<>c__DisplayClass41_0.<PropertiesAutowired>b__0(ResolveRequestContext context, Action`1 next)
   at Autofac.Core.Resolving.Middleware.DelegateMiddleware.Execute(ResolveRequestContext context, Action`1 next)
   at Autofac.Core.Resolving.Pipeline.ResolvePipelineBuilder.<>c__DisplayClass14_0.<BuildPipeline>b__1(ResolveRequestContext context)
   at Autofac.Extensions.DependencyInjection.KeyedServiceMiddleware.Execute(ResolveRequestContext context, Action`1 next)
   at Autofac.Core.Resolving.Pipeline.ResolvePipelineBuilder.<>c__DisplayClass14_0.<BuildPipeline>b__1(ResolveRequestContext context)
   at Autofac.Core.Resolving.Middleware.ActivatorErrorHandlingMiddleware.Execute(ResolveRequestContext context, Action`1 next)
  Con error FAFS.Application.Tests.Destinations.DestinationAppService_Tests.GetListAsync_Should_Include_Rating_Info [1 ms]
  Mensaje de error:
   Volo.Abp.AbpInitializationException : An error occurred during the initialize Volo.Abp.Modularity.OnApplicationInitializationModuleLifecycleContributor phase of the module FAFS.FAFSTestBaseModule, FAFS.TestBase, Version=1.0.0.0, Culture=neutral, PublicKeyToken=null: An exception was thrown while activating Volo.Abp.PermissionManagement.PermissionDataSeedContributor -> Volo.Abp.Authorization.Permissions.PermissionDefinitionManager -> Volo.Abp.PermissionManagement.DynamicPermissionDefinitionStore.. See the inner exception for details.
---- Autofac.Core.DependencyResolutionException : An exception was thrown while activating Volo.Abp.PermissionManagement.PermissionDataSeedContributor -> Volo.Abp.Authorization.Permissions.PermissionDefinitionManager -> Volo.Abp.PermissionManagement.DynamicPermissionDefinitionStore.
-------- Autofac.Core.DependencyResolutionException : None of the constructors found on type 'Volo.Abp.PermissionManagement.DynamicPermissionDefinitionStore' can be invoked with the available services and parameters:
Cannot resolve parameter 'Volo.Abp.PermissionManagement.IPermissionGroupDefinitionRecordRepository permissionGroupRepository' of constructor 'Void .ctor(Volo.Abp.PermissionManagement.IPermissionGroupDefinitionRecordRepository, Volo.Abp.PermissionManagement.IPermissionDefinitionRecordRepository, Volo.Abp.PermissionManagement.IPermissionDefinitionSerializer, Volo.Abp.PermissionManagement.IDynamicPermissionDefinitionStoreInMemoryCache, Microsoft.Extensions.Caching.Distributed.IDistributedCache, Microsoft.Extensions.Options.IOptions`1[Volo.Abp.Caching.AbpDistributedCacheOptions], Microsoft.Extensions.Options.IOptions`1[Volo.Abp.PermissionManagement.PermissionManagementOptions], Volo.Abp.DistributedLocking.IAbpDistributedLock)'.

See https://autofac.rtfd.io/help/no-constructors-bindable for more info.
  Seguimiento de la pila:
     at Volo.Abp.Modularity.ModuleManager.InitializeModules(ApplicationInitializationContext context)
   at Volo.Abp.AbpApplicationBase.InitializeModules()
   at Volo.Abp.AbpApplicationWithExternalServiceProvider.Initialize(IServiceProvider serviceProvider)
   at Volo.Abp.Testing.AbpIntegratedTest`1..ctor()
   at FAFS.FAFSTestBase`1..ctor()
   at FAFS.FAFSApplicationTestBase`1..ctor()
   at FAFS.FAFSApplicationTestBase..ctor()
   at FAFS.Application.Tests.Destinations.DestinationAppService_Tests..ctor() in C:\Users\Santi\OneDrive\Desktop\desarrollo\desarrollo tp\App\test\FAFS.Application.Tests\Destinations\DestinationAppService_Tests.cs:line 20
   at System.RuntimeType.CreateInstanceDefaultCtor(Boolean publicOnly, Boolean wrapExceptions)
----- Inner Stack Trace -----
   at Autofac.Core.Resolving.Middleware.ActivatorErrorHandlingMiddleware.Execute(ResolveRequestContext context, Action`1 next)
   at Autofac.Core.Resolving.Pipeline.ResolvePipelineBuilder.<>c__DisplayClass14_0.<BuildPipeline>b__1(ResolveRequestContext context)
   at Autofac.Core.Pipeline.ResolvePipeline.Invoke(ResolveRequestContext context)
   at Autofac.Core.Resolving.Middleware.RegistrationPipelineInvokeMiddleware.Execute(ResolveRequestContext context, Action`1 next)
   at Autofac.Core.Resolving.Pipeline.ResolvePipelineBuilder.<>c__DisplayClass14_0.<BuildPipeline>b__1(ResolveRequestContext context)
   at Autofac.Core.Resolving.Middleware.SharingMiddleware.Execute(ResolveRequestContext context, Action`1 next)
   at Autofac.Core.Resolving.Pipeline.ResolvePipelineBuilder.<>c__DisplayClass14_0.<BuildPipeline>b__1(ResolveRequestContext context)
   at Autofac.Core.Resolving.Pipeline.ResolvePipelineBuilder.<>c__DisplayClass14_0.<BuildPipeline>b__1(ResolveRequestContext context)
   at Autofac.Core.Resolving.Middleware.CircularDependencyDetectorMiddleware.Execute(ResolveRequestContext context, Action`1 next)
   at Autofac.Core.Resolving.Pipeline.ResolvePipelineBuilder.<>c__DisplayClass14_0.<BuildPipeline>b__1(ResolveRequestContext context)
   at Autofac.Core.Pipeline.ResolvePipeline.Invoke(ResolveRequestContext context)
   at Autofac.Core.Resolving.ResolveOperation.GetOrCreateInstance(ISharingLifetimeScope currentOperationScope, ResolveRequest& request)
   at Autofac.Core.Resolving.ResolveOperation.ExecuteOperation(ResolveRequest& request)
   at Autofac.Core.Resolving.ResolveOperation.Execute(ResolveRequest& request)
   at Autofac.Core.Lifetime.LifetimeScope.ResolveComponent(ResolveRequest& request)
   at Autofac.Core.Lifetime.LifetimeScope.Autofac.IComponentContext.ResolveComponent(ResolveRequest& request)
   at Autofac.ResolutionExtensions.TryResolveService(IComponentContext context, Service service, IEnumerable`1 parameters, Object& instance)
   at Autofac.ResolutionExtensions.ResolveService(IComponentContext context, Service service, IEnumerable`1 parameters)
   at Autofac.ResolutionExtensions.Resolve(IComponentContext context, Type serviceType, IEnumerable`1 parameters)
   at Autofac.ResolutionExtensions.Resolve(IComponentContext context, Type serviceType)
   at Autofac.Extensions.DependencyInjection.AutofacServiceProvider.GetRequiredService(Type serviceType)
   at Microsoft.Extensions.DependencyInjection.ServiceProviderServiceExtensions.GetRequiredService(IServiceProvider provider, Type serviceType)
   at Volo.Abp.Data.DataSeeder.SeedAsync(DataSeedContext context)
   at Castle.DynamicProxy.AsyncInterceptorBase.ProceedAsynchronous(IInvocation invocation, IInvocationProceedInfo proceedInfo)
   at Volo.Abp.Castle.DynamicProxy.CastleAbpMethodInvocationAdapter.ProceedAsync()
   at Volo.Abp.Uow.UnitOfWorkInterceptor.InterceptAsync(IAbpMethodInvocation invocation)
   at Volo.Abp.Castle.DynamicProxy.CastleAsyncAbpInterceptorAdapter`1.InterceptAsync(IInvocation invocation, IInvocationProceedInfo proceedInfo, Func`3 proceed)
   at FAFS.FAFSTestBaseModule.<>c__DisplayClass2_0.<<SeedTestData>b__0>d.MoveNext() in C:\Users\Santi\OneDrive\Desktop\desarrollo\desarrollo tp\App\test\FAFS.TestBase\FAFSTestBaseModule.cs:line 47
--- End of stack trace from previous location ---
   at Nito.AsyncEx.Synchronous.TaskExtensions.WaitAndUnwrapException(Task task)
   at Nito.AsyncEx.AsyncContext.<>c__DisplayClass15_0.<Run>b__0(Task t)
   at System.Threading.ExecutionContext.RunInternal(ExecutionContext executionContext, ContextCallback callback, Object state)
--- End of stack trace from previous location ---
   at System.Threading.ExecutionContext.RunInternal(ExecutionContext executionContext, ContextCallback callback, Object state)
   at System.Threading.Tasks.Task.ExecuteWithThreadLocal(Task& currentTaskSlot, Thread threadPoolThread)
--- End of stack trace from previous location ---
   at Nito.AsyncEx.Synchronous.TaskExtensions.WaitAndUnwrapException(Task task)
   at Nito.AsyncEx.AsyncContext.Run(Func`1 action)
   at Volo.Abp.Threading.AsyncHelper.RunSync(Func`1 action)
   at FAFS.FAFSTestBaseModule.SeedTestData(ApplicationInitializationContext context) in C:\Users\Santi\OneDrive\Desktop\desarrollo\desarrollo tp\App\test\FAFS.TestBase\FAFSTestBaseModule.cs:line 43
   at FAFS.FAFSTestBaseModule.OnApplicationInitialization(ApplicationInitializationContext context) in C:\Users\Santi\OneDrive\Desktop\desarrollo\desarrollo tp\App\test\FAFS.TestBase\FAFSTestBaseModule.cs:line 38
   at Volo.Abp.Modularity.OnApplicationInitializationModuleLifecycleContributor.Initialize(ApplicationInitializationContext context, IAbpModule module)
   at Volo.Abp.Modularity.ModuleManager.InitializeModules(ApplicationInitializationContext context)
----- Inner Stack Trace -----
   at Autofac.Core.Activators.Reflection.ReflectionActivator.<>c__DisplayClass14_0.<UseSingleConstructorActivation>b__0(ResolveRequestContext context, Action`1 next)
   at Autofac.Core.Resolving.Middleware.DelegateMiddleware.Execute(ResolveRequestContext context, Action`1 next)
   at Autofac.Core.Resolving.Pipeline.ResolvePipelineBuilder.<>c__DisplayClass14_0.<BuildPipeline>b__1(ResolveRequestContext context)
   at Autofac.Core.Resolving.Middleware.DisposalTrackingMiddleware.Execute(ResolveRequestContext context, Action`1 next)
   at Autofac.Core.Resolving.Pipeline.ResolvePipelineBuilder.<>c__DisplayClass14_0.<BuildPipeline>b__1(ResolveRequestContext context)
   at Autofac.Builder.RegistrationBuilder`3.<>c__DisplayClass41_0.<PropertiesAutowired>b__0(ResolveRequestContext context, Action`1 next)
   at Autofac.Core.Resolving.Middleware.DelegateMiddleware.Execute(ResolveRequestContext context, Action`1 next)
   at Autofac.Core.Resolving.Pipeline.ResolvePipelineBuilder.<>c__DisplayClass14_0.<BuildPipeline>b__1(ResolveRequestContext context)
   at Autofac.Extensions.DependencyInjection.KeyedServiceMiddleware.Execute(ResolveRequestContext context, Action`1 next)
   at Autofac.Core.Resolving.Pipeline.ResolvePipelineBuilder.<>c__DisplayClass14_0.<BuildPipeline>b__1(ResolveRequestContext context)
   at Autofac.Core.Resolving.Middleware.ActivatorErrorHandlingMiddleware.Execute(ResolveRequestContext context, Action`1 next)
  Con error FAFS.Application.Tests.Destinations.DestinationAppService_Tests.GetAsync_Should_Include_Rating_Info [1 ms]
  Mensaje de error:
   Volo.Abp.AbpInitializationException : An error occurred during the initialize Volo.Abp.Modularity.OnApplicationInitializationModuleLifecycleContributor phase of the module FAFS.FAFSTestBaseModule, FAFS.TestBase, Version=1.0.0.0, Culture=neutral, PublicKeyToken=null: An exception was thrown while activating Volo.Abp.PermissionManagement.PermissionDataSeedContributor -> Volo.Abp.Authorization.Permissions.PermissionDefinitionManager -> Volo.Abp.PermissionManagement.DynamicPermissionDefinitionStore.. See the inner exception for details.
---- Autofac.Core.DependencyResolutionException : An exception was thrown while activating Volo.Abp.PermissionManagement.PermissionDataSeedContributor -> Volo.Abp.Authorization.Permissions.PermissionDefinitionManager -> Volo.Abp.PermissionManagement.DynamicPermissionDefinitionStore.
-------- Autofac.Core.DependencyResolutionException : None of the constructors found on type 'Volo.Abp.PermissionManagement.DynamicPermissionDefinitionStore' can be invoked with the available services and parameters:
Cannot resolve parameter 'Volo.Abp.PermissionManagement.IPermissionGroupDefinitionRecordRepository permissionGroupRepository' of constructor 'Void .ctor(Volo.Abp.PermissionManagement.IPermissionGroupDefinitionRecordRepository, Volo.Abp.PermissionManagement.IPermissionDefinitionRecordRepository, Volo.Abp.PermissionManagement.IPermissionDefinitionSerializer, Volo.Abp.PermissionManagement.IDynamicPermissionDefinitionStoreInMemoryCache, Microsoft.Extensions.Caching.Distributed.IDistributedCache, Microsoft.Extensions.Options.IOptions`1[Volo.Abp.Caching.AbpDistributedCacheOptions], Microsoft.Extensions.Options.IOptions`1[Volo.Abp.PermissionManagement.PermissionManagementOptions], Volo.Abp.DistributedLocking.IAbpDistributedLock)'.

See https://autofac.rtfd.io/help/no-constructors-bindable for more info.
  Seguimiento de la pila:
     at Volo.Abp.Modularity.ModuleManager.InitializeModules(ApplicationInitializationContext context)
   at Volo.Abp.AbpApplicationBase.InitializeModules()
   at Volo.Abp.AbpApplicationWithExternalServiceProvider.Initialize(IServiceProvider serviceProvider)
   at Volo.Abp.Testing.AbpIntegratedTest`1..ctor()
   at FAFS.FAFSTestBase`1..ctor()
   at FAFS.FAFSApplicationTestBase`1..ctor()
   at FAFS.FAFSApplicationTestBase..ctor()
   at FAFS.Application.Tests.Destinations.DestinationAppService_Tests..ctor() in C:\Users\Santi\OneDrive\Desktop\desarrollo\desarrollo tp\App\test\FAFS.Application.Tests\Destinations\DestinationAppService_Tests.cs:line 20
   at System.RuntimeType.CreateInstanceDefaultCtor(Boolean publicOnly, Boolean wrapExceptions)
----- Inner Stack Trace -----
   at Autofac.Core.Resolving.Middleware.ActivatorErrorHandlingMiddleware.Execute(ResolveRequestContext context, Action`1 next)
   at Autofac.Core.Resolving.Pipeline.ResolvePipelineBuilder.<>c__DisplayClass14_0.<BuildPipeline>b__1(ResolveRequestContext context)
   at Autofac.Core.Pipeline.ResolvePipeline.Invoke(ResolveRequestContext context)
   at Autofac.Core.Resolving.Middleware.RegistrationPipelineInvokeMiddleware.Execute(ResolveRequestContext context, Action`1 next)
   at Autofac.Core.Resolving.Pipeline.ResolvePipelineBuilder.<>c__DisplayClass14_0.<BuildPipeline>b__1(ResolveRequestContext context)
   at Autofac.Core.Resolving.Middleware.SharingMiddleware.Execute(ResolveRequestContext context, Action`1 next)
   at Autofac.Core.Resolving.Pipeline.ResolvePipelineBuilder.<>c__DisplayClass14_0.<BuildPipeline>b__1(ResolveRequestContext context)
   at Autofac.Core.Resolving.Pipeline.ResolvePipelineBuilder.<>c__DisplayClass14_0.<BuildPipeline>b__1(ResolveRequestContext context)
   at Autofac.Core.Resolving.Middleware.CircularDependencyDetectorMiddleware.Execute(ResolveRequestContext context, Action`1 next)
   at Autofac.Core.Resolving.Pipeline.ResolvePipelineBuilder.<>c__DisplayClass14_0.<BuildPipeline>b__1(ResolveRequestContext context)
   at Autofac.Core.Pipeline.ResolvePipeline.Invoke(ResolveRequestContext context)
   at Autofac.Core.Resolving.ResolveOperation.GetOrCreateInstance(ISharingLifetimeScope currentOperationScope, ResolveRequest& request)
   at Autofac.Core.Resolving.ResolveOperation.ExecuteOperation(ResolveRequest& request)
   at Autofac.Core.Resolving.ResolveOperation.Execute(ResolveRequest& request)
   at Autofac.Core.Lifetime.LifetimeScope.ResolveComponent(ResolveRequest& request)
   at Autofac.Core.Lifetime.LifetimeScope.Autofac.IComponentContext.ResolveComponent(ResolveRequest& request)
   at Autofac.ResolutionExtensions.TryResolveService(IComponentContext context, Service service, IEnumerable`1 parameters, Object& instance)
   at Autofac.ResolutionExtensions.ResolveService(IComponentContext context, Service service, IEnumerable`1 parameters)
   at Autofac.ResolutionExtensions.Resolve(IComponentContext context, Type serviceType, IEnumerable`1 parameters)
   at Autofac.ResolutionExtensions.Resolve(IComponentContext context, Type serviceType)
   at Autofac.Extensions.DependencyInjection.AutofacServiceProvider.GetRequiredService(Type serviceType)
   at Microsoft.Extensions.DependencyInjection.ServiceProviderServiceExtensions.GetRequiredService(IServiceProvider provider, Type serviceType)
   at Volo.Abp.Data.DataSeeder.SeedAsync(DataSeedContext context)
   at Castle.DynamicProxy.AsyncInterceptorBase.ProceedAsynchronous(IInvocation invocation, IInvocationProceedInfo proceedInfo)
   at Volo.Abp.Castle.DynamicProxy.CastleAbpMethodInvocationAdapter.ProceedAsync()
   at Volo.Abp.Uow.UnitOfWorkInterceptor.InterceptAsync(IAbpMethodInvocation invocation)
   at Volo.Abp.Castle.DynamicProxy.CastleAsyncAbpInterceptorAdapter`1.InterceptAsync(IInvocation invocation, IInvocationProceedInfo proceedInfo, Func`3 proceed)
   at FAFS.FAFSTestBaseModule.<>c__DisplayClass2_0.<<SeedTestData>b__0>d.MoveNext() in C:\Users\Santi\OneDrive\Desktop\desarrollo\desarrollo tp\App\test\FAFS.TestBase\FAFSTestBaseModule.cs:line 47
--- End of stack trace from previous location ---
   at Nito.AsyncEx.Synchronous.TaskExtensions.WaitAndUnwrapException(Task task)
   at Nito.AsyncEx.AsyncContext.<>c__DisplayClass15_0.<Run>b__0(Task t)
   at System.Threading.ExecutionContext.RunInternal(ExecutionContext executionContext, ContextCallback callback, Object state)
--- End of stack trace from previous location ---
   at System.Threading.ExecutionContext.RunInternal(ExecutionContext executionContext, ContextCallback callback, Object state)
   at System.Threading.Tasks.Task.ExecuteWithThreadLocal(Task& currentTaskSlot, Thread threadPoolThread)
--- End of stack trace from previous location ---
   at Nito.AsyncEx.Synchronous.TaskExtensions.WaitAndUnwrapException(Task task)
   at Nito.AsyncEx.AsyncContext.Run(Func`1 action)
   at Volo.Abp.Threading.AsyncHelper.RunSync(Func`1 action)
   at FAFS.FAFSTestBaseModule.SeedTestData(ApplicationInitializationContext context) in C:\Users\Santi\OneDrive\Desktop\desarrollo\desarrollo tp\App\test\FAFS.TestBase\FAFSTestBaseModule.cs:line 43
   at FAFS.FAFSTestBaseModule.OnApplicationInitialization(ApplicationInitializationContext context) in C:\Users\Santi\OneDrive\Desktop\desarrollo\desarrollo tp\App\test\FAFS.TestBase\FAFSTestBaseModule.cs:line 38
   at Volo.Abp.Modularity.OnApplicationInitializationModuleLifecycleContributor.Initialize(ApplicationInitializationContext context, IAbpModule module)
   at Volo.Abp.Modularity.ModuleManager.InitializeModules(ApplicationInitializationContext context)
----- Inner Stack Trace -----
   at Autofac.Core.Activators.Reflection.ReflectionActivator.<>c__DisplayClass14_0.<UseSingleConstructorActivation>b__0(ResolveRequestContext context, Action`1 next)
   at Autofac.Core.Resolving.Middleware.DelegateMiddleware.Execute(ResolveRequestContext context, Action`1 next)
   at Autofac.Core.Resolving.Pipeline.ResolvePipelineBuilder.<>c__DisplayClass14_0.<BuildPipeline>b__1(ResolveRequestContext context)
   at Autofac.Core.Resolving.Middleware.DisposalTrackingMiddleware.Execute(ResolveRequestContext context, Action`1 next)
   at Autofac.Core.Resolving.Pipeline.ResolvePipelineBuilder.<>c__DisplayClass14_0.<BuildPipeline>b__1(ResolveRequestContext context)
   at Autofac.Builder.RegistrationBuilder`3.<>c__DisplayClass41_0.<PropertiesAutowired>b__0(ResolveRequestContext context, Action`1 next)
   at Autofac.Core.Resolving.Middleware.DelegateMiddleware.Execute(ResolveRequestContext context, Action`1 next)
   at Autofac.Core.Resolving.Pipeline.ResolvePipelineBuilder.<>c__DisplayClass14_0.<BuildPipeline>b__1(ResolveRequestContext context)
   at Autofac.Extensions.DependencyInjection.KeyedServiceMiddleware.Execute(ResolveRequestContext context, Action`1 next)
   at Autofac.Core.Resolving.Pipeline.ResolvePipelineBuilder.<>c__DisplayClass14_0.<BuildPipeline>b__1(ResolveRequestContext context)
   at Autofac.Core.Resolving.Middleware.ActivatorErrorHandlingMiddleware.Execute(ResolveRequestContext context, Action`1 next)
  Con error FAFS.Application.Tests.Destinations.DestinationRatingAppService_Tests.RateDestinationAsync_Should_Throw_If_Already_Rated [1 ms]
  Mensaje de error:
   Volo.Abp.AbpInitializationException : An error occurred during the initialize Volo.Abp.Modularity.OnApplicationInitializationModuleLifecycleContributor phase of the module FAFS.FAFSTestBaseModule, FAFS.TestBase, Version=1.0.0.0, Culture=neutral, PublicKeyToken=null: An exception was thrown while activating Volo.Abp.PermissionManagement.PermissionDataSeedContributor -> Volo.Abp.Authorization.Permissions.PermissionDefinitionManager -> Volo.Abp.PermissionManagement.DynamicPermissionDefinitionStore.. See the inner exception for details.
---- Autofac.Core.DependencyResolutionException : An exception was thrown while activating Volo.Abp.PermissionManagement.PermissionDataSeedContributor -> Volo.Abp.Authorization.Permissions.PermissionDefinitionManager -> Volo.Abp.PermissionManagement.DynamicPermissionDefinitionStore.
-------- Autofac.Core.DependencyResolutionException : None of the constructors found on type 'Volo.Abp.PermissionManagement.DynamicPermissionDefinitionStore' can be invoked with the available services and parameters:
Cannot resolve parameter 'Volo.Abp.PermissionManagement.IPermissionGroupDefinitionRecordRepository permissionGroupRepository' of constructor 'Void .ctor(Volo.Abp.PermissionManagement.IPermissionGroupDefinitionRecordRepository, Volo.Abp.PermissionManagement.IPermissionDefinitionRecordRepository, Volo.Abp.PermissionManagement.IPermissionDefinitionSerializer, Volo.Abp.PermissionManagement.IDynamicPermissionDefinitionStoreInMemoryCache, Microsoft.Extensions.Caching.Distributed.IDistributedCache, Microsoft.Extensions.Options.IOptions`1[Volo.Abp.Caching.AbpDistributedCacheOptions], Microsoft.Extensions.Options.IOptions`1[Volo.Abp.PermissionManagement.PermissionManagementOptions], Volo.Abp.DistributedLocking.IAbpDistributedLock)'.

See https://autofac.rtfd.io/help/no-constructors-bindable for more info.
  Seguimiento de la pila:
     at Volo.Abp.Modularity.ModuleManager.InitializeModules(ApplicationInitializationContext context)
   at Volo.Abp.AbpApplicationBase.InitializeModules()
   at Volo.Abp.AbpApplicationWithExternalServiceProvider.Initialize(IServiceProvider serviceProvider)
   at Volo.Abp.Testing.AbpIntegratedTest`1..ctor()
   at FAFS.FAFSTestBase`1..ctor()
   at FAFS.FAFSApplicationTestBase`1..ctor()
   at FAFS.FAFSApplicationTestBase..ctor()
   at FAFS.Application.Tests.Destinations.DestinationRatingAppService_Tests..ctor() in C:\Users\Santi\OneDrive\Desktop\desarrollo\desarrollo tp\App\test\FAFS.Application.Tests\Destinations\DestinationRatingAppService_Tests.cs:line 21
   at System.RuntimeType.CreateInstanceDefaultCtor(Boolean publicOnly, Boolean wrapExceptions)
----- Inner Stack Trace -----
   at Autofac.Core.Resolving.Middleware.ActivatorErrorHandlingMiddleware.Execute(ResolveRequestContext context, Action`1 next)
   at Autofac.Core.Resolving.Pipeline.ResolvePipelineBuilder.<>c__DisplayClass14_0.<BuildPipeline>b__1(ResolveRequestContext context)
   at Autofac.Core.Pipeline.ResolvePipeline.Invoke(ResolveRequestContext context)
   at Autofac.Core.Resolving.Middleware.RegistrationPipelineInvokeMiddleware.Execute(ResolveRequestContext context, Action`1 next)
   at Autofac.Core.Resolving.Pipeline.ResolvePipelineBuilder.<>c__DisplayClass14_0.<BuildPipeline>b__1(ResolveRequestContext context)
   at Autofac.Core.Resolving.Middleware.SharingMiddleware.Execute(ResolveRequestContext context, Action`1 next)
   at Autofac.Core.Resolving.Pipeline.ResolvePipelineBuilder.<>c__DisplayClass14_0.<BuildPipeline>b__1(ResolveRequestContext context)
   at Autofac.Core.Resolving.Pipeline.ResolvePipelineBuilder.<>c__DisplayClass14_0.<BuildPipeline>b__1(ResolveRequestContext context)
   at Autofac.Core.Resolving.Middleware.CircularDependencyDetectorMiddleware.Execute(ResolveRequestContext context, Action`1 next)
   at Autofac.Core.Resolving.Pipeline.ResolvePipelineBuilder.<>c__DisplayClass14_0.<BuildPipeline>b__1(ResolveRequestContext context)
   at Autofac.Core.Pipeline.ResolvePipeline.Invoke(ResolveRequestContext context)
   at Autofac.Core.Resolving.ResolveOperation.GetOrCreateInstance(ISharingLifetimeScope currentOperationScope, ResolveRequest& request)
   at Autofac.Core.Resolving.ResolveOperation.ExecuteOperation(ResolveRequest& request)
   at Autofac.Core.Resolving.ResolveOperation.Execute(ResolveRequest& request)
   at Autofac.Core.Lifetime.LifetimeScope.ResolveComponent(ResolveRequest& request)
   at Autofac.Core.Lifetime.LifetimeScope.Autofac.IComponentContext.ResolveComponent(ResolveRequest& request)
   at Autofac.ResolutionExtensions.TryResolveService(IComponentContext context, Service service, IEnumerable`1 parameters, Object& instance)
   at Autofac.ResolutionExtensions.ResolveService(IComponentContext context, Service service, IEnumerable`1 parameters)
   at Autofac.ResolutionExtensions.Resolve(IComponentContext context, Type serviceType, IEnumerable`1 parameters)
   at Autofac.ResolutionExtensions.Resolve(IComponentContext context, Type serviceType)
   at Autofac.Extensions.DependencyInjection.AutofacServiceProvider.GetRequiredService(Type serviceType)
   at Microsoft.Extensions.DependencyInjection.ServiceProviderServiceExtensions.GetRequiredService(IServiceProvider provider, Type serviceType)
   at Volo.Abp.Data.DataSeeder.SeedAsync(DataSeedContext context)
   at Castle.DynamicProxy.AsyncInterceptorBase.ProceedAsynchronous(IInvocation invocation, IInvocationProceedInfo proceedInfo)
   at Volo.Abp.Castle.DynamicProxy.CastleAbpMethodInvocationAdapter.ProceedAsync()
[xUnit.net 00:00:00.76]     FAFS.Application.Tests
.Destinations.DestinationRatingAppService_Tests.Ge
tAverageRatingAsync_Should_Calculate_Correctly 
[FAIL]
   at Volo.Abp.Uow.UnitOfWorkInterceptor.InterceptAsync(IAbpMethodInvocation invocation)
   at Volo.Abp.Castle.DynamicProxy.CastleAsyncAbpInterceptorAdapter`1.InterceptAsync(IInvocation invocation, IInvocationProceedInfo proceedInfo, Func`3 proceed)
   at FAFS.FAFSTestBaseModule.<>c__DisplayClass2_0.<<SeedTestData>b__0>d.MoveNext() in C:\Users\Santi\OneDrive\Desktop\desarrollo\desarrollo tp\App\test\FAFS.TestBase\FAFSTestBaseModule.cs:line 47
--- End of stack trace from previous location ---
   at Nito.AsyncEx.Synchronous.TaskExtensions.WaitAndUnwrapException(Task task)
   at Nito.AsyncEx.AsyncContext.<>c__DisplayClass15_0.<Run>b__0(Task t)
   at System.Threading.ExecutionContext.RunInternal(ExecutionContext executionContext, ContextCallback callback, Object state)
--- End of stack trace from previous location ---
   at System.Threading.ExecutionContext.RunInternal(ExecutionContext executionContext, ContextCallback callback, Object state)
   at System.Threading.Tasks.Task.ExecuteWithThreadLocal(Task& currentTaskSlot, Thread threadPoolThread)
--- End of stack trace from previous location ---
   at Nito.AsyncEx.Synchronous.TaskExtensions.WaitAndUnwrapException(Task task)
   at Nito.AsyncEx.AsyncContext.Run(Func`1 action)
   at Volo.Abp.Threading.AsyncHelper.RunSync(Func`1 action)
   at FAFS.FAFSTestBaseModule.SeedTestData(ApplicationInitializationContext context) in C:\Users\Santi\OneDrive\Desktop\desarrollo\desarrollo tp\App\test\FAFS.TestBase\FAFSTestBaseModule.cs:line 43
   at FAFS.FAFSTestBaseModule.OnApplicationInitialization(ApplicationInitializationContext context) in C:\Users\Santi\OneDrive\Desktop\desarrollo\desarrollo tp\App\test\FAFS.TestBase\FAFSTestBaseModule.cs:line 38
   at Volo.Abp.Modularity.OnApplicationInitializationModuleLifecycleContributor.Initialize(ApplicationInitializationContext context, IAbpModule module)
   at Volo.Abp.Modularity.ModuleManager.InitializeModules(ApplicationInitializationContext context)
----- Inner Stack Trace -----
   at Autofac.Core.Activators.Reflection.ReflectionActivator.<>c__DisplayClass14_0.<UseSingleConstructorActivation>b__0(ResolveRequestContext context, Action`1 next)
   at Autofac.Core.Resolving.Middleware.DelegateMiddleware.Execute(ResolveRequestContext context, Action`1 next)
   at Autofac.Core.Resolving.Pipeline.ResolvePipelineBuilder.<>c__DisplayClass14_0.<BuildPipeline>b__1(ResolveRequestContext context)
   at Autofac.Core.Resolving.Middleware.DisposalTrackingMiddleware.Execute(ResolveRequestContext context, Action`1 next)
   at Autofac.Core.Resolving.Pipeline.ResolvePipelineBuilder.<>c__DisplayClass14_0.<BuildPipeline>b__1(ResolveRequestContext context)
   at Autofac.Builder.RegistrationBuilder`3.<>c__DisplayClass41_0.<PropertiesAutowired>b__0(ResolveRequestContext context, Action`1 next)
   at Autofac.Core.Resolving.Middleware.DelegateMiddleware.Execute(ResolveRequestContext context, Action`1 next)
   at Autofac.Core.Resolving.Pipeline.ResolvePipelineBuilder.<>c__DisplayClass14_0.<BuildPipeline>b__1(ResolveRequestContext context)
   at Autofac.Extensions.DependencyInjection.KeyedServiceMiddleware.Execute(ResolveRequestContext context, Action`1 next)
   at Autofac.Core.Resolving.Pipeline.ResolvePipelineBuilder.<>c__DisplayClass14_0.<BuildPipeline>b__1(ResolveRequestContext context)
   at Autofac.Core.Resolving.Middleware.ActivatorErrorHandlingMiddleware.Execute(ResolveRequestContext context, Action`1 next)
[xUnit.net 00:00:00.80]     FAFS.Application.Tests
.Destinations.DestinationRatingAppService_Tests.Up
dateRatingAsync_Should_Throw_If_Not_Owner [FAIL]
[xUnit.net 00:00:00.86]     FAFS.Application.Tests
.Destinations.DestinationRatingAppService_Tests.Up
dateRatingAsync_Should_Update_Own_Rating [FAIL]
  Con error FAFS.Application.Tests.Destinations.DestinationRatingAppService_Tests.GetAverageRatingAsync_Should_Calculate_Correctly [1 ms]
  Mensaje de error:
   Volo.Abp.AbpInitializationException : An error occurred during the initialize Volo.Abp.Modularity.OnApplicationInitializationModuleLifecycleContributor phase of the module FAFS.FAFSTestBaseModule, FAFS.TestBase, Version=1.0.0.0, Culture=neutral, PublicKeyToken=null: An exception was thrown while activating Volo.Abp.PermissionManagement.PermissionDataSeedContributor -> Volo.Abp.Authorization.Permissions.PermissionDefinitionManager -> Volo.Abp.PermissionManagement.DynamicPermissionDefinitionStore.. See the inner exception for details.
---- Autofac.Core.DependencyResolutionException : An exception was thrown while activating Volo.Abp.PermissionManagement.PermissionDataSeedContributor -> Volo.Abp.Authorization.Permissions.PermissionDefinitionManager -> Volo.Abp.PermissionManagement.DynamicPermissionDefinitionStore.
-------- Autofac.Core.DependencyResolutionException : None of the constructors found on type 'Volo.Abp.PermissionManagement.DynamicPermissionDefinitionStore' can be invoked with the available services and parameters:
Cannot resolve parameter 'Volo.Abp.PermissionManagement.IPermissionGroupDefinitionRecordRepository permissionGroupRepository' of constructor 'Void .ctor(Volo.Abp.PermissionManagement.IPermissionGroupDefinitionRecordRepository, Volo.Abp.PermissionManagement.IPermissionDefinitionRecordRepository, Volo.Abp.PermissionManagement.IPermissionDefinitionSerializer, Volo.Abp.PermissionManagement.IDynamicPermissionDefinitionStoreInMemoryCache, Microsoft.Extensions.Caching.Distributed.IDistributedCache, Microsoft.Extensions.Options.IOptions`1[Volo.Abp.Caching.AbpDistributedCacheOptions], Microsoft.Extensions.Options.IOptions`1[Volo.Abp.PermissionManagement.PermissionManagementOptions], Volo.Abp.DistributedLocking.IAbpDistributedLock)'.

See https://autofac.rtfd.io/help/no-constructors-bindable for more info.
  Seguimiento de la pila:
     at Volo.Abp.Modularity.ModuleManager.InitializeModules(ApplicationInitializationContext context)
   at Volo.Abp.AbpApplicationBase.InitializeModules()
   at Volo.Abp.AbpApplicationWithExternalServiceProvider.Initialize(IServiceProvider serviceProvider)
   at Volo.Abp.Testing.AbpIntegratedTest`1..ctor()
   at FAFS.FAFSTestBase`1..ctor()
   at FAFS.FAFSApplicationTestBase`1..ctor()
   at FAFS.FAFSApplicationTestBase..ctor()
   at FAFS.Application.Tests.Destinations.DestinationRatingAppService_Tests..ctor() in C:\Users\Santi\OneDrive\Desktop\desarrollo\desarrollo tp\App\test\FAFS.Application.Tests\Destinations\DestinationRatingAppService_Tests.cs:line 21
   at System.RuntimeType.CreateInstanceDefaultCtor(Boolean publicOnly, Boolean wrapExceptions)
----- Inner Stack Trace -----
   at Autofac.Core.Resolving.Middleware.ActivatorErrorHandlingMiddleware.Execute(ResolveRequestContext context, Action`1 next)
   at Autofac.Core.Resolving.Pipeline.ResolvePipelineBuilder.<>c__DisplayClass14_0.<BuildPipeline>b__1(ResolveRequestContext context)
   at Autofac.Core.Pipeline.ResolvePipeline.Invoke(ResolveRequestContext context)
   at Autofac.Core.Resolving.Middleware.RegistrationPipelineInvokeMiddleware.Execute(ResolveRequestContext context, Action`1 next)
   at Autofac.Core.Resolving.Pipeline.ResolvePipelineBuilder.<>c__DisplayClass14_0.<BuildPipeline>b__1(ResolveRequestContext context)
   at Autofac.Core.Resolving.Middleware.SharingMiddleware.Execute(ResolveRequestContext context, Action`1 next)
   at Autofac.Core.Resolving.Pipeline.ResolvePipelineBuilder.<>c__DisplayClass14_0.<BuildPipeline>b__1(ResolveRequestContext context)
   at Autofac.Core.Resolving.Pipeline.ResolvePipelineBuilder.<>c__DisplayClass14_0.<BuildPipeline>b__1(ResolveRequestContext context)
   at Autofac.Core.Resolving.Middleware.CircularDependencyDetectorMiddleware.Execute(ResolveRequestContext context, Action`1 next)
   at Autofac.Core.Resolving.Pipeline.ResolvePipelineBuilder.<>c__DisplayClass14_0.<BuildPipeline>b__1(ResolveRequestContext context)
   at Autofac.Core.Pipeline.ResolvePipeline.Invoke(ResolveRequestContext context)
   at Autofac.Core.Resolving.ResolveOperation.GetOrCreateInstance(ISharingLifetimeScope currentOperationScope, ResolveRequest& request)
   at Autofac.Core.Resolving.ResolveOperation.ExecuteOperation(ResolveRequest& request)
   at Autofac.Core.Resolving.ResolveOperation.Execute(ResolveRequest& request)
   at Autofac.Core.Lifetime.LifetimeScope.ResolveComponent(ResolveRequest& request)
   at Autofac.Core.Lifetime.LifetimeScope.Autofac.IComponentContext.ResolveComponent(ResolveRequest& request)
   at Autofac.ResolutionExtensions.TryResolveService(IComponentContext context, Service service, IEnumerable`1 parameters, Object& instance)
   at Autofac.ResolutionExtensions.ResolveService(IComponentContext context, Service service, IEnumerable`1 parameters)
   at Autofac.ResolutionExtensions.Resolve(IComponentContext context, Type serviceType, IEnumerable`1 parameters)
   at Autofac.ResolutionExtensions.Resolve(IComponentContext context, Type serviceType)
   at Autofac.Extensions.DependencyInjection.AutofacServiceProvider.GetRequiredService(Type serviceType)
   at Microsoft.Extensions.DependencyInjection.ServiceProviderServiceExtensions.GetRequiredService(IServiceProvider provider, Type serviceType)
   at Volo.Abp.Data.DataSeeder.SeedAsync(DataSeedContext context)
   at Castle.DynamicProxy.AsyncInterceptorBase.ProceedAsynchronous(IInvocation invocation, IInvocationProceedInfo proceedInfo)
   at Volo.Abp.Castle.DynamicProxy.CastleAbpMethodInvocationAdapter.ProceedAsync()
   at Volo.Abp.Uow.UnitOfWorkInterceptor.InterceptAsync(IAbpMethodInvocation invocation)
   at Volo.Abp.Castle.DynamicProxy.CastleAsyncAbpInterceptorAdapter`1.InterceptAsync(IInvocation invocation, IInvocationProceedInfo proceedInfo, Func`3 proceed)
   at FAFS.FAFSTestBaseModule.<>c__DisplayClass2_0.<<SeedTestData>b__0>d.MoveNext() in C:\Users\Santi\OneDrive\Desktop\desarrollo\desarrollo tp\App\test\FAFS.TestBase\FAFSTestBaseModule.cs:line 47
--- End of stack trace from previous location ---
   at Nito.AsyncEx.Synchronous.TaskExtensions.WaitAndUnwrapException(Task task)
   at Nito.AsyncEx.AsyncContext.<>c__DisplayClass15_0.<Run>b__0(Task t)
   at System.Threading.ExecutionContext.RunInternal(ExecutionContext executionContext, ContextCallback callback, Object state)
--- End of stack trace from previous location ---
   at System.Threading.ExecutionContext.RunInternal(ExecutionContext executionContext, ContextCallback callback, Object state)
   at System.Threading.Tasks.Task.ExecuteWithThreadLocal(Task& currentTaskSlot, Thread threadPoolThread)
--- End of stack trace from previous location ---
   at Nito.AsyncEx.Synchronous.TaskExtensions.WaitAndUnwrapException(Task task)
   at Nito.AsyncEx.AsyncContext.Run(Func`1 action)
   at Volo.Abp.Threading.AsyncHelper.RunSync(Func`1 action)
   at FAFS.FAFSTestBaseModule.SeedTestData(ApplicationInitializationContext context) in C:\Users\Santi\OneDrive\Desktop\desarrollo\desarrollo tp\App\test\FAFS.TestBase\FAFSTestBaseModule.cs:line 43
   at FAFS.FAFSTestBaseModule.OnApplicationInitialization(ApplicationInitializationContext context) in C:\Users\Santi\OneDrive\Desktop\desarrollo\desarrollo tp\App\test\FAFS.TestBase\FAFSTestBaseModule.cs:line 38
   at Volo.Abp.Modularity.OnApplicationInitializationModuleLifecycleContributor.Initialize(ApplicationInitializationContext context, IAbpModule module)
   at Volo.Abp.Modularity.ModuleManager.InitializeModules(ApplicationInitializationContext context)
----- Inner Stack Trace -----
   at Autofac.Core.Activators.Reflection.ReflectionActivator.<>c__DisplayClass14_0.<UseSingleConstructorActivation>b__0(ResolveRequestContext context, Action`1 next)
   at Autofac.Core.Resolving.Middleware.DelegateMiddleware.Execute(ResolveRequestContext context, Action`1 next)
   at Autofac.Core.Resolving.Pipeline.ResolvePipelineBuilder.<>c__DisplayClass14_0.<BuildPipeline>b__1(ResolveRequestContext context)
   at Autofac.Core.Resolving.Middleware.DisposalTrackingMiddleware.Execute(ResolveRequestContext context, Action`1 next)
   at Autofac.Core.Resolving.Pipeline.ResolvePipelineBuilder.<>c__DisplayClass14_0.<BuildPipeline>b__1(ResolveRequestContext context)
   at Autofac.Builder.RegistrationBuilder`3.<>c__DisplayClass41_0.<PropertiesAutowired>b__0(ResolveRequestContext context, Action`1 next)
   at Autofac.Core.Resolving.Middleware.DelegateMiddleware.Execute(ResolveRequestContext context, Action`1 next)
   at Autofac.Core.Resolving.Pipeline.ResolvePipelineBuilder.<>c__DisplayClass14_0.<BuildPipeline>b__1(ResolveRequestContext context)
   at Autofac.Extensions.DependencyInjection.KeyedServiceMiddleware.Execute(ResolveRequestContext context, Action`1 next)
   at Autofac.Core.Resolving.Pipeline.ResolvePipelineBuilder.<>c__DisplayClass14_0.<BuildPipeline>b__1(ResolveRequestContext context)
   at Autofac.Core.Resolving.Middleware.ActivatorErrorHandlingMiddleware.Execute(ResolveRequestContext context, Action`1 next)
  Con error FAFS.Application.Tests.Destinations.DestinationRatingAppService_Tests.UpdateRatingAsync_Should_Throw_If_Not_Owner [1 ms]
  Mensaje de error:
   Volo.Abp.AbpInitializationException : An error occurred during the initialize Volo.Abp.Modularity.OnApplicationInitializationModuleLifecycleContributor phase of the module FAFS.FAFSTestBaseModule, FAFS.TestBase, Version=1.0.0.0, Culture=neutral, PublicKeyToken=null: An exception was thrown while activating Volo.Abp.PermissionManagement.PermissionDataSeedContributor -> Volo.Abp.Authorization.Permissions.PermissionDefinitionManager -> Volo.Abp.PermissionManagement.DynamicPermissionDefinitionStore.. See the inner exception for details.
---- Autofac.Core.DependencyResolutionException : An exception was thrown while activating Volo.Abp.PermissionManagement.PermissionDataSeedContributor -> Volo.Abp.Authorization.Permissions.PermissionDefinitionManager -> Volo.Abp.PermissionManagement.DynamicPermissionDefinitionStore.
-------- Autofac.Core.DependencyResolutionException : None of the constructors found on type 'Volo.Abp.PermissionManagement.DynamicPermissionDefinitionStore' can be invoked with the available services and parameters:
Cannot resolve parameter 'Volo.Abp.PermissionManagement.IPermissionGroupDefinitionRecordRepository permissionGroupRepository' of constructor 'Void .ctor(Volo.Abp.PermissionManagement.IPermissionGroupDefinitionRecordRepository, Volo.Abp.PermissionManagement.IPermissionDefinitionRecordRepository, Volo.Abp.PermissionManagement.IPermissionDefinitionSerializer, Volo.Abp.PermissionManagement.IDynamicPermissionDefinitionStoreInMemoryCache, Microsoft.Extensions.Caching.Distributed.IDistributedCache, Microsoft.Extensions.Options.IOptions`1[Volo.Abp.Caching.AbpDistributedCacheOptions], Microsoft.Extensions.Options.IOptions`1[Volo.Abp.PermissionManagement.PermissionManagementOptions], Volo.Abp.DistributedLocking.IAbpDistributedLock)'.

See https://autofac.rtfd.io/help/no-constructors-bindable for more info.
  Seguimiento de la pila:
     at Volo.Abp.Modularity.ModuleManager.InitializeModules(ApplicationInitializationContext context)
   at Volo.Abp.AbpApplicationBase.InitializeModules()
   at Volo.Abp.AbpApplicationWithExternalServiceProvider.Initialize(IServiceProvider serviceProvider)
   at Volo.Abp.Testing.AbpIntegratedTest`1..ctor()
   at FAFS.FAFSTestBase`1..ctor()
   at FAFS.FAFSApplicationTestBase`1..ctor()
   at FAFS.FAFSApplicationTestBase..ctor()
   at FAFS.Application.Tests.Destinations.DestinationRatingAppService_Tests..ctor() in C:\Users\Santi\OneDrive\Desktop\desarrollo\desarrollo tp\App\test\FAFS.Application.Tests\Destinations\DestinationRatingAppService_Tests.cs:line 21
   at System.RuntimeType.CreateInstanceDefaultCtor(Boolean publicOnly, Boolean wrapExceptions)
----- Inner Stack Trace -----
   at Autofac.Core.Resolving.Middleware.ActivatorErrorHandlingMiddleware.Execute(ResolveRequestContext context, Action`1 next)
   at Autofac.Core.Resolving.Pipeline.ResolvePipelineBuilder.<>c__DisplayClass14_0.<BuildPipeline>b__1(ResolveRequestContext context)
   at Autofac.Core.Pipeline.ResolvePipeline.Invoke(ResolveRequestContext context)
   at Autofac.Core.Resolving.Middleware.RegistrationPipelineInvokeMiddleware.Execute(ResolveRequestContext context, Action`1 next)
   at Autofac.Core.Resolving.Pipeline.ResolvePipelineBuilder.<>c__DisplayClass14_0.<BuildPipeline>b__1(ResolveRequestContext context)
   at Autofac.Core.Resolving.Middleware.SharingMiddleware.Execute(ResolveRequestContext context, Action`1 next)
   at Autofac.Core.Resolving.Pipeline.ResolvePipelineBuilder.<>c__DisplayClass14_0.<BuildPipeline>b__1(ResolveRequestContext context)
   at Autofac.Core.Resolving.Pipeline.ResolvePipelineBuilder.<>c__DisplayClass14_0.<BuildPipeline>b__1(ResolveRequestContext context)
   at Autofac.Core.Resolving.Middleware.CircularDependencyDetectorMiddleware.Execute(ResolveRequestContext context, Action`1 next)
   at Autofac.Core.Resolving.Pipeline.ResolvePipelineBuilder.<>c__DisplayClass14_0.<BuildPipeline>b__1(ResolveRequestContext context)
   at Autofac.Core.Pipeline.ResolvePipeline.Invoke(ResolveRequestContext context)
   at Autofac.Core.Resolving.ResolveOperation.GetOrCreateInstance(ISharingLifetimeScope currentOperationScope, ResolveRequest& request)
   at Autofac.Core.Resolving.ResolveOperation.ExecuteOperation(ResolveRequest& request)
   at Autofac.Core.Resolving.ResolveOperation.Execute(ResolveRequest& request)
   at Autofac.Core.Lifetime.LifetimeScope.ResolveComponent(ResolveRequest& request)
   at Autofac.Core.Lifetime.LifetimeScope.Autofac.IComponentContext.ResolveComponent(ResolveRequest& request)
   at Autofac.ResolutionExtensions.TryResolveService(IComponentContext context, Service service, IEnumerable`1 parameters, Object& instance)
   at Autofac.ResolutionExtensions.ResolveService(IComponentContext context, Service service, IEnumerable`1 parameters)
   at Autofac.ResolutionExtensions.Resolve(IComponentContext context, Type serviceType, IEnumerable`1 parameters)
   at Autofac.ResolutionExtensions.Resolve(IComponentContext context, Type serviceType)
   at Autofac.Extensions.DependencyInjection.AutofacServiceProvider.GetRequiredService(Type serviceType)
   at Microsoft.Extensions.DependencyInjection.ServiceProviderServiceExtensions.GetRequiredService(IServiceProvider provider, Type serviceType)
   at Volo.Abp.Data.DataSeeder.SeedAsync(DataSeedContext context)
   at Castle.DynamicProxy.AsyncInterceptorBase.ProceedAsynchronous(IInvocation invocation, IInvocationProceedInfo proceedInfo)
   at Volo.Abp.Castle.DynamicProxy.CastleAbpMethodInvocationAdapter.ProceedAsync()
   at Volo.Abp.Uow.UnitOfWorkInterceptor.InterceptAsync(IAbpMethodInvocation invocation)
   at Volo.Abp.Castle.DynamicProxy.CastleAsyncAbpInterceptorAdapter`1.InterceptAsync(IInvocation invocation, IInvocationProceedInfo proceedInfo, Func`3 proceed)
   at FAFS.FAFSTestBaseModule.<>c__DisplayClass2_0.<<SeedTestData>b__0>d.MoveNext() in C:\Users\Santi\OneDrive\Desktop\desarrollo\desarrollo tp\App\test\FAFS.TestBase\FAFSTestBaseModule.cs:line 47
--- End of stack trace from previous location ---
   at Nito.AsyncEx.Synchronous.TaskExtensions.WaitAndUnwrapException(Task task)
   at Nito.AsyncEx.AsyncContext.<>c__DisplayClass15_0.<Run>b__0(Task t)
   at System.Threading.ExecutionContext.RunInternal(ExecutionContext executionContext, ContextCallback callback, Object state)
--- End of stack trace from previous location ---
   at System.Threading.ExecutionContext.RunInternal(ExecutionContext executionContext, ContextCallback callback, Object state)
   at System.Threading.Tasks.Task.ExecuteWithThreadLocal(Task& currentTaskSlot, Thread threadPoolThread)
--- End of stack trace from previous location ---
   at Nito.AsyncEx.Synchronous.TaskExtensions.WaitAndUnwrapException(Task task)
   at Nito.AsyncEx.AsyncContext.Run(Func`1 action)
   at Volo.Abp.Threading.AsyncHelper.RunSync(Func`1 action)
   at FAFS.FAFSTestBaseModule.SeedTestData(ApplicationInitializationContext context) in C:\Users\Santi\OneDrive\Desktop\desarrollo\desarrollo tp\App\test\FAFS.TestBase\FAFSTestBaseModule.cs:line 43
   at FAFS.FAFSTestBaseModule.OnApplicationInitialization(ApplicationInitializationContext context) in C:\Users\Santi\OneDrive\Desktop\desarrollo\desarrollo tp\App\test\FAFS.TestBase\FAFSTestBaseModule.cs:line 38
   at Volo.Abp.Modularity.OnApplicationInitializationModuleLifecycleContributor.Initialize(ApplicationInitializationContext context, IAbpModule module)
   at Volo.Abp.Modularity.ModuleManager.InitializeModules(ApplicationInitializationContext context)
----- Inner Stack Trace -----
   at Autofac.Core.Activators.Reflection.ReflectionActivator.<>c__DisplayClass14_0.<UseSingleConstructorActivation>b__0(ResolveRequestContext context, Action`1 next)
   at Autofac.Core.Resolving.Middleware.DelegateMiddleware.Execute(ResolveRequestContext context, Action`1 next)
   at Autofac.Core.Resolving.Pipeline.ResolvePipelineBuilder.<>c__DisplayClass14_0.<BuildPipeline>b__1(ResolveRequestContext context)
   at Autofac.Core.Resolving.Middleware.DisposalTrackingMiddleware.Execute(ResolveRequestContext context, Action`1 next)
   at Autofac.Core.Resolving.Pipeline.ResolvePipelineBuilder.<>c__DisplayClass14_0.<BuildPipeline>b__1(ResolveRequestContext context)
   at Autofac.Builder.RegistrationBuilder`3.<>c__DisplayClass41_0.<PropertiesAutowired>b__0(ResolveRequestContext context, Action`1 next)
   at Autofac.Core.Resolving.Middleware.DelegateMiddleware.Execute(ResolveRequestContext context, Action`1 next)
   at Autofac.Core.Resolving.Pipeline.ResolvePipelineBuilder.<>c__DisplayClass14_0.<BuildPipeline>b__1(ResolveRequestContext context)
   at Autofac.Extensions.DependencyInjection.KeyedServiceMiddleware.Execute(ResolveRequestContext context, Action`1 next)
   at Autofac.Core.Resolving.Pipeline.ResolvePipelineBuilder.<>c__DisplayClass14_0.<BuildPipeline>b__1(ResolveRequestContext context)
   at Autofac.Core.Resolving.Middleware.ActivatorErrorHandlingMiddleware.Execute(ResolveRequestContext context, Action`1 next)
  Con error FAFS.Application.Tests.Destinations.DestinationRatingAppService_Tests.UpdateRatingAsync_Should_Update_Own_Rating [1 ms]
  Mensaje de error:
   Volo.Abp.AbpInitializationException : An error occurred during the initialize Volo.Abp.Modularity.OnApplicationInitializationModuleLifecycleContributor phase of the module FAFS.FAFSTestBaseModule, FAFS.TestBase, Version=1.0.0.0, Culture=neutral, PublicKeyToken=null: An exception was thrown while activating Volo.Abp.PermissionManagement.PermissionDataSeedContributor -> Volo.Abp.Authorization.Permissions.PermissionDefinitionManager -> Volo.Abp.PermissionManagement.DynamicPermissionDefinitionStore.. See the inner exception for details.
---- Autofac.Core.DependencyResolutionException : An exception was thrown while activating Volo.Abp.PermissionManagement.PermissionDataSeedContributor -> Volo.Abp.Authorization.Permissions.PermissionDefinitionManager -> Volo.Abp.PermissionManagement.DynamicPermissionDefinitionStore.
-------- Autofac.Core.DependencyResolutionException : None of the constructors found on type 'Volo.Abp.PermissionManagement.DynamicPermissionDefinitionStore' can be invoked with the available services and parameters:
Cannot resolve parameter 'Volo.Abp.PermissionManagement.IPermissionGroupDefinitionRecordRepository permissionGroupRepository' of constructor 'Void .ctor(Volo.Abp.PermissionManagement.IPermissionGroupDefinitionRecordRepository, Volo.Abp.PermissionManagement.IPermissionDefinitionRecordRepository, Volo.Abp.PermissionManagement.IPermissionDefinitionSerializer, Volo.Abp.PermissionManagement.IDynamicPermissionDefinitionStoreInMemoryCache, Microsoft.Extensions.Caching.Distributed.IDistributedCache, Microsoft.Extensions.Options.IOptions`1[Volo.Abp.Caching.AbpDistributedCacheOptions], Microsoft.Extensions.Options.IOptions`1[Volo.Abp.PermissionManagement.PermissionManagementOptions], Volo.Abp.DistributedLocking.IAbpDistributedLock)'.

See https://autofac.rtfd.io/help/no-constructors-bindable for more info.
  Seguimiento de la pila:
     at Volo.Abp.Modularity.ModuleManager.InitializeModules(ApplicationInitializationContext context)
   at Volo.Abp.AbpApplicationBase.InitializeModules()
   at Volo.Abp.AbpApplicationWithExternalServiceProvider.Initialize(IServiceProvider serviceProvider)
   at Volo.Abp.Testing.AbpIntegratedTest`1..ctor()
   at FAFS.FAFSTestBase`1..ctor()
   at FAFS.FAFSApplicationTestBase`1..ctor()
   at FAFS.FAFSApplicationTestBase..ctor()
   at FAFS.Application.Tests.Destinations.DestinationRatingAppService_Tests..ctor() in C:\Users\Santi\OneDrive\Desktop\desarrollo\desarrollo tp\App\test\FAFS.Application.Tests\Destinations\DestinationRatingAppService_Tests.cs:line 21
   at System.RuntimeType.CreateInstanceDefaultCtor(Boolean publicOnly, Boolean wrapExceptions)
----- Inner Stack Trace -----
   at Autofac.Core.Resolving.Middleware.ActivatorErrorHandlingMiddleware.Execute(ResolveRequestContext context, Action`1 next)
   at Autofac.Core.Resolving.Pipeline.ResolvePipelineBuilder.<>c__DisplayClass14_0.<BuildPipeline>b__1(ResolveRequestContext context)
   at Autofac.Core.Pipeline.ResolvePipeline.Invoke(ResolveRequestContext context)
   at Autofac.Core.Resolving.Middleware.RegistrationPipelineInvokeMiddleware.Execute(ResolveRequestContext context, Action`1 next)
   at Autofac.Core.Resolving.Pipeline.ResolvePipelineBuilder.<>c__DisplayClass14_0.<BuildPipeline>b__1(ResolveRequestContext context)
   at Autofac.Core.Resolving.Middleware.SharingMiddleware.Execute(ResolveRequestContext context, Action`1 next)
   at Autofac.Core.Resolving.Pipeline.ResolvePipelineBuilder.<>c__DisplayClass14_0.<BuildPipeline>b__1(ResolveRequestContext context)
   at Autofac.Core.Resolving.Pipeline.ResolvePipelineBuilder.<>c__DisplayClass14_0.<BuildPipeline>b__1(ResolveRequestContext context)
   at Autofac.Core.Resolving.Middleware.CircularDependencyDetectorMiddleware.Execute(ResolveRequestContext context, Action`1 next)
   at Autofac.Core.Resolving.Pipeline.ResolvePipelineBuilder.<>c__DisplayClass14_0.<BuildPipeline>b__1(ResolveRequestContext context)
   at Autofac.Core.Pipeline.ResolvePipeline.Invoke(ResolveRequestContext context)
   at Autofac.Core.Resolving.ResolveOperation.GetOrCreateInstance(ISharingLifetimeScope currentOperationScope, ResolveRequest& request)
   at Autofac.Core.Resolving.ResolveOperation.ExecuteOperation(ResolveRequest& request)
   at Autofac.Core.Resolving.ResolveOperation.Execute(ResolveRequest& request)
   at Autofac.Core.Lifetime.LifetimeScope.ResolveComponent(ResolveRequest& request)
   at Autofac.Core.Lifetime.LifetimeScope.Autofac.IComponentContext.ResolveComponent(ResolveRequest& request)
   at Autofac.ResolutionExtensions.TryResolveService(IComponentContext context, Service service, IEnumerable`1 parameters, Object& instance)
   at Autofac.ResolutionExtensions.ResolveService(IComponentContext context, Service service, IEnumerable`1 parameters)
   at Autofac.ResolutionExtensions.Resolve(IComponentContext context, Type serviceType, IEnumerable`1 parameters)
   at Autofac.ResolutionExtensions.Resolve(IComponentContext context, Type serviceType)
   at Autofac.Extensions.DependencyInjection.AutofacServiceProvider.GetRequiredService(Type serviceType)
   at Microsoft.Extensions.DependencyInjection.ServiceProviderServiceExtensions.GetRequiredService(IServiceProvider provider, Type serviceType)
   at Volo.Abp.Data.DataSeeder.SeedAsync(DataSeedContext context)
   at Castle.DynamicProxy.AsyncInterceptorBase.ProceedAsynchronous(IInvocation invocation, IInvocationProceedInfo proceedInfo)
   at Volo.Abp.Castle.DynamicProxy.CastleAbpMethodInvocationAdapter.ProceedAsync()
   at Volo.Abp.Uow.UnitOfWorkInterceptor.InterceptAsync(IAbpMethodInvocation invocation)
   at Volo.Abp.Castle.DynamicProxy.CastleAsyncAbpInterceptorAdapter`1.InterceptAsync(IInvocation invocation, IInvocationProceedInfo proceedInfo, Func`3 proceed)
   at FAFS.FAFSTestBaseModule.<>c__DisplayClass2_0.<<SeedTestData>b__0>d.MoveNext() in C:\Users\Santi\OneDrive\Desktop\desarrollo\desarrollo tp\App\test\FAFS.TestBase\FAFSTestBaseModule.cs:line 47
--- End of stack trace from previous location ---
   at Nito.AsyncEx.Synchronous.TaskExtensions.WaitAndUnwrapException(Task task)
   at Nito.AsyncEx.AsyncContext.<>c__DisplayClass15_0.<Run>b__0(Task t)
   at System.Threading.ExecutionContext.RunInternal(ExecutionContext executionContext, ContextCallback callback, Object state)
--- End of stack trace from previous location ---
   at System.Threading.ExecutionContext.RunInternal(ExecutionContext executionContext, ContextCallback callback, Object state)
   at System.Threading.Tasks.Task.ExecuteWithThreadLocal(Task& currentTaskSlot, Thread threadPoolThread)
--- End of stack trace from previous location ---
   at Nito.AsyncEx.Synchronous.TaskExtensions.WaitAndUnwrapException(Task task)
   at Nito.AsyncEx.AsyncContext.Run(Func`1 action)
   at Volo.Abp.Threading.AsyncHelper.RunSync(Func`1 action)
   at FAFS.FAFSTestBaseModule.SeedTestData(ApplicationInitializationContext context) in C:\Users\Santi\OneDrive\Desktop\desarrollo\desarrollo tp\App\test\FAFS.TestBase\FAFSTestBaseModule.cs:line 43
   at FAFS.FAFSTestBaseModule.OnApplicationInitialization(ApplicationInitializationContext context) in C:\Users\Santi\OneDrive\Desktop\desarrollo\desarrollo tp\App\test\FAFS.TestBase\FAFSTestBaseModule.cs:line 38
   at Volo.Abp.Modularity.OnApplicationInitializationModuleLifecycleContributor.Initialize(ApplicationInitializationContext context, IAbpModule module)
   at Volo.Abp.Modularity.ModuleManager.InitializeModules(ApplicationInitializationContext context)
----- Inner Stack Trace -----
   at Autofac.Core.Activators.Reflection.ReflectionActivator.<>c__DisplayClass14_0.<UseSingleConstructorActivation>b__0(ResolveRequestContext context, Action`1 next)
   at Autofac.Core.Resolving.Middleware.DelegateMiddleware.Execute(ResolveRequestContext context, Action`1 next)
   at Autofac.Core.Resolving.Pipeline.ResolvePipelineBuilder.<>c__DisplayClass14_0.<BuildPipeline>b__1(ResolveRequestContext context)
   at Autofac.Core.Resolving.Middleware.DisposalTrackingMiddleware.Execute(ResolveRequestContext context, Action`1 next)
   at Autofac.Core.Resolving.Pipeline.ResolvePipelineBuilder.<>c__DisplayClass14_0.<BuildPipeline>b__1(ResolveRequestContext context)
   at Autofac.Builder.RegistrationBuilder`3.<>c__DisplayClass41_0.<PropertiesAutowired>b__0(ResolveRequestContext context, Action`1 next)
   at Autofac.Core.Resolving.Middleware.DelegateMiddleware.Execute(ResolveRequestContext context, Action`1 next)
   at Autofac.Core.Resolving.Pipeline.ResolvePipelineBuilder.<>c__DisplayClass14_0.<BuildPipeline>b__1(ResolveRequestContext context)
   at Autofac.Extensions.DependencyInjection.KeyedServiceMiddleware.Execute(ResolveRequestContext context, Action`1 next)
   at Autofac.Core.Resolving.Pipeline.ResolvePipelineBuilder.<>c__DisplayClass14_0.<BuildPipeline>b__1(ResolveRequestContext context)
   at Autofac.Core.Resolving.Middleware.ActivatorErrorHandlingMiddleware.Execute(ResolveRequestContext context, Action`1 next)

Con error! - Con error:     7, Superado:     4, Omitido:     1, Total:    12, Duraci├│n: 748 ms - FAFS.Application.Tests.dll (net9.0)
